Component: ARM Compiler 5.05 update 1 (build 106) Tool: armlink [4d0efa]

==============================================================================

Section Cross References

    startup_stm32f10x_hd.o(RESET) refers to startup_stm32f10x_hd.o(STACK) for __initial_sp
    startup_stm32f10x_hd.o(RESET) refers to startup_stm32f10x_hd.o(.text) for Reset_Handler
    startup_stm32f10x_hd.o(RESET) refers to stm32f10x_it.o(i.NMI_Handler) for NMI_Handler
    startup_stm32f10x_hd.o(RESET) refers to stm32f10x_it.o(i.HardFault_Handler) for HardFault_Handler
    startup_stm32f10x_hd.o(RESET) refers to stm32f10x_it.o(i.MemManage_Handler) for MemManage_Handler
    startup_stm32f10x_hd.o(RESET) refers to stm32f10x_it.o(i.BusFault_Handler) for BusFault_Handler
    startup_stm32f10x_hd.o(RESET) refers to stm32f10x_it.o(i.UsageFault_Handler) for UsageFault_Handler
    startup_stm32f10x_hd.o(RESET) refers to stm32f10x_it.o(i.SVC_Handler) for SVC_Handler
    startup_stm32f10x_hd.o(RESET) refers to stm32f10x_it.o(i.DebugMon_Handler) for DebugMon_Handler
    startup_stm32f10x_hd.o(RESET) refers to stm32f10x_it.o(i.PendSV_Handler) for PendSV_Handler
    startup_stm32f10x_hd.o(RESET) refers to stm32f10x_it.o(i.SysTick_Handler) for SysTick_Handler
    startup_stm32f10x_hd.o(RESET) refers to vl53l0x_it.o(i.EXTI4_IRQHandler) for EXTI4_IRQHandler
    startup_stm32f10x_hd.o(RESET) refers to ec_timer.o(i.TIM2_IRQHandler) for TIM2_IRQHandler
    startup_stm32f10x_hd.o(RESET) refers to ec_usart.o(i.USART1_IRQHandler) for USART1_IRQHandler
    startup_stm32f10x_hd.o(.text) refers to system_stm32f10x.o(i.SystemInit) for SystemInit
    startup_stm32f10x_hd.o(.text) refers to entry.o(.ARM.Collect$$$$00000000) for __main
    main.o(i.main) refers to stack.o(i.CreateStack) for CreateStack
    main.o(i.main) refers to ec_delay.o(i.Delay_Initialize) for Delay_Initialize
    main.o(i.main) refers to ec_usart.o(i.Uart1_Initialize) for Uart1_Initialize
    main.o(i.main) refers to ec_led.o(i.Led_Initialize) for Led_Initialize
    main.o(i.main) refers to ec_delay.o(i.Delay_ms) for Delay_ms
    main.o(i.main) refers to ec_motor.o(i.Motor_Initialize) for Motor_Initialize
    main.o(i.main) refers to misc.o(i.NVIC_PriorityGroupConfig) for NVIC_PriorityGroupConfig
    main.o(i.main) refers to vl53l0x.o(i.vl53l0x_init) for vl53l0x_init
    main.o(i.main) refers to printfa.o(i.__0printf) for __2printf
    main.o(i.main) refers to vl53l0x_gen.o(i.vl53l0x_set_mode) for vl53l0x_set_mode
    main.o(i.main) refers to vl53l0x.o(i.One_measurement) for One_measurement
    main.o(i.main) refers to vl53l0x.o(i.vl53l0x_init_2) for vl53l0x_init_2
    main.o(i.main) refers to vl53l0x.o(i.One_measurement2) for One_measurement2
    main.o(i.main) refers to vl53l0x.o(i.vl53l0x_info) for vl53l0x_info
    main.o(i.main) refers to vl53l0x.o(i.vl53l0x_info2) for vl53l0x_info2
    main.o(i.main) refers to ec_motor.o(i.Motor_EnableDriver) for Motor_EnableDriver
    main.o(i.main) refers to control.o(i.move_ahead) for move_ahead
    main.o(i.main) refers to stmflash.o(i.STMFLASH_Write) for STMFLASH_Write
    main.o(i.main) refers to ec_led.o(i.Led_On) for Led_On
    main.o(i.main) refers to stmflash.o(i.STMFLASH_Read) for STMFLASH_Read
    main.o(i.main) refers to mpu6050.o(i.Read_DMP) for Read_DMP
    main.o(i.main) refers to f2d.o(.text) for __aeabi_f2d
    main.o(i.main) refers to vl53l0x.o(.bss) for vl53l0x_dev
    main.o(i.main) refers to main.o(.constdata) for TEXT_Buffer
    main.o(i.main) refers to control.o(.data) for Yaw
    ec_led.o(i.Led_Initialize) refers to stm32f10x_rcc.o(i.RCC_APB2PeriphClockCmd) for RCC_APB2PeriphClockCmd
    ec_led.o(i.Led_Initialize) refers to stm32f10x_gpio.o(i.GPIO_Init) for GPIO_Init
    ec_led.o(i.Led_On) refers to stm32f10x_gpio.o(i.GPIO_SetBits) for GPIO_SetBits
    ec_led.o(i.Led_On) refers to stm32f10x_gpio.o(i.GPIO_ResetBits) for GPIO_ResetBits
    ec_motor.o(i.Motor_Config) refers to ec_motor.o(i.GetTIM_Index) for GetTIM_Index
    ec_motor.o(i.Motor_Config) refers to stm32f10x_rcc.o(i.RCC_APB2PeriphClockCmd) for RCC_APB2PeriphClockCmd
    ec_motor.o(i.Motor_Config) refers to stm32f10x_rcc.o(i.RCC_APB1PeriphClockCmd) for RCC_APB1PeriphClockCmd
    ec_motor.o(i.Motor_Config) refers to stm32f10x_rcc.o(i.RCC_GetClocksFreq) for RCC_GetClocksFreq
    ec_motor.o(i.Motor_Config) refers to stm32f10x_tim.o(i.TIM_TimeBaseInit) for TIM_TimeBaseInit
    ec_motor.o(i.Motor_Config) refers to stm32f10x_tim.o(i.TIM_OC1Init) for TIM_OC1Init
    ec_motor.o(i.Motor_Config) refers to stm32f10x_tim.o(i.TIM_OC1PreloadConfig) for TIM_OC1PreloadConfig
    ec_motor.o(i.Motor_Config) refers to stm32f10x_tim.o(i.TIM_BDTRConfig) for TIM_BDTRConfig
    ec_motor.o(i.Motor_Config) refers to stm32f10x_tim.o(i.TIM_CtrlPWMOutputs) for TIM_CtrlPWMOutputs
    ec_motor.o(i.Motor_Config) refers to stm32f10x_gpio.o(i.GPIO_Init) for GPIO_Init
    ec_motor.o(i.Motor_Config) refers to stm32f10x_tim.o(i.TIM_Cmd) for TIM_Cmd
[...]
    i.gengsui2                               0x080070b8   Section        0  control.o(i.gengsui2)
    i.get_distance                           0x08007198   Section        0  control.o(i.get_distance)
    i.get_next_good_spad                     0x08007228   Section        0  vl53l0x_api_calibration.o(i.get_next_good_spad)
    i.get_ref_spad_map                       0x08007290   Section        0  vl53l0x_api_calibration.o(i.get_ref_spad_map)
    i.get_sequence_step_timeout              0x080072a8   Section        0  vl53l0x_api_core.o(i.get_sequence_step_timeout)
    i.go_anywhere                            0x080073cc   Section        0  control.o(i.go_anywhere)
    i.go_right                               0x080075a8   Section        0  control.o(i.go_right)
    i.i2cRead                                0x0800761a   Section        0  ioi2c_1.o(i.i2cRead)
    i.i2cWrite                               0x08007690   Section        0  ioi2c_1.o(i.i2cWrite)
    i.is_aperture                            0x080076f0   Section        0  vl53l0x_api_calibration.o(i.is_aperture)
    i.main                                   0x08007708   Section        0  main.o(i.main)
    i.malloc                                 0x08007918   Section        0  malloc.o(i.malloc)
    i.move_ahead                             0x08007984   Section        0  control.o(i.move_ahead)
    i.move_time                              0x08007b64   Section        0  control.o(i.move_time)
    i.mpu_read_fifo_stream                   0x08007ba4   Section        0  inv_mpu.o(i.mpu_read_fifo_stream)
    i.mpu_reset_fifo                         0x08007c64   Section        0  inv_mpu.o(i.mpu_reset_fifo)
    i.myget_ms                               0x08007e20   Section        0  inv_mpu.o(i.myget_ms)
    i.perform_ref_signal_measurement         0x08007e22   Section        0  vl53l0x_api_calibration.o(i.perform_ref_signal_measurement)
    i.print_pal_error                        0x08007e90   Section        0  vl53l0x.o(i.print_pal_error)
    i.sequence_step_enabled                  0x08007ec4   Section        0  vl53l0x_api.o(i.sequence_step_enabled)
    i.set_direction                          0x08007f0c   Section        0  control.o(i.set_direction)
    i.set_ref_spad_map                       0x0800800c   Section        0  vl53l0x_api_calibration.o(i.set_ref_spad_map)
    i.set_sequence_step_timeout              0x08008024   Section        0  vl53l0x_api_core.o(i.set_sequence_step_timeout)
    i.sin                                    0x08008158   Section        0  sin.o(i.sin)
    i.sqrt                                   0x080081f8   Section        0  sqrt.o(i.sqrt)
    i.vl53l0x_Addr_set                       0x08008244   Section        0  vl53l0x.o(i.vl53l0x_Addr_set)
    i.vl53l0x_info                           0x080082e8   Section        0  vl53l0x.o(i.vl53l0x_info)
    i.vl53l0x_info2                          0x080083ec   Section        0  vl53l0x.o(i.vl53l0x_info2)
    i.vl53l0x_init                           0x080084f0   Section        0  vl53l0x.o(i.vl53l0x_init)
    i.vl53l0x_init_2                         0x080085c4   Section        0  vl53l0x.o(i.vl53l0x_init_2)
    i.vl53l0x_set_mode                       0x080086b0   Section        0  vl53l0x_gen.o(i.vl53l0x_set_mode)
    .constdata                               0x080087d8   Section       17  main.o(.constdata)
    .constdata                               0x080087ec   Section       80  inv_mpu.o(.constdata)
    .constdata                               0x08008840   Section       80  asin.o(.constdata)
    pS                                       0x08008840   Data          48  asin.o(.constdata)
    qS                                       0x08008870   Data          32  asin.o(.constdata)
    .constdata                               0x08008890   Section      152  atan.o(.constdata)
    atanhi                                   0x08008890   Data          32  atan.o(.constdata)
    atanlo                                   0x080088b0   Data          32  atan.o(.constdata)
    aTodd                                    0x080088d0   Data          40  atan.o(.constdata)
    aTeven                                   0x080088f8   Data          48  atan.o(.constdata)
    .constdata                               0x08008928   Section       48  cos_i.o(.constdata)
    C                                        0x08008928   Data          48  cos_i.o(.constdata)
    .constdata                               0x08008958   Section        8  qnan.o(.constdata)
    .constdata                               0x08008960   Section      200  rred.o(.constdata)
    pio2s                                    0x08008960   Data          48  rred.o(.constdata)
    twooverpi                                0x08008990   Data         152  rred.o(.constdata)
    .constdata                               0x08008a28   Section       40  sin_i.o(.constdata)
    S                                        0x08008a28   Data          40  sin_i.o(.constdata)
    .data                                    0x20000000   Section        1  ec_timer.o(.data)
    on                                       0x20000000   Data           1  ec_timer.o(.data)
    .data                                    0x20000004   Section        8  ec_usart.o(.data)
    .data                                    0x2000000c   Section        4  ec_delay.o(.data)
    fac_us                                   0x2000000c   Data           1  ec_delay.o(.data)
    fac_ms                                   0x2000000e   Data           2  ec_delay.o(.data)
    .data                                    0x20000010   Section       20  system_stm32f10x.o(.data)
    .data                                    0x20000024   Section       24  control.o(.data)
    .data                                    0x2000003c   Section       20  stm32f10x_rcc.o(.data)
    APBAHBPrescTable                         0x2000003c   Data          16  stm32f10x_rcc.o(.data)
    ADCPrescTable                            0x2000004c   Data           4  stm32f10x_rcc.o(.data)
    .data                                    0x20000050   Section       44  inv_mpu.o(.data)
    st                                       0x20000050   Data          44  inv_mpu.o(.data)
    .data                                    0x2000007c   Section       48  mpu6050.o(.data)
    gyro_orientation                         0x2000009c   Data           9  mpu6050.o(.data)
    .data                                    0x200000ac   Section      681  vl53l0x_api.o(.data)
    .data                                    0x20000358   Section       16  vl53l0x_api_calibration.o(.data)
    .data                                    0x20000368   Section       57  vl53l0x.o(.data)
    .data                                    0x200003a4   Section       13  vl53l0x_it.o(.data)
    .data                                    0x200003b4   Section        4  mvars.o(.data)
    .data                                    0x200003b8   Section        4  mvars.o(.data)
    .data                                    0x200003bc   Section        4  errno.o(.data)
    _errno                                   0x200003bc   Data           4  errno.o(.data)
    .bss                                     0x200003c0   Section      200  ec_usart.o(.bss)
    .bss                                     0x20000488   Section     2048  stmflash.o(.bss)
    .bss                                     0x20000c88   Section       16  inv_mpu_dmp_motion_driver.o(.bss)
    dmp                                      0x20000c88   Data          16  inv_mpu_dmp_motion_driver.o(.bss)
    .bss                                     0x20000c98   Section     1353  vl53l0x.o(.bss)
    .bss                                     0x200011e4   Section      116  vl53l0x_gen.o(.bss)
    buf                                      0x20001238   Data          32  vl53l0x_gen.o(.bss)
    HEAP                                     0x20001258   Section      512  startup_stm32f10x_hd.o(HEAP)
    STACK                                    0x20001458   Section     1024  startup_stm32f10x_hd.o(STACK)

    Global Symbols

    Symbol Name                              Value     Ov Type        Size  Object(Section)

    BuildAttributes$$THM_ISAv4$P$D$K$B$S$PE$A:L22UL41UL21$X:L11$S22US41US21$IEEE1$IW$USESV6$~STKCKD$USESV7$~SHL$OTIME$ROPI$IEEEX$EBA8$MICROLIB$REQ8$PRES8$EABIv2 0x00000000   Number         0  anon$$obj.o ABSOLUTE
    __ARM_use_no_argv                        0x00000000   Number         0  main.o ABSOLUTE
    __use_no_errno                           0x00000000   Number         0  useno.o ABSOLUTE
    __use_no_exception_handling              0x00000000   Number         0  useno.o ABSOLUTE
    __use_no_fp                              0x00000000   Number         0  useno.o ABSOLUTE
    __use_no_heap                            0x00000000   Number         0  useno.o ABSOLUTE
    __use_no_heap_region                     0x00000000   Number         0  useno.o ABSOLUTE
    __use_no_semihosting                     0x00000000   Number         0  useno.o ABSOLUTE
    __use_no_semihosting_swi                 0x00000000   Number         0  useno.o ABSOLUTE
    __use_no_signal_handling                 0x00000000   Number         0  useno.o ABSOLUTE
    _printf_a                                0x00000000   Number         0  stubs.o ABSOLUTE
    _printf_c                                0x00000000   Number         0  stubs.o ABSOLUTE
    _printf_charcount                        0x00000000   Number         0  stubs.o ABSOLUTE
    _printf_d                                0x00000000   Number         0  stubs.o ABSOLUTE
    _printf_e                                0x00000000   Number         0  stubs.o ABSOLUTE
    _printf_f                                0x00000000   Number         0  stubs.o ABSOLUTE
    _printf_flags                            0x00000000   Number         0  stubs.o ABSOLUTE
    _printf_fp_dec                           0x00000000   Number         0  stubs.o ABSOLUTE
    _printf_fp_hex                           0x00000000   Number         0  stubs.o ABSOLUTE
    _printf_g                                0x00000000   Number         0  stubs.o ABSOLUTE
    _printf_i                                0x00000000   Number         0  stubs.o ABSOLUTE
    _printf_int_dec                          0x00000000   Number         0  stubs.o ABSOLUTE
    _printf_l                                0x00000000   Number         0  stubs.o ABSOLUTE
    _printf_lc                               0x00000000   Number         0  stubs.o ABSOLUTE
    _printf_ll                               0x00000000   Number         0  stubs.o ABSOLUTE
    _printf_lld                              0x00000000   Number         0  stubs.o ABSOLUTE
    _printf_lli                              0x00000000   Number         0  stubs.o ABSOLUTE
    _printf_llo                              0x00000000   Number         0  stubs.o ABSOLUTE
    _printf_llu                              0x00000000   Number         0  stubs.o ABSOLUTE
    _printf_llx                              0x00000000   Number         0  stubs.o ABSOLUTE
    _printf_longlong_dec                     0x00000000   Number         0  stubs.o ABSOLUTE
    _printf_longlong_hex                     0x00000000   Number         0  stubs.o ABSOLUTE
    _printf_longlong_oct                     0x00000000   Number         0  stubs.o ABSOLUTE
    _printf_ls                               0x00000000   Number         0  stubs.o ABSOLUTE
    _printf_mbtowc                           0x00000000   Number         0  stubs.o ABSOLUTE
    _printf_n                                0x00000000   Number         0  stubs.o ABSOLUTE
    _printf_o                                0x00000000   Number         0  stubs.o ABSOLUTE
    _printf_p                                0x00000000   Number         0  stubs.o ABSOLUTE
    _printf_percent                          0x00000000   Number         0  stubs.o ABSOLUTE
    _printf_pre_padding                      0x00000000   Number         0  stubs.o ABSOLUTE
    _printf_return_value                     0x00000000   Number         0  stubs.o ABSOLUTE
    _printf_s                                0x00000000   Number         0  stubs.o ABSOLUTE
    _printf_sizespec                         0x00000000   Number         0  stubs.o ABSOLUTE
    _printf_str                              0x00000000   Number         0  stubs.o ABSOLUTE
    _printf_truncate_signed                  0x00000000   Number         0  stubs.o ABSOLUTE
    _printf_truncate_unsigned                0x00000000   Number         0  stubs.o ABSOLUTE
    _printf_u                                0x00000000   Number         0  stubs.o ABSOLUTE
    _printf_wc                               0x00000000   Number         0  stubs.o ABSOLUTE
    _printf_wctomb                           0x00000000   Number         0  stubs.o ABSOLUTE
    _printf_widthprec                        0x00000000   Number         0  stubs.o ABSOLUTE
    _printf_x                                0x00000000   Number         0  stubs.o ABSOLUTE
    __cpp_initialize__aeabi_                  - Undefined Weak Reference
    __cxa_finalize                            - Undefined Weak Reference
    _clock_init                               - Undefined Weak Reference
    _microlib_exit                            - Undefined Weak Reference
    __Vectors_Size                           0x00000130   Number         0  startup_stm32f10x_hd.o ABSOLUTE
    __Vectors                                0x08000000   Data           4  startup_stm32f10x_hd.o(RESET)
    __Vectors_End                            0x08000130   Data           0  startup_stm32f10x_hd.o(RESET)
    __main                                   0x08000131   Thumb Code     0  entry.o(.ARM.Collect$$$$00000000)
    _main_stk                                0x08000131   Thumb Code     0  entry2.o(.ARM.Collect$$$$00000001)
    _main_scatterload                        0x08000135   Thumb Code     0  entry5.o(.ARM.Collect$$$$00000004)
    __main_after_scatterload                 0x08000139   Thumb Code     0  entry5.o(.ARM.Collect$$$$00000004)
    _main_clock                              0x08000139   Thumb Code     0  entry7b.o(.ARM.Collect$$$$00000008)
    _main_cpp_init                           0x08000139   Thumb Code     0  entry8b.o(.ARM.Collect$$$$0000000A)
    _main_init                               0x08000139   Thumb Code     0  entry9a.o(.ARM.Collect$$$$0000000B)
    __rt_final_cpp                           0x08000141   Thumb Code     0  entry10a.o(.ARM.Collect$$$$0000000D)
    __rt_final_exit                          0x08000141   Thumb Code     0  entry11a.o(.ARM.Collect$$$$0000000F)
    Reset_Handler                            0x08000145   Thumb Code     8  startup_stm32f10x_hd.o(.text)
    ADC1_2_IRQHandler                        0x0800015f   Thumb Code     0  startup_stm32f10x_hd.o(.text)
    ADC3_IRQHandler                          0x0800015f   Thumb Code     0  startup_stm32f10x_hd.o(.text)
    CAN1_RX1_IRQHandler                      0x0800015f   Thumb Code     0  startup_stm32f10x_hd.o(.text)
    CAN1_SCE_IRQHandler                      0x0800015f   Thumb Code     0  startup_stm32f10x_hd.o(.text)
    DMA1_Channel1_IRQHandler                 0x0800015f   Thumb Code     0  startup_stm32f10x_hd.o(.text)
    DMA1_Channel2_IRQHandler                 0x0800015f   Thumb Code     0  startup_stm32f10x_hd.o(.text)
    DMA1_Channel3_IRQHandler                 0x0800015f   Thumb Code     0  startup_stm32f10x_hd.o(.text)
    DMA1_Channel4_IRQHandler                 0x0800015f   Thumb Code     0  startup_stm32f10x_hd.o(.text)
    DMA1_Channel5_IRQHandler                 0x0800015f   Thumb Code     0  startup_stm32f10x_hd.o(.text)
    DMA1_Channel6_IRQHandler                 0x0800015f   Thumb Code     0  startup_stm32f10x_hd.o(.text)
    DMA1_Channel7_IRQHandler                 0x0800015f   Thumb Code     0  startup_stm32f10x_hd.o(.text)
    DMA2_Channel1_IRQHandler                 0x0800015f   Thumb Code     0  startup_stm32f10x_hd.o(.text)
    DMA2_Channel2_IRQHandler                 0x0800015f   Thumb Code     0  startup_stm32f10x_hd.o(.text)
    DMA2_Channel3_IRQHandler                 0x0800015f   Thumb Code     0  startup_stm32f10x_hd.o(.text)
    DMA2_Channel4_5_IRQHandler               0x0800015f   Thumb Code     0  startup_stm32f10x_hd.o(.text)
    EXTI0_IRQHandler                         0x0800015f   Thumb Code     0  startup_stm32f10x_hd.o(.text)
    EXTI15_10_IRQHandler                     0x0800015f   Thumb Code     0  startup_stm32f10x_hd.o(.text)
    EXTI1_IRQHandler                         0x0800015f   Thumb Code     0  startup_stm32f10x_hd.o(.text)
    EXTI2_IRQHandler                         0x0800015f   Thumb Code     0  startup_stm32f10x_hd.o(.text)
    EXTI3_IRQHandler                         0x0800015f   Thumb Code     0  startup_stm32f10x_hd.o(.text)
    EXTI9_5_IRQHandler                       0x0800015f   Thumb Code     0  startup_stm32f10x_hd.o(.text)
    FLASH_IRQHandler                         0x0800015f   Thumb Code     0  startup_stm32f10x_hd.o(.text)
    FSMC_IRQHandler                          0x0800015f   Thumb Code     0  startup_stm32f10x_hd.o(.text)
    I2C1_ER_IRQHandler                       0x0800015f   Thumb Code     0  startup_stm32f10x_hd.o(.text)
    I2C1_EV_IRQHandler                       0x0800015f   Thumb Code     0  startup_stm32f10x_hd.o(.text)
    I2C2_ER_IRQHandler                       0x0800015f   Thumb Code     0  startup_stm32f10x_hd.o(.text)
    I2C2_EV_IRQHandler                       0x0800015f   Thumb Code     0  startup_stm32f10x_hd.o(.text)
    PVD_IRQHandler                           0x0800015f   Thumb Code     0  startup_stm32f10x_hd.o(.text)
    RCC_IRQHandler                           0x0800015f   Thumb Code     0  startup_stm32f10x_hd.o(.text)
    RTCAlarm_IRQHandler                      0x0800015f   Thumb Code     0  startup_stm32f10x_hd.o(.text)
    RTC_IRQHandler                           0x0800015f   Thumb Code     0  startup_stm32f10x_hd.o(.text)
    SDIO_IRQHandler                          0x0800015f   Thumb Code     0  startup_stm32f10x_hd.o(.text)
    SPI1_IRQHandler                          0x0800015f   Thumb Code     0  startup_stm32f10x_hd.o(.text)
    SPI2_IRQHandler                          0x0800015f   Thumb Code     0  startup_stm32f10x_hd.o(.text)
    SPI3_IRQHandler                          0x0800015f   Thumb Code     0  startup_stm32f10x_hd.o(.text)
    TAMPER_IRQHandler                        0x0800015f   Thumb Code     0  startup_stm32f10x_hd.o(.text)
    TIM1_BRK_IRQHandler                      0x0800015f   Thumb Code     0  startup_stm32f10x_hd.o(.text)
    TIM1_CC_IRQHandler                       0x0800015f   Thumb Code     0  startup_stm32f10x_hd.o(.text)
    TIM1_TRG_COM_IRQHandler                  0x0800015f   Thumb Code     0  startup_stm32f10x_hd.o(.text)
    TIM1_UP_IRQHandler                       0x0800015f   Thumb Code     0  startup_stm32f10x_hd.o(.text)
    TIM3_IRQHandler                          0x0800015f   Thumb Code     0  startup_stm32f10x_hd.o(.text)
    TIM4_IRQHandler                          0x0800015f   Thumb Code     0  startup_stm32f10x_hd.o(.text)
    TIM5_IRQHandler                          0x0800015f   Thumb Code     0  startup_stm32f10x_hd.o(.text)
    TIM6_IRQHandler                          0x0800015f   Thumb Code     0  startup_stm32f10x_hd.o(.text)
    TIM7_IRQHandler                          0x0800015f   Thumb Code     0  startup_stm32f10x_hd.o(.text)
    TIM8_BRK_IRQHandler                      0x0800015f   Thumb Code     0  startup_stm32f10x_hd.o(.text)
    TIM8_CC_IRQHandler                       0x0800015f   Thumb Code     0  startup_stm32f10x_hd.o(.text)
    TIM8_TRG_COM_IRQHandler                  0x0800015f   Thumb Code     0  startup_stm32f10x_hd.o(.text)
    TIM8_UP_IRQHandler                       0x0800015f   Thumb Code     0  startup_stm32f10x_hd.o(.text)
    UART4_IRQHandler                         0x0800015f   Thumb Code     0  startup_stm32f10x_hd.o(.text)
    UART5_IRQHandler                         0x0800015f   Thumb Code     0  startup_stm32f10x_hd.o(.text)
    USART2_IRQHandler                        0x0800015f   Thumb Code     0  startup_stm32f10x_hd.o(.text)
    USART3_IRQHandler                        0x0800015f   Thumb Code     0  startup_stm32f10x_hd.o(.text)
    USBWakeUp_IRQHandler                     0x0800015f   Thumb Code     0  startup_stm32f10x_hd.o(.text)
    USB_HP_CAN1_TX_IRQHandler                0x0800015f   Thumb Code     0  startup_stm32f10x_hd.o(.text)
    USB_LP_CAN1_RX0_IRQHandler               0x0800015f   Thumb Code     0  startup_stm32f10x_hd.o(.text)
    WWDG_IRQHandler                          0x0800015f   Thumb Code     0  startup_stm32f10x_hd.o(.text)
    __aeabi_memcpy                           0x08000169   Thumb Code    36  memcpya.o(.text)
    __aeabi_memcpy4                          0x08000169   Thumb Code     0  memcpya.o(.text)
    __aeabi_memcpy8                          0x08000169   Thumb Code     0  memcpya.o(.text)
    __aeabi_memset                           0x0800018d   Thumb Code    14  memseta.o(.text)
    __aeabi_memset4                          0x0800018d   Thumb Code     0  memseta.o(.text)
    __aeabi_memset8                          0x0800018d   Thumb Code     0  memseta.o(.text)
    __aeabi_memclr                           0x0800019b   Thumb Code     4  memseta.o(.text)
    __aeabi_memclr4                          0x0800019b   Thumb Code     0  memseta.o(.text)
    __aeabi_memclr8                          0x0800019b   Thumb Code     0  memseta.o(.text)
    _memset$wrapper                          0x0800019f   Thumb Code    18  memseta.o(.text)
    strcpy                                   0x080001b1   Thumb Code    18  strcpy.o(.text)
    __aeabi_fadd                             0x080001c3   Thumb Code   164  fadd.o(.text)
    __aeabi_fsub                             0x08000267   Thumb Code     6  fadd.o(.text)
    __aeabi_frsub                            0x0800026d   Thumb Code     6  fadd.o(.text)
    __aeabi_fmul                             0x08000273   Thumb Code   100  fmul.o(.text)
    __aeabi_fdiv                             0x080002d7   Thumb Code   124  fdiv.o(.text)
    __aeabi_dadd                             0x08000353   Thumb Code   322  dadd.o(.text)
    __aeabi_dsub                             0x08000495   Thumb Code     6  dadd.o(.text)
    __aeabi_drsub                            0x0800049b   Thumb Code     6  dadd.o(.text)
    __aeabi_dmul                             0x080004a1   Thumb Code   228  dmul.o(.text)
    __aeabi_ddiv                             0x08000585   Thumb Code   222  ddiv.o(.text)
    __aeabi_i2f                              0x08000663   Thumb Code    18  fflti.o(.text)
    __aeabi_ui2f                             0x08000675   Thumb Code    10  ffltui.o(.text)
    __aeabi_i2d                              0x0800067f   Thumb Code    34  dflti.o(.text)
    __aeabi_d2iz                             0x080006a1   Thumb Code    62  dfixi.o(.text)
    __aeabi_f2d                              0x080006df   Thumb Code    38  f2d.o(.text)
    __aeabi_d2f                              0x08000705   Thumb Code    56  d2f.o(.text)
    __aeabi_uidiv                            0x0800073d   Thumb Code     0  uidiv.o(.text)
    __aeabi_uidivmod                         0x0800073d   Thumb Code    44  uidiv.o(.text)
    __aeabi_uldivmod                         0x08000769   Thumb Code    98  uldiv.o(.text)
    __aeabi_llsl                             0x080007cb   Thumb Code    30  llshl.o(.text)
    _ll_shift_l                              0x080007cb   Thumb Code     0  llshl.o(.text)
    __aeabi_llsr                             0x080007e9   Thumb Code    32  llushr.o(.text)
    _ll_ushift_r                             0x080007e9   Thumb Code     0  llushr.o(.text)
    __aeabi_lasr                             0x08000809   Thumb Code    36  llsshr.o(.text)
    _ll_sshift_r                             0x08000809   Thumb Code     0  llsshr.o(.text)
    __I$use$fp                               0x0800082d   Thumb Code     0  iusefp.o(.text)
    _float_round                             0x0800082d   Thumb Code    18  fepilogue.o(.text)
    _float_epilogue                          0x0800083f   Thumb Code    92  fepilogue.o(.text)
    _double_round                            0x0800089b   Thumb Code    30  depilogue.o(.text)
    _double_epilogue                         0x080008b9   Thumb Code   156  depilogue.o(.text)
    __ARM_scalbn                             0x08000955   Thumb Code    46  dscalb.o(.text)
    scalbn                                   0x08000955   Thumb Code     0  dscalb.o(.text)
    _dsqrt                                   0x08000983   Thumb Code   162  dsqrt.o(.text)
    __aeabi_d2ulz                            0x08000a25   Thumb Code    48  dfixul.o(.text)
    __aeabi_cdrcmple                         0x08000a55   Thumb Code    48  cdrcmple.o(.text)
    __scatterload                            0x08000a85   Thumb Code    28  init.o(.text)
    __scatterload_rt2                        0x08000a85   Thumb Code     0  init.o(.text)
    __aeabi_ui2d                             0x08000aa9   Thumb Code    26  dfltui.o(.text)
    __decompress                             0x08000ac3   Thumb Code     0  __dczerorl2.o(.text)
    __decompress1                            0x08000ac3   Thumb Code    86  __dczerorl2.o(.text)
    BusFault_Handler                         0x08000b19   Thumb Code     4  stm32f10x_it.o(i.BusFault_Handler)
    CreateStack                              0x08000b1d   Thumb Code    30  stack.o(i.CreateStack)
    DebugMon_Handler                         0x08000b4d   Thumb Code     2  stm32f10x_it.o(i.DebugMon_Handler)
    Delay_Initialize                         0x08000b51   Thumb Code    50  ec_delay.o(i.Delay_Initialize)
    Delay_ms                                 0x08000b95   Thumb Code    72  ec_delay.o(i.Delay_ms)
    Delay_us                                 0x08000be1   Thumb Code    72  ec_delay.o(i.Delay_us)
    EXTI4_IRQHandler                         0x08000c2d   Thumb Code    22  vl53l0x_it.o(i.EXTI4_IRQHandler)
    EXTI_ClearITPendingBit                   0x08000c55   Thumb Code     6  stm32f10x_exti.o(i.EXTI_ClearITPendingBit)
    FLASH_ErasePage                          0x08000c61   Thumb Code    72  stm32f10x_flash.o(i.FLASH_ErasePage)
    FLASH_GetBank1Status                     0x08000cad   Thumb Code    48  stm32f10x_flash.o(i.FLASH_GetBank1Status)
    FLASH_Lock                               0x08000ce1   Thumb Code    14  stm32f10x_flash.o(i.FLASH_Lock)
    FLASH_ProgramHalfWord                    0x08000cf5   Thumb Code    60  stm32f10x_flash.o(i.FLASH_ProgramHalfWord)
    FLASH_Unlock                             0x08000d35   Thumb Code    12  stm32f10x_flash.o(i.FLASH_Unlock)
    FLASH_WaitForLastOperation               0x08000d4d   Thumb Code    38  stm32f10x_flash.o(i.FLASH_WaitForLastOperation)
    GPIO_Init                                0x08000d73   Thumb Code   278  stm32f10x_gpio.o(i.GPIO_Init)
    GPIO_ResetBits                           0x08000e89   Thumb Code     4  stm32f10x_gpio.o(i.GPIO_ResetBits)
    GPIO_SetBits                             0x08000e8d   Thumb Code     4  stm32f10x_gpio.o(i.GPIO_SetBits)
    GetTIM_Index                             0x08000e91   Thumb Code    30  ec_motor.o(i.GetTIM_Index)
    HardFault_Handler                        0x08000eb9   Thumb Code     4  stm32f10x_it.o(i.HardFault_Handler)
    IIC_Ack                                  0x08000ebd   Thumb Code    64  ioi2c_1.o(i.IIC_Ack)
    IIC_NAck                                 0x08000f09   Thumb Code    62  ioi2c_1.o(i.IIC_NAck)
    IIC_Read_Byte                            0x08000f55   Thumb Code    98  ioi2c_1.o(i.IIC_Read_Byte)
    IIC_Send_Byte                            0x08000fc5   Thumb Code    88  ioi2c_1.o(i.IIC_Send_Byte)
    IIC_Start                                0x08001029   Thumb Code    92  ioi2c_1.o(i.IIC_Start)
    IIC_Stop                                 0x08001091   Thumb Code    60  ioi2c_1.o(i.IIC_Stop)
    IIC_Wait_Ack                             0x080010d9   Thumb Code    92  ioi2c_1.o(i.IIC_Wait_Ack)
    Led_Initialize                           0x08001141   Thumb Code    40  ec_led.o(i.Led_Initialize)
    Led_On                                   0x0800116d   Thumb Code    30  ec_led.o(i.Led_On)
    MemManage_Handler                        0x08001191   Thumb Code     4  stm32f10x_it.o(i.MemManage_Handler)
    Motor_Config                             0x08001195   Thumb Code   326  ec_motor.o(i.Motor_Config)
    Motor_Config1                            0x080012e1   Thumb Code   786  ec_motor.o(i.Motor_Config1)
    Motor_EnableDriver                       0x080015f9   Thumb Code    26  ec_motor.o(i.Motor_EnableDriver)
    Motor_Initialize                         0x08001619   Thumb Code    72  ec_motor.o(i.Motor_Initialize)
    Motor_SetCCW                             0x08001669   Thumb Code    92  ec_motor.o(i.Motor_SetCCW)
    Motor_Stop                               0x080016cd   Thumb Code    28  ec_motor.o(i.Motor_Stop)
    NMI_Handler                              0x080016e9   Thumb Code     2  stm32f10x_it.o(i.NMI_Handler)
    NVIC_Init                                0x080016ed   Thumb Code   100  misc.o(i.NVIC_Init)
    NVIC_PriorityGroupConfig                 0x0800175d   Thumb Code    10  misc.o(i.NVIC_PriorityGroupConfig)
    One_measurement                          0x08001771   Thumb Code    32  vl53l0x.o(i.One_measurement)
    One_measurement2                         0x080017a9   Thumb Code    32  vl53l0x.o(i.One_measurement2)
    PendSV_Handler                           0x080017e5   Thumb Code     2  stm32f10x_it.o(i.PendSV_Handler)
    RCC_APB1PeriphClockCmd                   0x080017e9   Thumb Code    26  stm32f10x_rcc.o(i.RCC_APB1PeriphClockCmd)
    RCC_APB2PeriphClockCmd                   0x08001809   Thumb Code    26  stm32f10x_rcc.o(i.RCC_APB2PeriphClockCmd)
    RCC_GetClocksFreq                        0x08001829   Thumb Code   192  stm32f10x_rcc.o(i.RCC_GetClocksFreq)
    Read_DMP                                 0x080018fd   Thumb Code   560  mpu6050.o(i.Read_DMP)
    STMFLASH_Read                            0x08001b59   Thumb Code    34  stmflash.o(i.STMFLASH_Read)
    STMFLASH_ReadHalfWord                    0x08001b7b   Thumb Code     6  stmflash.o(i.STMFLASH_ReadHalfWord)
    STMFLASH_Write                           0x08001b81   Thumb Code   222  stmflash.o(i.STMFLASH_Write)
    STMFLASH_Write_NoCheck                   0x08001c69   Thumb Code    38  stmflash.o(i.STMFLASH_Write_NoCheck)
    SVC_Handler                              0x08001c8f   Thumb Code     2  stm32f10x_it.o(i.SVC_Handler)
    SysTick_CLKSourceConfig                  0x08001d79   Thumb Code    40  misc.o(i.SysTick_CLKSourceConfig)
    SysTick_Handler                          0x08001da1   Thumb Code     2  stm32f10x_it.o(i.SysTick_Handler)
    SystemInit                               0x08001da5   Thumb Code    78  system_stm32f10x.o(i.SystemInit)
    TIM2_IRQHandler                          0x08001e05   Thumb Code    32  ec_timer.o(i.TIM2_IRQHandler)
    TIM_BDTRConfig                           0x08001e29   Thumb Code    32  stm32f10x_tim.o(i.TIM_BDTRConfig)
    TIM_ClearITPendingBit                    0x08001e49   Thumb Code     6  stm32f10x_tim.o(i.TIM_ClearITPendingBit)
    TIM_Cmd                                  0x08001e4f   Thumb Code    24  stm32f10x_tim.o(i.TIM_Cmd)
    TIM_CtrlPWMOutputs                       0x08001e67   Thumb Code    30  stm32f10x_tim.o(i.TIM_CtrlPWMOutputs)
    TIM_OC1Init                              0x08001e85   Thumb Code   132  stm32f10x_tim.o(i.TIM_OC1Init)
    TIM_OC1PreloadConfig                     0x08001f1d   Thumb Code    18  stm32f10x_tim.o(i.TIM_OC1PreloadConfig)
    TIM_TimeBaseInit                         0x08001f31   Thumb Code   122  stm32f10x_tim.o(i.TIM_TimeBaseInit)
    USART1_IRQHandler                        0x08001fd5   Thumb Code   122  ec_usart.o(i.USART1_IRQHandler)
    USART_Cmd                                0x0800205d   Thumb Code    24  stm32f10x_usart.o(i.USART_Cmd)
    USART_GetITStatus                        0x08002075   Thumb Code    84  stm32f10x_usart.o(i.USART_GetITStatus)
    USART_ITConfig                           0x080020c9   Thumb Code    74  stm32f10x_usart.o(i.USART_ITConfig)
    USART_Init                               0x08002115   Thumb Code   210  stm32f10x_usart.o(i.USART_Init)
    USART_ReceiveData                        0x080021ed   Thumb Code    10  stm32f10x_usart.o(i.USART_ReceiveData)
    Uart1_Initialize                         0x080021f9   Thumb Code   152  ec_usart.o(i.Uart1_Initialize)
    UsageFault_Handler                       0x08002299   Thumb Code     4  stm32f10x_it.o(i.UsageFault_Handler)
    VL53L0X_CheckAndLoadInterruptSettings    0x0800229d   Thumb Code   126  vl53l0x_api.o(i.VL53L0X_CheckAndLoadInterruptSettings)
    VL53L0X_ClearInterruptMask               0x08002321   Thumb Code    82  vl53l0x_api.o(i.VL53L0X_ClearInterruptMask)
    VL53L0X_DataInit                         0x08002375   Thumb Code   420  vl53l0x_api.o(i.VL53L0X_DataInit)
    VL53L0X_GetDeviceInfo                    0x08002521   Thumb Code    22  vl53l0x_api.o(i.VL53L0X_GetDeviceInfo)
    VL53L0X_GetDeviceMode                    0x08002537   Thumb Code    10  vl53l0x_api.o(i.VL53L0X_GetDeviceMode)
    VL53L0X_GetDeviceParameters              0x08002541   Thumb Code   160  vl53l0x_api.o(i.VL53L0X_GetDeviceParameters)
    VL53L0X_GetFractionEnable                0x080025e1   Thumb Code    34  vl53l0x_api.o(i.VL53L0X_GetFractionEnable)
    VL53L0X_GetInterMeasurementPeriodMilliSeconds 0x08002603   Thumb Code    62  vl53l0x_api.o(i.VL53L0X_GetInterMeasurementPeriodMilliSeconds)
    VL53L0X_GetInterruptMaskStatus           0x08002641   Thumb Code    48  vl53l0x_api.o(i.VL53L0X_GetInterruptMaskStatus)
    VL53L0X_GetInterruptThresholds           0x08002671   Thumb Code    66  vl53l0x_api.o(i.VL53L0X_GetInterruptThresholds)
    VL53L0X_GetLimitCheckEnable              0x080026b3   Thumb Code    28  vl53l0x_api.o(i.VL53L0X_GetLimitCheckEnable)
    VL53L0X_GetLimitCheckValue               0x080026cf   Thumb Code   182  vl53l0x_api.o(i.VL53L0X_GetLimitCheckValue)
    VL53L0X_GetMeasurementDataReady          0x08002785   Thumb Code    86  vl53l0x_api.o(i.VL53L0X_GetMeasurementDataReady)
    VL53L0X_GetMeasurementTimingBudgetMicroSeconds 0x080027db   Thumb Code    22  vl53l0x_api.o(i.VL53L0X_GetMeasurementTimingBudgetMicroSeconds)
    VL53L0X_GetOffsetCalibrationDataMicroMeter 0x080027f1   Thumb Code    22  vl53l0x_api.o(i.VL53L0X_GetOffsetCalibrationDataMicroMeter)
    VL53L0X_GetPalErrorString                0x08002807   Thumb Code    22  vl53l0x_api.o(i.VL53L0X_GetPalErrorString)
    VL53L0X_GetRangingMeasurementData        0x0800281d   Thumb Code   366  vl53l0x_api.o(i.VL53L0X_GetRangingMeasurementData)
    VL53L0X_GetSequenceStepEnables           0x0800298b   Thumb Code   118  vl53l0x_api.o(i.VL53L0X_GetSequenceStepEnables)
    VL53L0X_GetVcselPulsePeriod              0x08002a01   Thumb Code    30  vl53l0x_api.o(i.VL53L0X_GetVcselPulsePeriod)
    VL53L0X_GetWrapAroundCheckEnable         0x08002a1f   Thumb Code    62  vl53l0x_api.o(i.VL53L0X_GetWrapAroundCheckEnable)
    VL53L0X_GetXTalkCompensationEnable       0x08002a5d   Thumb Code    12  vl53l0x_api.o(i.VL53L0X_GetXTalkCompensationEnable)
    VL53L0X_GetXTalkCompensationRateMegaCps  0x08002a69   Thumb Code    56  vl53l0x_api.o(i.VL53L0X_GetXTalkCompensationRateMegaCps)
    VL53L0X_PerformRefCalibration            0x08002aa1   Thumb Code    32  vl53l0x_api.o(i.VL53L0X_PerformRefCalibration)
    VL53L0X_PerformRefSpadManagement         0x08002ac1   Thumb Code    30  vl53l0x_api.o(i.VL53L0X_PerformRefSpadManagement)
    VL53L0X_PerformSingleMeasurement         0x08002adf   Thumb Code    60  vl53l0x_api.o(i.VL53L0X_PerformSingleMeasurement)
    VL53L0X_PerformSingleRangingMeasurement  0x08002b1b   Thumb Code    56  vl53l0x_api.o(i.VL53L0X_PerformSingleRangingMeasurement)
    VL53L0X_PollingDelay                     0x08002b53   Thumb Code    26  vl53l0x_platform.o(i.VL53L0X_PollingDelay)
    VL53L0X_RdByte                           0x08002b6d   Thumb Code    44  vl53l0x_platform.o(i.VL53L0X_RdByte)
    VL53L0X_RdDWord                          0x08002b99   Thumb Code    44  vl53l0x_platform.o(i.VL53L0X_RdDWord)
    VL53L0X_RdWord                           0x08002bc5   Thumb Code    44  vl53l0x_platform.o(i.VL53L0X_RdWord)
    VL53L0X_ReadMulti                        0x08002bf1   Thumb Code    54  vl53l0x_platform.o(i.VL53L0X_ReadMulti)
    VL53L0X_SetDeviceAddress                 0x08002c27   Thumb Code    36  vl53l0x_api.o(i.VL53L0X_SetDeviceAddress)
    VL53L0X_SetDeviceMode                    0x08002c4b   Thumb Code    50  vl53l0x_api.o(i.VL53L0X_SetDeviceMode)
    VL53L0X_SetGpioConfig                    0x08002c7d   Thumb Code   358  vl53l0x_api.o(i.VL53L0X_SetGpioConfig)
    VL53L0X_SetLimitCheckEnable              0x08002de3   Thumb Code   194  vl53l0x_api.o(i.VL53L0X_SetLimitCheckEnable)
    VL53L0X_SetLimitCheckValue               0x08002ea5   Thumb Code   118  vl53l0x_api.o(i.VL53L0X_SetLimitCheckValue)
    VL53L0X_SetMeasurementTimingBudgetMicroSeconds 0x08002f1b   Thumb Code    22  vl53l0x_api.o(i.VL53L0X_SetMeasurementTimingBudgetMicroSeconds)
    VL53L0X_SetSequenceStepEnable            0x08002f31   Thumb Code   196  vl53l0x_api.o(i.VL53L0X_SetSequenceStepEnable)
    VL53L0X_SetVcselPulsePeriod              0x08002ff5   Thumb Code    30  vl53l0x_api.o(i.VL53L0X_SetVcselPulsePeriod)
    VL53L0X_StartMeasurement                 0x08003013   Thumb Code   268  vl53l0x_api.o(i.VL53L0X_StartMeasurement)
    VL53L0X_StaticInit                       0x08003121   Thumb Code   410  vl53l0x_api.o(i.VL53L0X_StaticInit)
    VL53L0X_UpdateByte                       0x080032c1   Thumb Code    82  vl53l0x_platform.o(i.VL53L0X_UpdateByte)
    VL53L0X_WrByte                           0x08003313   Thumb Code    44  vl53l0x_platform.o(i.VL53L0X_WrByte)
    VL53L0X_WrWord                           0x0800333f   Thumb Code    44  vl53l0x_platform.o(i.VL53L0X_WrWord)
    VL53L0X_WriteMulti                       0x0800336b   Thumb Code    60  vl53l0x_platform.o(i.VL53L0X_WriteMulti)
    VL53L0X_calc_dmax                        0x080033a9   Thumb Code   390  vl53l0x_api_core.o(i.VL53L0X_calc_dmax)
    VL53L0X_calc_macro_period_ps             0x08003535   Thumb Code    22  vl53l0x_api_core.o(i.VL53L0X_calc_macro_period_ps)
    VL53L0X_calc_sigma_estimate              0x0800354d   Thumb Code   772  vl53l0x_api_core.o(i.VL53L0X_calc_sigma_estimate)
    VL53L0X_calc_timeout_mclks               0x0800385d   Thumb Code    52  vl53l0x_api_core.o(i.VL53L0X_calc_timeout_mclks)
    VL53L0X_calc_timeout_us                  0x08003891   Thumb Code    52  vl53l0x_api_core.o(i.VL53L0X_calc_timeout_us)
    VL53L0X_check_part_used                  0x080038c5   Thumb Code    74  vl53l0x_api_strings.o(i.VL53L0X_check_part_used)
    VL53L0X_decode_timeout                   0x08003915   Thumb Code    14  vl53l0x_api_core.o(i.VL53L0X_decode_timeout)
    VL53L0X_decode_vcsel_period              0x08003923   Thumb Code    12  vl53l0x_api_core.o(i.VL53L0X_decode_vcsel_period)
    VL53L0X_device_read_strobe               0x0800392f   Thumb Code    82  vl53l0x_api_core.o(i.VL53L0X_device_read_strobe)
    VL53L0X_encode_timeout                   0x08003981   Thumb Code    40  vl53l0x_api_core.o(i.VL53L0X_encode_timeout)
    VL53L0X_encode_vcsel_period              0x080039a9   Thumb Code    14  vl53l0x_api_core.o(i.VL53L0X_encode_vcsel_period)
    VL53L0X_get_device_info                  0x080039b9   Thumb Code   152  vl53l0x_api_strings.o(i.VL53L0X_get_device_info)
    VL53L0X_get_info_from_device             0x08003a95   Thumb Code  1354  vl53l0x_api_core.o(i.VL53L0X_get_info_from_device)
    VL53L0X_get_measurement_timing_budget_micro_seconds 0x08003fdf   Thumb Code   238  vl53l0x_api_core.o(i.VL53L0X_get_measurement_timing_budget_micro_seconds)
    VL53L0X_get_offset_calibration_data_micro_meter 0x080040cd   Thumb Code    86  vl53l0x_api_calibration.o(i.VL53L0X_get_offset_calibration_data_micro_meter)
    VL53L0X_get_pal_error_string             0x08004125   Thumb Code   298  vl53l0x_api_strings.o(i.VL53L0X_get_pal_error_string)
    VL53L0X_get_pal_range_status             0x080043f1   Thumb Code   564  vl53l0x_api_core.o(i.VL53L0X_get_pal_range_status)
    VL53L0X_get_total_signal_rate            0x08004625   Thumb Code    40  vl53l0x_api_core.o(i.VL53L0X_get_total_signal_rate)
    VL53L0X_get_total_xtalk_rate             0x0800464d   Thumb Code    58  vl53l0x_api_core.o(i.VL53L0X_get_total_xtalk_rate)
    VL53L0X_get_vcsel_pulse_period           0x08004687   Thumb Code    70  vl53l0x_api_core.o(i.VL53L0X_get_vcsel_pulse_period)
    VL53L0X_i2c_init                         0x080046cd   Thumb Code    46  vl53l0x_i2c.o(i.VL53L0X_i2c_init)
    VL53L0X_isqrt                            0x08004701   Thumb Code    44  vl53l0x_api_core.o(i.VL53L0X_isqrt)
    VL53L0X_load_tuning_settings             0x0800472d   Thumb Code   234  vl53l0x_api_core.o(i.VL53L0X_load_tuning_settings)
    VL53L0X_measurement_poll_for_completion  0x08004817   Thumb Code    66  vl53l0x_api_core.o(i.VL53L0X_measurement_poll_for_completion)
    VL53L0X_perform_phase_calibration        0x08004859   Thumb Code   124  vl53l0x_api_calibration.o(i.VL53L0X_perform_phase_calibration)
    VL53L0X_perform_ref_calibration          0x080048d5   Thumb Code    76  vl53l0x_api_calibration.o(i.VL53L0X_perform_ref_calibration)
    VL53L0X_perform_ref_spad_management      0x08004921   Thumb Code   658  vl53l0x_api_calibration.o(i.VL53L0X_perform_ref_spad_management)
    VL53L0X_perform_single_ref_calibration   0x08004bb3   Thumb Code    64  vl53l0x_api_calibration.o(i.VL53L0X_perform_single_ref_calibration)
    VL53L0X_perform_vhv_calibration          0x08004bf3   Thumb Code   126  vl53l0x_api_calibration.o(i.VL53L0X_perform_vhv_calibration)
    VL53L0X_read_byte                        0x08004c71   Thumb Code    32  vl53l0x_i2c.o(i.VL53L0X_read_byte)
    VL53L0X_read_dword                       0x08004c91   Thumb Code    58  vl53l0x_i2c.o(i.VL53L0X_read_dword)
    VL53L0X_read_multi                       0x08004ccb   Thumb Code    40  vl53l0x_i2c.o(i.VL53L0X_read_multi)
    VL53L0X_read_word                        0x08004cf3   Thumb Code    42  vl53l0x_i2c.o(i.VL53L0X_read_word)
    VL53L0X_ref_calibration_io               0x08004d1d   Thumb Code   176  vl53l0x_api_calibration.o(i.VL53L0X_ref_calibration_io)
    VL53L0X_set_measurement_timing_budget_micro_seconds 0x08004dcd   Thumb Code   294  vl53l0x_api_core.o(i.VL53L0X_set_measurement_timing_budget_micro_seconds)
    VL53L0X_set_reference_spads              0x08004ef3   Thumb Code   194  vl53l0x_api_calibration.o(i.VL53L0X_set_reference_spads)
    VL53L0X_set_vcsel_pulse_period           0x08004fb5   Thumb Code   766  vl53l0x_api_core.o(i.VL53L0X_set_vcsel_pulse_period)
    VL53L0X_write_byte                       0x080052b3   Thumb Code    26  vl53l0x_i2c.o(i.VL53L0X_write_byte)
    VL53L0X_write_multi                      0x080052cd   Thumb Code    40  vl53l0x_i2c.o(i.VL53L0X_write_multi)
    VL53L0X_write_word                       0x080052f5   Thumb Code    86  vl53l0x_i2c.o(i.VL53L0X_write_word)
    VL_IIC_Ack                               0x0800534d   Thumb Code    66  vl53l0x_i2c.o(i.VL_IIC_Ack)
    VL_IIC_NAck                              0x0800539d   Thumb Code    66  vl53l0x_i2c.o(i.VL_IIC_NAck)
    VL_IIC_Read_Byte                         0x080053ed   Thumb Code    98  vl53l0x_i2c.o(i.VL_IIC_Read_Byte)
    VL_IIC_Read_nByte                        0x0800545d   Thumb Code   106  vl53l0x_i2c.o(i.VL_IIC_Read_nByte)
    VL_IIC_Send_Byte                         0x080054c9   Thumb Code   104  vl53l0x_i2c.o(i.VL_IIC_Send_Byte)
    VL_IIC_Start                             0x0800553d   Thumb Code    64  vl53l0x_i2c.o(i.VL_IIC_Start)
    VL_IIC_Stop                              0x08005589   Thumb Code    62  vl53l0x_i2c.o(i.VL_IIC_Stop)
    VL_IIC_Wait_Ack                          0x080055d5   Thumb Code    86  vl53l0x_i2c.o(i.VL_IIC_Wait_Ack)
    VL_IIC_Write_nByte                       0x08005639   Thumb Code    80  vl53l0x_i2c.o(i.VL_IIC_Write_nByte)
    __0printf                                0x08005689   Thumb Code    22  printfa.o(i.__0printf)
    __1printf                                0x08005689   Thumb Code     0  printfa.o(i.__0printf)
    __2printf                                0x08005689   Thumb Code     0  printfa.o(i.__0printf)
    __c89printf                              0x08005689   Thumb Code     0  printfa.o(i.__0printf)
    printf                                   0x08005689   Thumb Code     0  printfa.o(i.__0printf)
    __ARM_fpclassify                         0x080056a9   Thumb Code    40  fpclassify.o(i.__ARM_fpclassify)
    __ieee754_rem_pio2                       0x080056d1   Thumb Code   828  rred.o(i.__ieee754_rem_pio2)
    __kernel_cos                             0x08005a59   Thumb Code   230  cos_i.o(i.__kernel_cos)
    __kernel_poly                            0x08005b55   Thumb Code   170  poly.o(i.__kernel_poly)
    __kernel_sin                             0x08005c01   Thumb Code   224  sin_i.o(i.__kernel_sin)
    __mathlib_dbl_infnan                     0x08005ced   Thumb Code     6  dunder.o(i.__mathlib_dbl_infnan)
    __mathlib_dbl_infnan2                    0x08005cf3   Thumb Code     4  dunder.o(i.__mathlib_dbl_infnan2)
    __mathlib_dbl_invalid                    0x08005cf7   Thumb Code    12  dunder.o(i.__mathlib_dbl_invalid)
    __mathlib_dbl_underflow                  0x08005d05   Thumb Code    10  dunder.o(i.__mathlib_dbl_underflow)
    __scatterload_copy                       0x08005d15   Thumb Code    14  handlers.o(i.__scatterload_copy)
    __scatterload_null                       0x08005d23   Thumb Code     2  handlers.o(i.__scatterload_null)
    __scatterload_zeroinit                   0x08005d25   Thumb Code    14  handlers.o(i.__scatterload_zeroinit)
    __set_errno                              0x08005d35   Thumb Code     6  errno.o(i.__set_errno)
    absolute                                 0x080065d3   Thumb Code    14  control.o(i.absolute)
    asin                                     0x080065e1   Thumb Code   572  asin.o(i.asin)
    atan                                     0x08006851   Thumb Code   474  atan.o(i.atan)
    atan2                                    0x08006a71   Thumb Code   346  atan2.o(i.atan2)
    cos                                      0x08006bf1   Thumb Code   148  cos.o(i.cos)
    delay1                                   0x08006cf1   Thumb Code    20  control.o(i.delay1)
    dmp_read_fifo                            0x08006d05   Thumb Code   456  inv_mpu_dmp_motion_driver.o(i.dmp_read_fifo)
    enable_ref_spads                         0x08006ed1   Thumb Code   172  vl53l0x_api_calibration.o(i.enable_ref_spads)
    enable_spad_bit                          0x08006f7d   Thumb Code    50  vl53l0x_api_calibration.o(i.enable_spad_bit)
    fputc                                    0x08006fb1   Thumb Code    24  ec_usart.o(i.fputc)
    gengsui                                  0x08006fcd   Thumb Code   218  control.o(i.gengsui)
    gengsui2                                 0x080070b9   Thumb Code   206  control.o(i.gengsui2)
    get_distance                             0x08007199   Thumb Code    98  control.o(i.get_distance)
    get_next_good_spad                       0x08007229   Thumb Code   104  vl53l0x_api_calibration.o(i.get_next_good_spad)
    get_ref_spad_map                         0x08007291   Thumb Code    24  vl53l0x_api_calibration.o(i.get_ref_spad_map)
    get_sequence_step_timeout                0x080072a9   Thumb Code   290  vl53l0x_api_core.o(i.get_sequence_step_timeout)
    go_anywhere                              0x080073cd   Thumb Code   444  control.o(i.go_anywhere)
    go_right                                 0x080075a9   Thumb Code   114  control.o(i.go_right)
    i2cRead                                  0x0800761b   Thumb Code   118  ioi2c_1.o(i.i2cRead)
    i2cWrite                                 0x08007691   Thumb Code    96  ioi2c_1.o(i.i2cWrite)
    is_aperture                              0x080076f1   Thumb Code    18  vl53l0x_api_calibration.o(i.is_aperture)
    main                                     0x08007709   Thumb Code   350  main.o(i.main)
    malloc                                   0x08007919   Thumb Code    92  malloc.o(i.malloc)
    move_ahead                               0x08007985   Thumb Code   454  control.o(i.move_ahead)
    move_time                                0x08007b65   Thumb Code    64  control.o(i.move_time)
    mpu_read_fifo_stream                     0x08007ba5   Thumb Code   186  inv_mpu.o(i.mpu_read_fifo_stream)
    mpu_reset_fifo                           0x08007c65   Thumb Code   438  inv_mpu.o(i.mpu_reset_fifo)
    myget_ms                                 0x08007e21   Thumb Code     2  inv_mpu.o(i.myget_ms)
    perform_ref_signal_measurement           0x08007e23   Thumb Code   110  vl53l0x_api_calibration.o(i.perform_ref_signal_measurement)
    print_pal_error                          0x08007e91   Thumb Code    28  vl53l0x.o(i.print_pal_error)
    sequence_step_enabled                    0x08007ec5   Thumb Code    72  vl53l0x_api.o(i.sequence_step_enabled)
    set_direction                            0x08007f0d   Thumb Code   244  control.o(i.set_direction)
    set_ref_spad_map                         0x0800800d   Thumb Code    24  vl53l0x_api_calibration.o(i.set_ref_spad_map)
    set_sequence_step_timeout                0x08008025   Thumb Code   306  vl53l0x_api_core.o(i.set_sequence_step_timeout)
    sin                                      0x08008159   Thumb Code   150  sin.o(i.sin)
    sqrt                                     0x080081f9   Thumb Code    76  sqrt.o(i.sqrt)
    vl53l0x_Addr_set                         0x08008245   Thumb Code   150  vl53l0x.o(i.vl53l0x_Addr_set)
    vl53l0x_info                             0x080082e9   Thumb Code    70  vl53l0x.o(i.vl53l0x_info)
    vl53l0x_info2                            0x080083ed   Thumb Code    70  vl53l0x.o(i.vl53l0x_info2)
    vl53l0x_init                             0x080084f1   Thumb Code   180  vl53l0x.o(i.vl53l0x_init)
    vl53l0x_init_2                           0x080085c5   Thumb Code   198  vl53l0x.o(i.vl53l0x_init_2)
    vl53l0x_set_mode                         0x080086b1   Thumb Code   292  vl53l0x_gen.o(i.vl53l0x_set_mode)
    TEXT_Buffer                              0x080087d8   Data          17  main.o(.constdata)
    hw                                       0x080087ec   Data          12  inv_mpu.o(.constdata)
    reg                                      0x080087f8   Data          27  inv_mpu.o(.constdata)
    test                                     0x08008814   Data          40  inv_mpu.o(.constdata)
    __mathlib_zero                           0x08008958   Data           8  qnan.o(.constdata)
    Region$$Table$$Base                      0x08008a50   Number         0  anon$$obj.o(Region$$Table)
    Region$$Table$$Limit                     0x08008a70   Number         0  anon$$obj.o(Region$$Table)
    USART_RX_STA                             0x20000004   Data           2  ec_usart.o(.data)
    __stdout                                 0x20000008   Data           4  ec_usart.o(.data)
    SystemCoreClock                          0x20000010   Data           4  system_stm32f10x.o(.data)
    AHBPrescTable                            0x20000014   Data          16  system_stm32f10x.o(.data)
    Va                                       0x20000024   Data           4  control.o(.data)
    Vb                                       0x20000028   Data           4  control.o(.data)
    Vc                                       0x2000002c   Data           4  control.o(.data)
    Pitch                                    0x20000030   Data           4  control.o(.data)
    Roll                                     0x20000034   Data           4  control.o(.data)
    Yaw                                      0x20000038   Data           4  control.o(.data)
    gyro                                     0x2000007c   Data           6  mpu6050.o(.data)
    accel                                    0x20000082   Data           6  mpu6050.o(.data)
    sensors                                  0x20000088   Data           2  mpu6050.o(.data)
    q0                                       0x2000008c   Data           4  mpu6050.o(.data)
    q1                                       0x20000090   Data           4  mpu6050.o(.data)
    q2                                       0x20000094   Data           4  mpu6050.o(.data)
    q3                                       0x20000098   Data           4  mpu6050.o(.data)
    Gx_offset                                0x200000a6   Data           2  mpu6050.o(.data)
    Gy_offset                                0x200000a8   Data           2  mpu6050.o(.data)
    Gz_offset                                0x200000aa   Data           2  mpu6050.o(.data)
    DefaultTuningSettings                    0x200000ac   Data         243  vl53l0x_api.o(.data)
    InterruptThresholdSettings               0x2000019f   Data         438  vl53l0x_api.o(.data)
    refArrayQuadrants                        0x20000358   Data          16  vl53l0x_api_calibration.o(.data)
    AjustOK                                  0x20000368   Data           1  vl53l0x.o(.data)
    Mode_data                                0x20000369   Data          56  vl53l0x.o(.data)
    AlarmModes                               0x200003a4   Data          12  vl53l0x_it.o(.data)
    alarm_flag                               0x200003b0   Data           1  vl53l0x_it.o(.data)
    __microlib_freelist                      0x200003b4   Data           4  mvars.o(.data)
    __microlib_freelist_initialised          0x200003b8   Data           4  mvars.o(.data)
    USART_RX_BUF                             0x200003c0   Data         200  ec_usart.o(.bss)
    STMFLASH_BUF                             0x20000488   Data        2048  stmflash.o(.bss)
    vl53l0x_dev                              0x20000c98   Data         352  vl53l0x.o(.bss)
    vl53l0x_dev2                             0x20000df8   Data         352  vl53l0x.o(.bss)
    vl53l0x_dev3                             0x20000f58   Data         352  vl53l0x.o(.bss)
    vl53l0x_dev_info                         0x200010b8   Data          99  vl53l0x.o(.bss)
    vl53l0x_dev_info2                        0x2000111b   Data          99  vl53l0x.o(.bss)
    vl53l0x_dev_info3                        0x2000117e   Data          99  vl53l0x.o(.bss)
    vl53l0x_data                             0x200011e4   Data          28  vl53l0x_gen.o(.bss)
    vl53l0x_data2                            0x20001200   Data          28  vl53l0x_gen.o(.bss)
    vl53l0x_data3                            0x2000121c   Data          28  vl53l0x_gen.o(.bss)
    __heap_base                              0x20001258   Data           0  startup_stm32f10x_hd.o(HEAP)
    __heap_limit                             0x20001458   Data           0  startup_stm32f10x_hd.o(HEAP)
    __initial_sp                             0x20001858   Data           0  startup_stm32f10x_hd.o(STACK)



==============================================================================

Memory Map of the image

  Image Entry point : 0x08000131

  Load Region LR_IROM1 (Base: 0x08000000, Size: 0x00008e30, Max: 0x00040000, ABSOLUTE, COMPRESSED[0x00008d5c])

    Execution Region ER_IROM1 (Base: 0x08000000, Size: 0x00008a70, Max: 0x00040000, ABSOLUTE)

    Base Addr    Size         Type   Attr      Idx    E Section Name        Object

    0x08000000   0x00000130   Data   RO            3    RESET               startup_stm32f10x_hd.o
    0x08000130   0x00000000   Code   RO         4996  * .ARM.Collect$$$$00000000  mc_w.l(entry.o)
    0x08000130   0x00000004   Code   RO         5375    .ARM.Collect$$$$00000001  mc_w.l(entry2.o)
    0x08000134   0x00000004   Code   RO         5378    .ARM.Collect$$$$00000004  mc_w.l(entry5.o)
    0x08000138   0x00000000   Code   RO         5380    .ARM.Collect$$$$00000008  mc_w.l(entry7b.o)
    0x08000138   0x00000000   Code   RO         5382    .ARM.Collect$$$$0000000A  mc_w.l(entry8b.o)
    0x08000138   0x00000008   Code   RO         5383    .ARM.Collect$$$$0000000B  mc_w.l(entry9a.o)
    0x08000140   0x00000000   Code   RO         5385    .ARM.Collect$$$$0000000D  mc_w.l(entry10a.o)
    0x08000140   0x00000000   Code   RO         5387    .ARM.Collect$$$$0000000F  mc_w.l(entry11a.o)
    0x08000140   0x00000004   Code   RO         5376    .ARM.Collect$$$$00002712  mc_w.l(entry2.o)
    0x08000144   0x00000024   Code   RO            4    .text               startup_stm32f10x_hd.o
    0x08000168   0x00000024   Code   RO         5001    .text               mc_w.l(memcpya.o)
    0x0800018c   0x00000024   Code   RO         5003    .text               mc_w.l(memseta.o)
    0x080001b0   0x00000012   Code   RO         5007    .text               mc_w.l(strcpy.o)
    0x080001c2   0x000000b0   Code   RO         5300    .text               mf_w.l(fadd.o)
    0x08000272   0x00000064   Code   RO         5302    .text               mf_w.l(fmul.o)
    0x080002d6   0x0000007c   Code   RO         5304    .text               mf_w.l(fdiv.o)
    0x08000352   0x0000014e   Code   RO         5306    .text               mf_w.l(dadd.o)
    0x080004a0   0x000000e4   Code   RO         5308    .text               mf_w.l(dmul.o)
    0x08000584   0x000000de   Code   RO         5310    .text               mf_w.l(ddiv.o)
    0x08000662   0x00000012   Code   RO         5312    .text               mf_w.l(fflti.o)
    0x08000674   0x0000000a   Code   RO         5314    .text               mf_w.l(ffltui.o)
    0x0800067e   0x00000022   Code   RO         5316    .text               mf_w.l(dflti.o)
    0x080006a0   0x0000003e   Code   RO         5322    .text               mf_w.l(dfixi.o)
    0x080006de   0x00000026   Code   RO         5324    .text               mf_w.l(f2d.o)
    0x08000704   0x00000038   Code   RO         5326    .text               mf_w.l(d2f.o)
    0x0800073c   0x0000002c   Code   RO         5389    .text               mc_w.l(uidiv.o)
    0x08000768   0x00000062   Code   RO         5391    .text               mc_w.l(uldiv.o)
    0x080007ca   0x0000001e   Code   RO         5393    .text               mc_w.l(llshl.o)
    0x080007e8   0x00000020   Code   RO         5395    .text               mc_w.l(llushr.o)
    0x08000808   0x00000024   Code   RO         5397    .text               mc_w.l(llsshr.o)
    0x0800082c   0x00000000   Code   RO         5408    .text               mc_w.l(iusefp.o)
    0x0800082c   0x0000006e   Code   RO         5409    .text               mf_w.l(fepilogue.o)
    0x0800089a   0x000000ba   Code   RO         5411    .text               mf_w.l(depilogue.o)
    0x08000954   0x0000002e   Code   RO         5413    .text               mf_w.l(dscalb.o)
    0x08000982   0x000000a2   Code   RO         5415    .text               mf_w.l(dsqrt.o)
    0x08000a24   0x00000030   Code   RO         5417    .text               mf_w.l(dfixul.o)
    0x08000a54   0x00000030   Code   RO         5421    .text               mf_w.l(cdrcmple.o)
    0x08000a84   0x00000024   Code   RO         5423    .text               mc_w.l(init.o)
    0x08000aa8   0x0000001a   Code   RO         5425    .text               mf_w.l(dfltui.o)
    0x08000ac2   0x00000056   Code   RO         5435    .text               mc_w.l(__dczerorl2.o)
    0x08000b18   0x00000004   Code   RO          566    i.BusFault_Handler  stm32f10x_it.o
    0x08000b1c   0x00000030   Code   RO          987    i.CreateStack       stack.o
    0x08000b4c   0x00000002   Code   RO          567    i.DebugMon_Handler  stm32f10x_it.o
    0x08000b4e   0x00000002   PAD
    0x08000b50   0x00000044   Code   RO          470    i.Delay_Initialize  ec_delay.o
    0x08000b94   0x0000004c   Code   RO          471    i.Delay_ms          ec_delay.o
    0x08000be0   0x0000004c   Code   RO          472    i.Delay_us          ec_delay.o
    0x08000c2c   0x00000028   Code   RO         4916    i.EXTI4_IRQHandler  vl53l0x_it.o
    0x08000c54   0x0000000c   Code   RO         2449    i.EXTI_ClearITPendingBit  stm32f10x_exti.o
    0x08000c60   0x0000004c   Code   RO         2516    i.FLASH_ErasePage   stm32f10x_flash.o
    0x08000cac   0x00000034   Code   RO         2517    i.FLASH_GetBank1Status  stm32f10x_flash.o
    0x08000ce0   0x00000014   Code   RO         2526    i.FLASH_Lock        stm32f10x_flash.o
    0x08000cf4   0x00000040   Code   RO         2529    i.FLASH_ProgramHalfWord  stm32f10x_flash.o
    0x08000d34   0x00000018   Code   RO         2534    i.FLASH_Unlock      stm32f10x_flash.o
    0x08000d4c   0x00000026   Code   RO         2538    i.FLASH_WaitForLastOperation  stm32f10x_flash.o
    0x08000d72   0x00000116   Code   RO         1364    i.GPIO_Init         stm32f10x_gpio.o
    0x08000e88   0x00000004   Code   RO         1371    i.GPIO_ResetBits    stm32f10x_gpio.o
    0x08000e8c   0x00000004   Code   RO         1372    i.GPIO_SetBits      stm32f10x_gpio.o
    0x08000e90   0x00000028   Code   RO          242    i.GetTIM_Index      ec_motor.o
    0x08000eb8   0x00000004   Code   RO          568    i.HardFault_Handler  stm32f10x_it.o
    0x08000ebc   0x0000004c   Code   RO         3192    i.IIC_Ack           ioi2c_1.o
    0x08000f08   0x0000004c   Code   RO         3194    i.IIC_NAck          ioi2c_1.o
    0x08000f54   0x00000070   Code   RO         3195    i.IIC_Read_Byte     ioi2c_1.o
    0x08000fc4   0x00000064   Code   RO         3196    i.IIC_Send_Byte     ioi2c_1.o
    0x08001028   0x00000068   Code   RO         3197    i.IIC_Start         ioi2c_1.o
    0x08001090   0x00000048   Code   RO         3198    i.IIC_Stop          ioi2c_1.o
    0x080010d8   0x00000068   Code   RO         3199    i.IIC_Wait_Ack      ioi2c_1.o
    0x08001140   0x0000002c   Code   RO          208    i.Led_Initialize    ec_led.o
    0x0800116c   0x00000024   Code   RO          209    i.Led_On            ec_led.o
    0x08001190   0x00000004   Code   RO          569    i.MemManage_Handler  stm32f10x_it.o
    0x08001194   0x0000014c   Code   RO          243    i.Motor_Config      ec_motor.o
    0x080012e0   0x00000318   Code   RO          244    i.Motor_Config1     ec_motor.o
    0x080015f8   0x00000020   Code   RO          245    i.Motor_EnableDriver  ec_motor.o
    0x08001618   0x00000050   Code   RO          246    i.Motor_Initialize  ec_motor.o
    0x08001668   0x00000064   Code   RO          248    i.Motor_SetCCW      ec_motor.o
    0x080016cc   0x0000001c   Code   RO          251    i.Motor_Stop        ec_motor.o
    0x080016e8   0x00000002   Code   RO          570    i.NMI_Handler       stm32f10x_it.o
    0x080016ea   0x00000002   PAD
    0x080016ec   0x00000070   Code   RO         1175    i.NVIC_Init         misc.o
    0x0800175c   0x00000014   Code   RO         1176    i.NVIC_PriorityGroupConfig  misc.o
    0x08001770   0x00000038   Code   RO         4727    i.One_measurement   vl53l0x.o
    0x080017a8   0x0000003c   Code   RO         4728    i.One_measurement2  vl53l0x.o
    0x080017e4   0x00000002   Code   RO          571    i.PendSV_Handler    stm32f10x_it.o
    0x080017e6   0x00000002   PAD
    0x080017e8   0x00000020   Code   RO         2046    i.RCC_APB1PeriphClockCmd  stm32f10x_rcc.o
    0x08001808   0x00000020   Code   RO         2048    i.RCC_APB2PeriphClockCmd  stm32f10x_rcc.o
    0x08001828   0x000000d4   Code   RO         2056    i.RCC_GetClocksFreq  stm32f10x_rcc.o
    0x080018fc   0x0000025c   Code   RO         3322    i.Read_DMP          mpu6050.o
    0x08001b58   0x00000022   Code   RO          936    i.STMFLASH_Read     stmflash.o
    0x08001b7a   0x00000006   Code   RO          937    i.STMFLASH_ReadHalfWord  stmflash.o
    0x08001b80   0x000000e8   Code   RO          938    i.STMFLASH_Write    stmflash.o
    0x08001c68   0x00000026   Code   RO          939    i.STMFLASH_Write_NoCheck  stmflash.o
    0x08001c8e   0x00000002   Code   RO          572    i.SVC_Handler       stm32f10x_it.o
    0x08001c90   0x00000008   Code   RO          520    i.SetSysClock       system_stm32f10x.o
    0x08001c98   0x000000e0   Code   RO          521    i.SetSysClockTo72   system_stm32f10x.o
    0x08001d78   0x00000028   Code   RO         1179    i.SysTick_CLKSourceConfig  misc.o
    0x08001da0   0x00000002   Code   RO          573    i.SysTick_Handler   stm32f10x_it.o
    0x08001da2   0x00000002   PAD
    0x08001da4   0x00000060   Code   RO          523    i.SystemInit        system_stm32f10x.o
    0x08001e04   0x00000024   Code   RO          350    i.TIM2_IRQHandler   ec_timer.o
    0x08001e28   0x00000020   Code   RO         1489    i.TIM_BDTRConfig    stm32f10x_tim.o
    0x08001e48   0x00000006   Code   RO         1495    i.TIM_ClearITPendingBit  stm32f10x_tim.o
    0x08001e4e   0x00000018   Code   RO         1500    i.TIM_Cmd           stm32f10x_tim.o
    0x08001e66   0x0000001e   Code   RO         1502    i.TIM_CtrlPWMOutputs  stm32f10x_tim.o
    0x08001e84   0x00000098   Code   RO         1529    i.TIM_OC1Init       stm32f10x_tim.o
    0x08001f1c   0x00000012   Code   RO         1532    i.TIM_OC1PreloadConfig  stm32f10x_tim.o
    0x08001f2e   0x00000002   PAD
    0x08001f30   0x000000a4   Code   RO         1571    i.TIM_TimeBaseInit  stm32f10x_tim.o
    0x08001fd4   0x00000088   Code   RO          417    i.USART1_IRQHandler  ec_usart.o
    0x0800205c   0x00000018   Code   RO         2260    i.USART_Cmd         stm32f10x_usart.o
    0x08002074   0x00000054   Code   RO         2264    i.USART_GetITStatus  stm32f10x_usart.o
    0x080020c8   0x0000004a   Code   RO         2266    i.USART_ITConfig    stm32f10x_usart.o
    0x08002112   0x00000002   PAD
    0x08002114   0x000000d8   Code   RO         2267    i.USART_Init        stm32f10x_usart.o
    0x080021ec   0x0000000a   Code   RO         2274    i.USART_ReceiveData  stm32f10x_usart.o
    0x080021f6   0x00000002   PAD
    0x080021f8   0x000000a0   Code   RO          418    i.Uart1_Initialize  ec_usart.o
    0x08002298   0x00000004   Code   RO          574    i.UsageFault_Handler  stm32f10x_it.o
    0x0800229c   0x00000084   Code   RO         3458    i.VL53L0X_CheckAndLoadInterruptSettings  vl53l0x_api.o
    0x08002320   0x00000052   Code   RO         3459    i.VL53L0X_ClearInterruptMask  vl53l0x_api.o
    0x08002372   0x00000002   PAD
    0x08002374   0x000001ac   Code   RO         3460    i.VL53L0X_DataInit  vl53l0x_api.o
    0x08002520   0x00000016   Code   RO         3464    i.VL53L0X_GetDeviceInfo  vl53l0x_api.o
    0x08002536   0x0000000a   Code   RO         3465    i.VL53L0X_GetDeviceMode  vl53l0x_api.o
    0x08002540   0x000000a0   Code   RO         3466    i.VL53L0X_GetDeviceParameters  vl53l0x_api.o
    0x080025e0   0x00000022   Code   RO         3468    i.VL53L0X_GetFractionEnable  vl53l0x_api.o
    0x08002602   0x0000003e   Code   RO         3472    i.VL53L0X_GetInterMeasurementPeriodMilliSeconds  vl53l0x_api.o
    0x08002640   0x00000030   Code   RO         3473    i.VL53L0X_GetInterruptMaskStatus  vl53l0x_api.o
    0x08002670   0x00000042   Code   RO         3474    i.VL53L0X_GetInterruptThresholds  vl53l0x_api.o
    0x080026b2   0x0000001c   Code   RO         3476    i.VL53L0X_GetLimitCheckEnable  vl53l0x_api.o
    0x080026ce   0x000000b6   Code   RO         3479    i.VL53L0X_GetLimitCheckValue  vl53l0x_api.o
    0x08002784   0x00000056   Code   RO         3482    i.VL53L0X_GetMeasurementDataReady  vl53l0x_api.o
    0x080027da   0x00000016   Code   RO         3484    i.VL53L0X_GetMeasurementTimingBudgetMicroSeconds  vl53l0x_api.o
    0x080027f0   0x00000016   Code   RO         3488    i.VL53L0X_GetOffsetCalibrationDataMicroMeter  vl53l0x_api.o
    0x08002806   0x00000016   Code   RO         3489    i.VL53L0X_GetPalErrorString  vl53l0x_api.o
    0x0800281c   0x0000016e   Code   RO         3496    i.VL53L0X_GetRangingMeasurementData  vl53l0x_api.o
    0x0800298a   0x00000076   Code   RO         3500    i.VL53L0X_GetSequenceStepEnables  vl53l0x_api.o
    0x08002a00   0x0000001e   Code   RO         3509    i.VL53L0X_GetVcselPulsePeriod  vl53l0x_api.o
    0x08002a1e   0x0000003e   Code   RO         3511    i.VL53L0X_GetWrapAroundCheckEnable  vl53l0x_api.o
    0x08002a5c   0x0000000c   Code   RO         3512    i.VL53L0X_GetXTalkCompensationEnable  vl53l0x_api.o
    0x08002a68   0x00000038   Code   RO         3513    i.VL53L0X_GetXTalkCompensationRateMegaCps  vl53l0x_api.o
    0x08002aa0   0x00000020   Code   RO         3515    i.VL53L0X_PerformRefCalibration  vl53l0x_api.o
    0x08002ac0   0x0000001e   Code   RO         3516    i.VL53L0X_PerformRefSpadManagement  vl53l0x_api.o
    0x08002ade   0x0000003c   Code   RO         3518    i.VL53L0X_PerformSingleMeasurement  vl53l0x_api.o
    0x08002b1a   0x00000038   Code   RO         3519    i.VL53L0X_PerformSingleRangingMeasurement  vl53l0x_api.o
    0x08002b52   0x0000001a   Code   RO         4649    i.VL53L0X_PollingDelay  vl53l0x_platform.o
    0x08002b6c   0x0000002c   Code   RO         4650    i.VL53L0X_RdByte    vl53l0x_platform.o
    0x08002b98   0x0000002c   Code   RO         4651    i.VL53L0X_RdDWord   vl53l0x_platform.o
    0x08002bc4   0x0000002c   Code   RO         4652    i.VL53L0X_RdWord    vl53l0x_platform.o
    0x08002bf0   0x00000036   Code   RO         4653    i.VL53L0X_ReadMulti  vl53l0x_platform.o
    0x08002c26   0x00000024   Code   RO         3523    i.VL53L0X_SetDeviceAddress  vl53l0x_api.o
    0x08002c4a   0x00000032   Code   RO         3524    i.VL53L0X_SetDeviceMode  vl53l0x_api.o
    0x08002c7c   0x00000166   Code   RO         3527    i.VL53L0X_SetGpioConfig  vl53l0x_api.o
    0x08002de2   0x000000c2   Code   RO         3532    i.VL53L0X_SetLimitCheckEnable  vl53l0x_api.o
    0x08002ea4   0x00000076   Code   RO         3533    i.VL53L0X_SetLimitCheckValue  vl53l0x_api.o
    0x08002f1a   0x00000016   Code   RO         3535    i.VL53L0X_SetMeasurementTimingBudgetMicroSeconds  vl53l0x_api.o
    0x08002f30   0x000000c4   Code   RO         3542    i.VL53L0X_SetSequenceStepEnable  vl53l0x_api.o
    0x08002ff4   0x0000001e   Code   RO         3547    i.VL53L0X_SetVcselPulsePeriod  vl53l0x_api.o
    0x08003012   0x0000010c   Code   RO         3551    i.VL53L0X_StartMeasurement  vl53l0x_api.o
    0x0800311e   0x00000002   PAD
    0x08003120   0x000001a0   Code   RO         3552    i.VL53L0X_StaticInit  vl53l0x_api.o
    0x080032c0   0x00000052   Code   RO         4654    i.VL53L0X_UpdateByte  vl53l0x_platform.o
    0x08003312   0x0000002c   Code   RO         4655    i.VL53L0X_WrByte    vl53l0x_platform.o
    0x0800333e   0x0000002c   Code   RO         4657    i.VL53L0X_WrWord    vl53l0x_platform.o
    0x0800336a   0x0000003c   Code   RO         4658    i.VL53L0X_WriteMulti  vl53l0x_platform.o
    0x080033a6   0x00000002   PAD
    0x080033a8   0x0000018c   Code   RO         4259    i.VL53L0X_calc_dmax  vl53l0x_api_core.o
    0x08003534   0x00000016   Code   RO         4260    i.VL53L0X_calc_macro_period_ps  vl53l0x_api_core.o
    0x0800354a   0x00000002   PAD
    0x0800354c   0x00000310   Code   RO         4261    i.VL53L0X_calc_sigma_estimate  vl53l0x_api_core.o
    0x0800385c   0x00000034   Code   RO         4262    i.VL53L0X_calc_timeout_mclks  vl53l0x_api_core.o
    0x08003890   0x00000034   Code   RO         4263    i.VL53L0X_calc_timeout_us  vl53l0x_api_core.o
    0x080038c4   0x00000050   Code   RO         4445    i.VL53L0X_check_part_used  vl53l0x_api_strings.o
    0x08003914   0x0000000e   Code   RO         4264    i.VL53L0X_decode_timeout  vl53l0x_api_core.o
    0x08003922   0x0000000c   Code   RO         4265    i.VL53L0X_decode_vcsel_period  vl53l0x_api_core.o
    0x0800392e   0x00000052   Code   RO         4266    i.VL53L0X_device_read_strobe  vl53l0x_api_core.o
    0x08003980   0x00000028   Code   RO         4267    i.VL53L0X_encode_timeout  vl53l0x_api_core.o
    0x080039a8   0x0000000e   Code   RO         4268    i.VL53L0X_encode_vcsel_period  vl53l0x_api_core.o
    0x080039b6   0x00000002   PAD
    0x080039b8   0x000000dc   Code   RO         4447    i.VL53L0X_get_device_info  vl53l0x_api_strings.o
    0x08003a94   0x0000054a   Code   RO         4269    i.VL53L0X_get_info_from_device  vl53l0x_api_core.o
    0x08003fde   0x000000ee   Code   RO         4270    i.VL53L0X_get_measurement_timing_budget_micro_seconds  vl53l0x_api_core.o
    0x080040cc   0x00000056   Code   RO         4101    i.VL53L0X_get_offset_calibration_data_micro_meter  vl53l0x_api_calibration.o
    0x08004122   0x00000002   PAD
    0x08004124   0x000002cc   Code   RO         4449    i.VL53L0X_get_pal_error_string  vl53l0x_api_strings.o
    0x080043f0   0x00000234   Code   RO         4271    i.VL53L0X_get_pal_range_status  vl53l0x_api_core.o
    0x08004624   0x00000028   Code   RO         4272    i.VL53L0X_get_total_signal_rate  vl53l0x_api_core.o
    0x0800464c   0x0000003a   Code   RO         4273    i.VL53L0X_get_total_xtalk_rate  vl53l0x_api_core.o
    0x08004686   0x00000046   Code   RO         4274    i.VL53L0X_get_vcsel_pulse_period  vl53l0x_api_core.o
    0x080046cc   0x00000034   Code   RO         4511    i.VL53L0X_i2c_init  vl53l0x_i2c.o
    0x08004700   0x0000002c   Code   RO         4275    i.VL53L0X_isqrt     vl53l0x_api_core.o
    0x0800472c   0x000000ea   Code   RO         4276    i.VL53L0X_load_tuning_settings  vl53l0x_api_core.o
    0x08004816   0x00000042   Code   RO         4277    i.VL53L0X_measurement_poll_for_completion  vl53l0x_api_core.o
    0x08004858   0x0000007c   Code   RO         4105    i.VL53L0X_perform_phase_calibration  vl53l0x_api_calibration.o
    0x080048d4   0x0000004c   Code   RO         4106    i.VL53L0X_perform_ref_calibration  vl53l0x_api_calibration.o
    0x08004920   0x00000292   Code   RO         4107    i.VL53L0X_perform_ref_spad_management  vl53l0x_api_calibration.o
    0x08004bb2   0x00000040   Code   RO         4108    i.VL53L0X_perform_single_ref_calibration  vl53l0x_api_calibration.o
    0x08004bf2   0x0000007e   Code   RO         4109    i.VL53L0X_perform_vhv_calibration  vl53l0x_api_calibration.o
    0x08004c70   0x00000020   Code   RO         4512    i.VL53L0X_read_byte  vl53l0x_i2c.o
    0x08004c90   0x0000003a   Code   RO         4513    i.VL53L0X_read_dword  vl53l0x_i2c.o
    0x08004cca   0x00000028   Code   RO         4514    i.VL53L0X_read_multi  vl53l0x_i2c.o
    0x08004cf2   0x0000002a   Code   RO         4515    i.VL53L0X_read_word  vl53l0x_i2c.o
    0x08004d1c   0x000000b0   Code   RO         4111    i.VL53L0X_ref_calibration_io  vl53l0x_api_calibration.o
    0x08004dcc   0x00000126   Code   RO         4280    i.VL53L0X_set_measurement_timing_budget_micro_seconds  vl53l0x_api_core.o
    0x08004ef2   0x000000c2   Code   RO         4114    i.VL53L0X_set_reference_spads  vl53l0x_api_calibration.o
    0x08004fb4   0x000002fe   Code   RO         4281    i.VL53L0X_set_vcsel_pulse_period  vl53l0x_api_core.o
    0x080052b2   0x0000001a   Code   RO         4516    i.VL53L0X_write_byte  vl53l0x_i2c.o
    0x080052cc   0x00000028   Code   RO         4518    i.VL53L0X_write_multi  vl53l0x_i2c.o
    0x080052f4   0x00000056   Code   RO         4519    i.VL53L0X_write_word  vl53l0x_i2c.o
    0x0800534a   0x00000002   PAD
    0x0800534c   0x00000050   Code   RO         4520    i.VL_IIC_Ack        vl53l0x_i2c.o
    0x0800539c   0x00000050   Code   RO         4521    i.VL_IIC_NAck       vl53l0x_i2c.o
    0x080053ec   0x00000070   Code   RO         4523    i.VL_IIC_Read_Byte  vl53l0x_i2c.o
    0x0800545c   0x0000006a   Code   RO         4524    i.VL_IIC_Read_nByte  vl53l0x_i2c.o
    0x080054c6   0x00000002   PAD
    0x080054c8   0x00000074   Code   RO         4525    i.VL_IIC_Send_Byte  vl53l0x_i2c.o
    0x0800553c   0x0000004c   Code   RO         4526    i.VL_IIC_Start      vl53l0x_i2c.o
    0x08005588   0x0000004c   Code   RO         4527    i.VL_IIC_Stop       vl53l0x_i2c.o
    0x080055d4   0x00000064   Code   RO         4528    i.VL_IIC_Wait_Ack   vl53l0x_i2c.o
    0x08005638   0x00000050   Code   RO         4530    i.VL_IIC_Write_nByte  vl53l0x_i2c.o
    0x08005688   0x00000020   Code   RO         5244    i.__0printf         mc_w.l(printfa.o)
    0x080056a8   0x00000028   Code   RO         5359    i.__ARM_fpclassify  m_ws.l(fpclassify.o)
    0x080056d0   0x00000388   Code   RO         5364    i.__ieee754_rem_pio2  m_ws.l(rred.o)
    0x08005a58   0x000000fc   Code   RO         5342    i.__kernel_cos      m_ws.l(cos_i.o)
    0x08005b54   0x000000aa   Code   RO         5361    i.__kernel_poly     m_ws.l(poly.o)
    0x08005bfe   0x00000002   PAD
    0x08005c00   0x000000ec   Code   RO         5369    i.__kernel_sin      m_ws.l(sin_i.o)
    0x08005cec   0x00000006   Code   RO         5346    i.__mathlib_dbl_infnan  m_ws.l(dunder.o)
    0x08005cf2   0x00000004   Code   RO         5347    i.__mathlib_dbl_infnan2  m_ws.l(dunder.o)
    0x08005cf6   0x0000000c   Code   RO         5348    i.__mathlib_dbl_invalid  m_ws.l(dunder.o)
    0x08005d02   0x00000002   PAD
    0x08005d04   0x00000010   Code   RO         5351    i.__mathlib_dbl_underflow  m_ws.l(dunder.o)
    0x08005d14   0x0000000e   Code   RO         5429    i.__scatterload_copy  mc_w.l(handlers.o)
    0x08005d22   0x00000002   Code   RO         5430    i.__scatterload_null  mc_w.l(handlers.o)
    0x08005d24   0x0000000e   Code   RO         5431    i.__scatterload_zeroinit  mc_w.l(handlers.o)
    0x08005d32   0x00000002   PAD
    0x08005d34   0x0000000c   Code   RO         5403    i.__set_errno       mc_w.l(errno.o)
    0x08005d40   0x00000164   Code   RO         5251    i._fp_digits        mc_w.l(printfa.o)
    0x08005ea4   0x000006dc   Code   RO         5252    i._printf_core      mc_w.l(printfa.o)
    0x08006580   0x00000024   Code   RO         5253    i._printf_post_padding  mc_w.l(printfa.o)
    0x080065a4   0x0000002e   Code   RO         5254    i._printf_pre_padding  mc_w.l(printfa.o)
    0x080065d2   0x0000000e   Code   RO         1045    i.absolute          control.o
    0x080065e0   0x00000270   Code   RO         4955    i.asin              m_ws.l(asin.o)
    0x08006850   0x00000220   Code   RO         5333    i.atan              m_ws.l(atan.o)
    0x08006a70   0x00000180   Code   RO         4965    i.atan2             m_ws.l(atan2.o)
    0x08006bf0   0x0000009c   Code   RO         4973    i.cos               m_ws.l(cos.o)
    0x08006c8c   0x00000064   Code   RO         3003    i.decode_gesture    inv_mpu_dmp_motion_driver.o
    0x08006cf0   0x00000014   Code   RO         1046    i.delay1            control.o
    0x08006d04   0x000001cc   Code   RO         3013    i.dmp_read_fifo     inv_mpu_dmp_motion_driver.o
    0x08006ed0   0x000000ac   Code   RO         4116    i.enable_ref_spads  vl53l0x_api_calibration.o
    0x08006f7c   0x00000032   Code   RO         4117    i.enable_spad_bit   vl53l0x_api_calibration.o
    0x08006fae   0x00000002   PAD
    0x08006fb0   0x0000001c   Code   RO          420    i.fputc             ec_usart.o
    0x08006fcc   0x000000ec   Code   RO         1047    i.gengsui           control.o
    0x080070b8   0x000000e0   Code   RO         1048    i.gengsui2          control.o
    0x08007198   0x00000090   Code   RO         1049    i.get_distance      control.o
    0x08007228   0x00000068   Code   RO         4118    i.get_next_good_spad  vl53l0x_api_calibration.o
    0x08007290   0x00000018   Code   RO         4119    i.get_ref_spad_map  vl53l0x_api_calibration.o
    0x080072a8   0x00000122   Code   RO         4282    i.get_sequence_step_timeout  vl53l0x_api_core.o
    0x080073ca   0x00000002   PAD
    0x080073cc   0x000001dc   Code   RO         1050    i.go_anywhere       control.o
    0x080075a8   0x00000072   Code   RO         1052    i.go_right          control.o
    0x0800761a   0x00000076   Code   RO         3206    i.i2cRead           ioi2c_1.o
    0x08007690   0x00000060   Code   RO         3207    i.i2cWrite          ioi2c_1.o
    0x080076f0   0x00000018   Code   RO         4120    i.is_aperture       vl53l0x_api_calibration.o
    0x08007708   0x00000210   Code   RO           13    i.main              main.o
    0x08007918   0x0000006c   Code   RO         5273    i.malloc            mc_w.l(malloc.o)
    0x08007984   0x000001e0   Code   RO         1054    i.move_ahead        control.o
    0x08007b64   0x00000040   Code   RO         1057    i.move_time         control.o
    0x08007ba4   0x000000c0   Code   RO         2728    i.mpu_read_fifo_stream  inv_mpu.o
    0x08007c64   0x000001bc   Code   RO         2732    i.mpu_reset_fifo    inv_mpu.o
    0x08007e20   0x00000002   Code   RO         2746    i.myget_ms          inv_mpu.o
    0x08007e22   0x0000006e   Code   RO         4121    i.perform_ref_signal_measurement  vl53l0x_api_calibration.o
    0x08007e90   0x00000034   Code   RO         4731    i.print_pal_error   vl53l0x.o
    0x08007ec4   0x00000048   Code   RO         3556    i.sequence_step_enabled  vl53l0x_api.o
    0x08007f0c   0x00000100   Code   RO         1058    i.set_direction     control.o
    0x0800800c   0x00000018   Code   RO         4122    i.set_ref_spad_map  vl53l0x_api_calibration.o
    0x08008024   0x00000132   Code   RO         4283    i.set_sequence_step_timeout  vl53l0x_api_core.o
    0x08008156   0x00000002   PAD
    0x08008158   0x000000a0   Code   RO         4981    i.sin               m_ws.l(sin.o)
    0x080081f8   0x0000004c   Code   RO         4989    i.sqrt              m_ws.l(sqrt.o)
    0x08008244   0x000000a4   Code   RO         4732    i.vl53l0x_Addr_set  vl53l0x.o
    0x080082e8   0x00000104   Code   RO         4733    i.vl53l0x_info      vl53l0x.o
    0x080083ec   0x00000104   Code   RO         4734    i.vl53l0x_info2     vl53l0x.o
    0x080084f0   0x000000d4   Code   RO         4736    i.vl53l0x_init      vl53l0x.o
    0x080085c4   0x000000ec   Code   RO         4737    i.vl53l0x_init_2    vl53l0x.o
    0x080086b0   0x00000128   Code   RO         4869    i.vl53l0x_set_mode  vl53l0x_gen.o
    0x080087d8   0x00000011   Data   RO           14    .constdata          main.o
    0x080087e9   0x00000003   PAD
    0x080087ec   0x00000050   Data   RO         2748    .constdata          inv_mpu.o
    0x0800883c   0x00000004   PAD
    0x08008840   0x00000050   Data   RO         4956    .constdata          m_ws.l(asin.o)
    0x08008890   0x00000098   Data   RO         5334    .constdata          m_ws.l(atan.o)
    0x08008928   0x00000030   Data   RO         5343    .constdata          m_ws.l(cos_i.o)
    0x08008958   0x00000008   Data   RO         5363    .constdata          m_ws.l(qnan.o)
    0x08008960   0x000000c8   Data   RO         5366    .constdata          m_ws.l(rred.o)
    0x08008a28   0x00000028   Data   RO         5370    .constdata          m_ws.l(sin_i.o)
    0x08008a50   0x00000020   Data   RO         5427    Region$$Table       anon$$obj.o


    Execution Region RW_IRAM1 (Base: 0x20000000, Size: 0x00001858, Max: 0x0000c000, ABSOLUTE, COMPRESSED[0x000002ec])

    Base Addr    Size         Type   Attr      Idx    E Section Name        Object

    0x20000000   0x00000001   Data   RW          353    .data               ec_timer.o
    0x20000001   0x00000003   PAD
    0x20000004   0x00000008   Data   RW          422    .data               ec_usart.o
    0x2000000c   0x00000004   Data   RW          475    .data               ec_delay.o
    0x20000010   0x00000014   Data   RW          524    .data               system_stm32f10x.o
    0x20000024   0x00000018   Data   RW         1061    .data               control.o
    0x2000003c   0x00000014   Data   RW         2076    .data               stm32f10x_rcc.o
    0x20000050   0x0000002c   Data   RW         2750    .data               inv_mpu.o
    0x2000007c   0x00000030   Data   RW         3328    .data               mpu6050.o
    0x200000ac   0x000002a9   Data   RW         3557    .data               vl53l0x_api.o
    0x20000355   0x00000003   PAD
    0x20000358   0x00000010   Data   RW         4123    .data               vl53l0x_api_calibration.o
    0x20000368   0x00000039   Data   RW         4741    .data               vl53l0x.o
    0x200003a1   0x00000003   PAD
    0x200003a4   0x0000000d   Data   RW         4919    .data               vl53l0x_it.o
    0x200003b1   0x00000003   PAD
    0x200003b4   0x00000004   Data   RW         5399    .data               mc_w.l(mvars.o)
    0x200003b8   0x00000004   Data   RW         5400    .data               mc_w.l(mvars.o)
    0x200003bc   0x00000004   Data   RW         5404    .data               mc_w.l(errno.o)
    0x200003c0   0x000000c8   Zero   RW          421    .bss                ec_usart.o
    0x20000488   0x00000800   Zero   RW          941    .bss                stmflash.o
    0x20000c88   0x00000010   Zero   RW         3031    .bss                inv_mpu_dmp_motion_driver.o
    0x20000c98   0x00000549   Zero   RW         4740    .bss                vl53l0x.o
    0x200011e1   0x00000003   PAD
    0x200011e4   0x00000074   Zero   RW         4871    .bss                vl53l0x_gen.o
    0x20001258   0x00000200   Zero   RW            2    HEAP                startup_stm32f10x_hd.o
    0x20001458   0x00000400   Zero   RW            1    STACK               startup_stm32f10x_hd.o


==============================================================================

Image component sizes


      Code (inc. data)   RO Data    RW Data    ZI Data      Debug   Object Name

      2028        152          0         24          0       6552   control.o
       220         26          0          4          0       1625   ec_delay.o
        80         10          0          0          0        942   ec_led.o
      1404         44          0          0          0       5778   ec_motor.o
        36          4          0          1          0        466   ec_timer.o
       324         26          0          8        200       9807   ec_usart.o
       638         12         80         44          0       5925   inv_mpu.o
       560         10          0          0         16       6976   inv_mpu_dmp_motion_driver.o
       858         88          0          0          0       5348   ioi2c_1.o
       528        178         17          0          0     265081   main.o
       172         22          0          0          0       1981   misc.o
       604         44          0         48          0       1874   mpu6050.o
        48         18          0          0          0        858   stack.o
        36          8        304          0       1536        820   startup_stm32f10x_hd.o
        12          6          0          0          0        481   stm32f10x_exti.o
       274         30          0          0          0       9510   stm32f10x_flash.o
       286          0          0          0          0       2940   stm32f10x_gpio.o
        26          0          0          0          0       3758   stm32f10x_it.o
       276         32          0         20          0       4346   stm32f10x_rcc.o
       426         62          0          0          0       4500   stm32f10x_tim.o
       408          6          0          0          0       4794   stm32f10x_usart.o
       310         10          0          0       2048       3257   stmflash.o
       328         28          0         20          0       2157   system_stm32f10x.o
      1300        540          0         57       1353       6596   vl53l0x.o
      3988         62          0        681          0      29472   vl53l0x_api.o
      2012          6          0         16          0      14439   vl53l0x_api_calibration.o
      5792         18          0          0          0      27083   vl53l0x_api_core.o
      1016        500          0          0          0       3115   vl53l0x_api_strings.o
       296          4          0          0        116       1864   vl53l0x_gen.o
      1202        100          0          0          0      11034   vl53l0x_i2c.o
        40         18          0         13          0       1331   vl53l0x_it.o
       442          0          0          0          0       6751   vl53l0x_platform.o

    ----------------------------------------------------------------------
     26006       2064        440        948       5272     451461   Object Totals
         0          0         32          0          0          0   (incl. Generated)
        36          0          7         12          3          0   (incl. Padding)

    ----------------------------------------------------------------------

      Code (inc. data)   RO Data    RW Data    ZI Data      Debug   Library Member Name

       624         52         80          0          0        168   asin.o
       544         70        152          0          0        124   atan.o
       384         38          0          0          0        144   atan2.o
       156          8          0          0          0        104   cos.o
       252         22         48          0          0        124   cos_i.o
        38          6          0          0          0        272   dunder.o
        40          0          0          0          0         68   fpclassify.o
       170          0          0          0          0         96   poly.o
         0          0          8          0          0          0   qnan.o
       904         76        200          0          0        140   rred.o
       160         10          0          0          0        108   sin.o
       236         12         40          0          0        128   sin_i.o
        76          0          0          0          0         84   sqrt.o
        86          0          0          0          0          0   __dczerorl2.o
         0          0          0          0          0          0   entry.o
         0          0          0          0          0          0   entry10a.o
         0          0          0          0          0          0   entry11a.o
         8          4          0          0          0          0   entry2.o
         4          0          0          0          0          0   entry5.o
         0          0          0          0          0          0   entry7b.o
         0          0          0          0          0          0   entry8b.o
         8          4          0          0          0          0   entry9a.o
        12          6          0          4          0         68   errno.o
        30          0          0          0          0          0   handlers.o
        36          8          0          0          0         68   init.o
         0          0          0          0          0          0   iusefp.o
        30          0          0          0          0         68   llshl.o
        36          0          0          0          0         68   llsshr.o
        32          0          0          0          0         68   llushr.o
       108         16          0          0          0         84   malloc.o
        36          0          0          0          0         68   memcpya.o
        36          0          0          0          0        108   memseta.o
         0          0          0          8          0          0   mvars.o
      2226         90          0          0          0        444   printfa.o
        18          0          0          0          0         68   strcpy.o
        44          0          0          0          0         80   uidiv.o
        98          0          0          0          0         92   uldiv.o
        48          0          0          0          0         68   cdrcmple.o
        56          0          0          0          0         88   d2f.o
       334          0          0          0          0        148   dadd.o
       222          0          0          0          0        100   ddiv.o
       186          0          0          0          0        176   depilogue.o
        62          0          0          0          0         80   dfixi.o
        48          0          0          0          0         68   dfixul.o
        34          0          0          0          0         76   dflti.o
        26          0          0          0          0         76   dfltui.o
       228          0          0          0          0         96   dmul.o
        46          0          0          0          0         80   dscalb.o
       162          0          0          0          0        100   dsqrt.o
        38          0          0          0          0         68   f2d.o
       176          0          0          0          0        140   fadd.o
       124          0          0          0          0         88   fdiv.o
       110          0          0          0          0        168   fepilogue.o
        18          0          0          0          0         68   fflti.o
        10          0          0          0          0         68   ffltui.o
       100          0          0          0          0         76   fmul.o

    ----------------------------------------------------------------------
      8466        422        528         12          0       4676   Library Totals
         6          0          0          0          0          0   (incl. Padding)

    ----------------------------------------------------------------------

      Code (inc. data)   RO Data    RW Data    ZI Data      Debug   Library Name

      3584        294        528          0          0       1560   m_ws.l
      2848        128          0         12          0       1284   mc_w.l
      2028          0          0          0          0       1832   mf_w.l

    ----------------------------------------------------------------------
      8466        422        528         12          0       4676   Library Totals

    ----------------------------------------------------------------------

==============================================================================


      Code (inc. data)   RO Data    RW Data    ZI Data      Debug   

     34472       2486        968        960       5272     443681   Grand Totals
     34472       2486        968        748       5272     443681   ELF Image Totals (compressed)
     34472       2486        968        748          0          0   ROM Totals

==============================================================================

    Total RO  Size (Code + RO Data)                35440 (  34.61kB)
    Total RW  Size (RW Data + ZI Data)              6232 (   6.09kB)
    Total ROM Size (Code + RO Data + RW Data)      36188 (  35.34kB)

==============================================================================

