Component: ARM Compiler 5.05 update 1 (build 106) Tool: armlink [4d0efa]

==============================================================================

Section Cross References

    startup_stm32f10x_hd.o(RESET) refers to startup_stm32f10x_hd.o(STACK) for __initial_sp
    startup_stm32f10x_hd.o(RESET) refers to startup_stm32f10x_hd.o(.text) for Reset_Handler
    startup_stm32f10x_hd.o(RESET) refers to stm32f10x_it.o(i.NMI_Handler) for NMI_Handler
    startup_stm32f10x_hd.o(RESET) refers to stm32f10x_it.o(i.HardFault_Handler) for HardFault_Handler
    startup_stm32f10x_hd.o(RESET) refers to stm32f10x_it.o(i.MemManage_Handler) for MemManage_Handler
    startup_stm32f10x_hd.o(RESET) refers to stm32f10x_it.o(i.BusFault_Handler) for BusFault_Handler
    startup_stm32f10x_hd.o(RESET) refers to stm32f10x_it.o(i.UsageFault_Handler) for UsageFault_Handler
    startup_stm32f10x_hd.o(RESET) refers to stm32f10x_it.o(i.SVC_Handler) for SVC_Handler
    startup_stm32f10x_hd.o(RESET) refers to stm32f10x_it.o(i.DebugMon_Handler) for DebugMon_Handler
    startup_stm32f10x_hd.o(RESET) refers to stm32f10x_it.o(i.PendSV_Handler) for PendSV_Handler
    startup_stm32f10x_hd.o(RESET) refers to stm32f10x_it.o(i.SysTick_Handler) for SysTick_Handler
    startup_stm32f10x_hd.o(RESET) refers to vl53l0x_it.o(i.EXTI4_IRQHandler) for EXTI4_IRQHandler
    startup_stm32f10x_hd.o(RESET) refers to ec_timer.o(i.TIM2_IRQHandler) for TIM2_IRQHandler
    startup_stm32f10x_hd.o(RESET) refers to ec_usart.o(i.USART1_IRQHandler) for USART1_IRQHandler
    startup_stm32f10x_hd.o(.text) refers to system_stm32f10x.o(i.SystemInit) for SystemInit
    startup_stm32f10x_hd.o(.text) refers to entry.o(.ARM.Collect$$$$00000000) for __main
    main.o(i.main) refers to stack.o(i.CreateStack) for CreateStack
    main.o(i.main) refers to ec_delay.o(i.Delay_Initialize) for Delay_Initialize
    main.o(i.main) refers to ec_usart.o(i.Uart1_Initialize) for Uart1_Initialize
    main.o(i.main) refers to ec_led.o(i.Led_Initialize) for Led_Initialize
    main.o(i.main) refers to ioi2c_1.o(i.IIC_Init) for IIC_Init
    main.o(i.main) refers to mpu6050.o(i.MPU6050_initialize) for MPU6050_initialize
    main.o(i.main) refers to mpu6050.o(i.DMP_Init) for DMP_Init
    main.o(i.main) refers to ec_delay.o(i.Delay_ms) for Delay_ms
    main.o(i.main) refers to ec_motor.o(i.Motor_Initialize) for Motor_Initialize
    main.o(i.main) refers to misc.o(i.NVIC_PriorityGroupConfig) for NVIC_PriorityGroupConfig
    main.o(i.main) refers to vl53l0x.o(i.vl53l0x_init) for vl53l0x_init
    main.o(i.main) refers to printfa.o(i.__0printf) for __2printf
    main.o(i.main) refers to vl53l0x_gen.o(i.vl53l0x_set_mode) for vl53l0x_set_mode
    main.o(i.main) refers to vl53l0x.o(i.One_measurement) for One_measurement
    main.o(i.main) refers to vl53l0x.o(i.vl53l0x_init_2) for vl53l0x_init_2
    main.o(i.main) refers to vl53l0x.o(i.One_measurement2) for One_measurement2
    main.o(i.main) refers to vl53l0x.o(i.vl53l0x_info) for vl53l0x_info
    main.o(i.main) refers to vl53l0x.o(i.vl53l0x_info2) for vl53l0x_info2
    main.o(i.main) refers to ec_motor.o(i.Motor_EnableDriver) for Motor_EnableDriver
    main.o(i.main) refers to mpu6050.o(i.Read_DMP) for Read_DMP
    main.o(i.main) refers to f2d.o(.text) for __aeabi_f2d
    main.o(i.main) refers to vl53l0x.o(.bss) for vl53l0x_dev
    main.o(i.main) refers to mpu6050.o(.data) for accel
    main.o(i.main) refers to control.o(.data) for Yaw
    ec_led.o(i.Led_Initialize) refers to stm32f10x_rcc.o(i.RCC_APB2PeriphClockCmd) for RCC_APB2PeriphClockCmd
    ec_led.o(i.Led_Initialize) refers to stm32f10x_gpio.o(i.GPIO_Init) for GPIO_Init
    ec_led.o(i.Led_On) refers to stm32f10x_gpio.o(i.GPIO_SetBits) for GPIO_SetBits
    ec_led.o(i.Led_On) refers to stm32f10x_gpio.o(i.GPIO_ResetBits) for GPIO_ResetBits
    ec_motor.o(i.Motor_Config) refers to ec_motor.o(i.GetTIM_Index) for GetTIM_Index
    ec_motor.o(i.Motor_Config) refers to stm32f10x_rcc.o(i.RCC_APB2PeriphClockCmd) for RCC_APB2PeriphClockCmd
    ec_motor.o(i.Motor_Config) refers to stm32f10x_rcc.o(i.RCC_APB1PeriphClockCmd) for RCC_APB1PeriphClockCmd
    ec_motor.o(i.Motor_Config) refers to stm32f10x_rcc.o(i.RCC_GetClocksFreq) for RCC_GetClocksFreq
    ec_motor.o(i.Motor_Config) refers to stm32f10x_tim.o(i.TIM_TimeBaseInit) for TIM_TimeBaseInit
    ec_motor.o(i.Motor_Config) refers to stm32f10x_tim.o(i.TIM_OC1Init) for TIM_OC1Init
    ec_motor.o(i.Motor_Config) refers to stm32f10x_tim.o(i.TIM_OC1PreloadConfig) for TIM_OC1PreloadConfig
    ec_motor.o(i.Motor_Config) refers to stm32f10x_tim.o(i.TIM_BDTRConfig) for TIM_BDTRConfig
    ec_motor.o(i.Motor_Config) refers to stm32f10x_tim.o(i.TIM_CtrlPWMOutputs) for TIM_CtrlPWMOutputs
    ec_motor.o(i.Motor_Config) refers to stm32f10x_gpio.o(i.GPIO_Init) for GPIO_Init
    ec_motor.o(i.Motor_Config) refers to stm32f10x_tim.o(i.TIM_Cmd) for TIM_Cmd
    ec_motor.o(i.Motor_Config1) refers to ec_motor.o(i.GetTIM_Index) for GetTIM_Index
[...]
    aTodd                                    0x0800a168   Data          40  atan.o(.constdata)
    aTeven                                   0x0800a190   Data          48  atan.o(.constdata)
    .constdata                               0x0800a1c0   Section        8  qnan.o(.constdata)
    .conststring                             0x0800a1c8   Section       78  inv_mpu.o(.conststring)
    .data                                    0x20000000   Section        1  ec_timer.o(.data)
    on                                       0x20000000   Data           1  ec_timer.o(.data)
    .data                                    0x20000004   Section        8  ec_usart.o(.data)
    .data                                    0x2000000c   Section        4  ec_delay.o(.data)
    fac_us                                   0x2000000c   Data           1  ec_delay.o(.data)
    fac_ms                                   0x2000000e   Data           2  ec_delay.o(.data)
    .data                                    0x20000010   Section       20  system_stm32f10x.o(.data)
    .data                                    0x20000024   Section       24  control.o(.data)
    .data                                    0x2000003c   Section       20  stm32f10x_rcc.o(.data)
    APBAHBPrescTable                         0x2000003c   Data          16  stm32f10x_rcc.o(.data)
    ADCPrescTable                            0x2000004c   Data           4  stm32f10x_rcc.o(.data)
    .data                                    0x20000050   Section       44  inv_mpu.o(.data)
    st                                       0x20000050   Data          44  inv_mpu.o(.data)
    .data                                    0x2000007c   Section       48  mpu6050.o(.data)
    gyro_orientation                         0x2000009c   Data           9  mpu6050.o(.data)
    .data                                    0x200000ac   Section      681  vl53l0x_api.o(.data)
    .data                                    0x20000358   Section       16  vl53l0x_api_calibration.o(.data)
    .data                                    0x20000368   Section       57  vl53l0x.o(.data)
    .data                                    0x200003a4   Section       13  vl53l0x_it.o(.data)
    .data                                    0x200003b4   Section        4  mvars.o(.data)
    .data                                    0x200003b8   Section        4  mvars.o(.data)
    .data                                    0x200003bc   Section        4  errno.o(.data)
    _errno                                   0x200003bc   Data           4  errno.o(.data)
    .bss                                     0x200003c0   Section      200  ec_usart.o(.bss)
    .bss                                     0x20000488   Section       16  inv_mpu_dmp_motion_driver.o(.bss)
    dmp                                      0x20000488   Data          16  inv_mpu_dmp_motion_driver.o(.bss)
    .bss                                     0x20000498   Section     1353  vl53l0x.o(.bss)
    .bss                                     0x200009e4   Section      116  vl53l0x_gen.o(.bss)
    buf                                      0x20000a38   Data          32  vl53l0x_gen.o(.bss)
    HEAP                                     0x20000a58   Section      512  startup_stm32f10x_hd.o(HEAP)
    STACK                                    0x20000c58   Section     1024  startup_stm32f10x_hd.o(STACK)

    Global Symbols

    Symbol Name                              Value     Ov Type        Size  Object(Section)

    BuildAttributes$$THM_ISAv4$P$D$K$B$S$PE$A:L22UL41UL21$X:L11$S22US41US21$IEEE1$IW$USESV6$~STKCKD$USESV7$~SHL$OTIME$ROPI$IEEEX$EBA8$MICROLIB$REQ8$PRES8$EABIv2 0x00000000   Number         0  anon$$obj.o ABSOLUTE
    __ARM_use_no_argv                        0x00000000   Number         0  main.o ABSOLUTE
    __use_no_errno                           0x00000000   Number         0  useno.o ABSOLUTE
    __use_no_exception_handling              0x00000000   Number         0  useno.o ABSOLUTE
    __use_no_fp                              0x00000000   Number         0  useno.o ABSOLUTE
    __use_no_heap                            0x00000000   Number         0  useno.o ABSOLUTE
    __use_no_heap_region                     0x00000000   Number         0  useno.o ABSOLUTE
    __use_no_semihosting                     0x00000000   Number         0  useno.o ABSOLUTE
    __use_no_semihosting_swi                 0x00000000   Number         0  useno.o ABSOLUTE
    __use_no_signal_handling                 0x00000000   Number         0  useno.o ABSOLUTE
    _printf_a                                0x00000000   Number         0  stubs.o ABSOLUTE
    _printf_c                                0x00000000   Number         0  stubs.o ABSOLUTE
    _printf_charcount                        0x00000000   Number         0  stubs.o ABSOLUTE
    _printf_d                                0x00000000   Number         0  stubs.o ABSOLUTE
    _printf_e                                0x00000000   Number         0  stubs.o ABSOLUTE
    _printf_f                                0x00000000   Number         0  stubs.o ABSOLUTE
    _printf_flags                            0x00000000   Number         0  stubs.o ABSOLUTE
    _printf_fp_dec                           0x00000000   Number         0  stubs.o ABSOLUTE
    _printf_fp_hex                           0x00000000   Number         0  stubs.o ABSOLUTE
    _printf_g                                0x00000000   Number         0  stubs.o ABSOLUTE
    _printf_i                                0x00000000   Number         0  stubs.o ABSOLUTE
    _printf_int_dec                          0x00000000   Number         0  stubs.o ABSOLUTE
    _printf_l                                0x00000000   Number         0  stubs.o ABSOLUTE
    _printf_lc                               0x00000000   Number         0  stubs.o ABSOLUTE
    _printf_ll                               0x00000000   Number         0  stubs.o ABSOLUTE
    _printf_lld                              0x00000000   Number         0  stubs.o ABSOLUTE
    _printf_lli                              0x00000000   Number         0  stubs.o ABSOLUTE
    _printf_llo                              0x00000000   Number         0  stubs.o ABSOLUTE
    _printf_llu                              0x00000000   Number         0  stubs.o ABSOLUTE
    _printf_llx                              0x00000000   Number         0  stubs.o ABSOLUTE
    _printf_longlong_dec                     0x00000000   Number         0  stubs.o ABSOLUTE
    _printf_longlong_hex                     0x00000000   Number         0  stubs.o ABSOLUTE
    _printf_longlong_oct                     0x00000000   Number         0  stubs.o ABSOLUTE
    _printf_ls                               0x00000000   Number         0  stubs.o ABSOLUTE
    _printf_mbtowc                           0x00000000   Number         0  stubs.o ABSOLUTE
    _printf_n                                0x00000000   Number         0  stubs.o ABSOLUTE
    _printf_o                                0x00000000   Number         0  stubs.o ABSOLUTE
    _printf_p                                0x00000000   Number         0  stubs.o ABSOLUTE
    _printf_percent                          0x00000000   Number         0  stubs.o ABSOLUTE
    _printf_pre_padding                      0x00000000   Number         0  stubs.o ABSOLUTE
    _printf_return_value                     0x00000000   Number         0  stubs.o ABSOLUTE
    _printf_s                                0x00000000   Number         0  stubs.o ABSOLUTE
    _printf_sizespec                         0x00000000   Number         0  stubs.o ABSOLUTE
    _printf_str                              0x00000000   Number         0  stubs.o ABSOLUTE
    _printf_truncate_signed                  0x00000000   Number         0  stubs.o ABSOLUTE
    _printf_truncate_unsigned                0x00000000   Number         0  stubs.o ABSOLUTE
    _printf_u                                0x00000000   Number         0  stubs.o ABSOLUTE
    _printf_wc                               0x00000000   Number         0  stubs.o ABSOLUTE
    _printf_wctomb                           0x00000000   Number         0  stubs.o ABSOLUTE
    _printf_widthprec                        0x00000000   Number         0  stubs.o ABSOLUTE
    _printf_x                                0x00000000   Number         0  stubs.o ABSOLUTE
    __cpp_initialize__aeabi_                  - Undefined Weak Reference
    __cxa_finalize                            - Undefined Weak Reference
    _clock_init                               - Undefined Weak Reference
    _microlib_exit                            - Undefined Weak Reference
    __Vectors_Size                           0x00000130   Number         0  startup_stm32f10x_hd.o ABSOLUTE
    __Vectors                                0x08000000   Data           4  startup_stm32f10x_hd.o(RESET)
    __Vectors_End                            0x08000130   Data           0  startup_stm32f10x_hd.o(RESET)
    __main                                   0x08000131   Thumb Code     0  entry.o(.ARM.Collect$$$$00000000)
    _main_stk                                0x08000131   Thumb Code     0  entry2.o(.ARM.Collect$$$$00000001)
    _main_scatterload                        0x08000135   Thumb Code     0  entry5.o(.ARM.Collect$$$$00000004)
    __main_after_scatterload                 0x08000139   Thumb Code     0  entry5.o(.ARM.Collect$$$$00000004)
    _main_clock                              0x08000139   Thumb Code     0  entry7b.o(.ARM.Collect$$$$00000008)
    _main_cpp_init                           0x08000139   Thumb Code     0  entry8b.o(.ARM.Collect$$$$0000000A)
    _main_init                               0x08000139   Thumb Code     0  entry9a.o(.ARM.Collect$$$$0000000B)
    __rt_final_cpp                           0x08000141   Thumb Code     0  entry10a.o(.ARM.Collect$$$$0000000D)
    __rt_final_exit                          0x08000141   Thumb Code     0  entry11a.o(.ARM.Collect$$$$0000000F)
    Reset_Handler                            0x08000145   Thumb Code     8  startup_stm32f10x_hd.o(.text)
    ADC1_2_IRQHandler                        0x0800015f   Thumb Code     0  startup_stm32f10x_hd.o(.text)
    ADC3_IRQHandler                          0x0800015f   Thumb Code     0  startup_stm32f10x_hd.o(.text)
    CAN1_RX1_IRQHandler                      0x0800015f   Thumb Code     0  startup_stm32f10x_hd.o(.text)
    CAN1_SCE_IRQHandler                      0x0800015f   Thumb Code     0  startup_stm32f10x_hd.o(.text)
    DMA1_Channel1_IRQHandler                 0x0800015f   Thumb Code     0  startup_stm32f10x_hd.o(.text)
    DMA1_Channel2_IRQHandler                 0x0800015f   Thumb Code     0  startup_stm32f10x_hd.o(.text)
    DMA1_Channel3_IRQHandler                 0x0800015f   Thumb Code     0  startup_stm32f10x_hd.o(.text)
    DMA1_Channel4_IRQHandler                 0x0800015f   Thumb Code     0  startup_stm32f10x_hd.o(.text)
    DMA1_Channel5_IRQHandler                 0x0800015f   Thumb Code     0  startup_stm32f10x_hd.o(.text)
    DMA1_Channel6_IRQHandler                 0x0800015f   Thumb Code     0  startup_stm32f10x_hd.o(.text)
    DMA1_Channel7_IRQHandler                 0x0800015f   Thumb Code     0  startup_stm32f10x_hd.o(.text)
    DMA2_Channel1_IRQHandler                 0x0800015f   Thumb Code     0  startup_stm32f10x_hd.o(.text)
    DMA2_Channel2_IRQHandler                 0x0800015f   Thumb Code     0  startup_stm32f10x_hd.o(.text)
    DMA2_Channel3_IRQHandler                 0x0800015f   Thumb Code     0  startup_stm32f10x_hd.o(.text)
    DMA2_Channel4_5_IRQHandler               0x0800015f   Thumb Code     0  startup_stm32f10x_hd.o(.text)
    EXTI0_IRQHandler                         0x0800015f   Thumb Code     0  startup_stm32f10x_hd.o(.text)
    EXTI15_10_IRQHandler                     0x0800015f   Thumb Code     0  startup_stm32f10x_hd.o(.text)
    EXTI1_IRQHandler                         0x0800015f   Thumb Code     0  startup_stm32f10x_hd.o(.text)
    EXTI2_IRQHandler                         0x0800015f   Thumb Code     0  startup_stm32f10x_hd.o(.text)
    EXTI3_IRQHandler                         0x0800015f   Thumb Code     0  startup_stm32f10x_hd.o(.text)
    EXTI9_5_IRQHandler                       0x0800015f   Thumb Code     0  startup_stm32f10x_hd.o(.text)
    FLASH_IRQHandler                         0x0800015f   Thumb Code     0  startup_stm32f10x_hd.o(.text)
    FSMC_IRQHandler                          0x0800015f   Thumb Code     0  startup_stm32f10x_hd.o(.text)
    I2C1_ER_IRQHandler                       0x0800015f   Thumb Code     0  startup_stm32f10x_hd.o(.text)
    I2C1_EV_IRQHandler                       0x0800015f   Thumb Code     0  startup_stm32f10x_hd.o(.text)
    I2C2_ER_IRQHandler                       0x0800015f   Thumb Code     0  startup_stm32f10x_hd.o(.text)
    I2C2_EV_IRQHandler                       0x0800015f   Thumb Code     0  startup_stm32f10x_hd.o(.text)
    PVD_IRQHandler                           0x0800015f   Thumb Code     0  startup_stm32f10x_hd.o(.text)
    RCC_IRQHandler                           0x0800015f   Thumb Code     0  startup_stm32f10x_hd.o(.text)
    RTCAlarm_IRQHandler                      0x0800015f   Thumb Code     0  startup_stm32f10x_hd.o(.text)
    RTC_IRQHandler                           0x0800015f   Thumb Code     0  startup_stm32f10x_hd.o(.text)
    SDIO_IRQHandler                          0x0800015f   Thumb Code     0  startup_stm32f10x_hd.o(.text)
    SPI1_IRQHandler                          0x0800015f   Thumb Code     0  startup_stm32f10x_hd.o(.text)
    SPI2_IRQHandler                          0x0800015f   Thumb Code     0  startup_stm32f10x_hd.o(.text)
    SPI3_IRQHandler                          0x0800015f   Thumb Code     0  startup_stm32f10x_hd.o(.text)
    TAMPER_IRQHandler                        0x0800015f   Thumb Code     0  startup_stm32f10x_hd.o(.text)
    TIM1_BRK_IRQHandler                      0x0800015f   Thumb Code     0  startup_stm32f10x_hd.o(.text)
    TIM1_CC_IRQHandler                       0x0800015f   Thumb Code     0  startup_stm32f10x_hd.o(.text)
    TIM1_TRG_COM_IRQHandler                  0x0800015f   Thumb Code     0  startup_stm32f10x_hd.o(.text)
    TIM1_UP_IRQHandler                       0x0800015f   Thumb Code     0  startup_stm32f10x_hd.o(.text)
    TIM3_IRQHandler                          0x0800015f   Thumb Code     0  startup_stm32f10x_hd.o(.text)
    TIM4_IRQHandler                          0x0800015f   Thumb Code     0  startup_stm32f10x_hd.o(.text)
    TIM5_IRQHandler                          0x0800015f   Thumb Code     0  startup_stm32f10x_hd.o(.text)
    TIM6_IRQHandler                          0x0800015f   Thumb Code     0  startup_stm32f10x_hd.o(.text)
    TIM7_IRQHandler                          0x0800015f   Thumb Code     0  startup_stm32f10x_hd.o(.text)
    TIM8_BRK_IRQHandler                      0x0800015f   Thumb Code     0  startup_stm32f10x_hd.o(.text)
    TIM8_CC_IRQHandler                       0x0800015f   Thumb Code     0  startup_stm32f10x_hd.o(.text)
    TIM8_TRG_COM_IRQHandler                  0x0800015f   Thumb Code     0  startup_stm32f10x_hd.o(.text)
    TIM8_UP_IRQHandler                       0x0800015f   Thumb Code     0  startup_stm32f10x_hd.o(.text)
    UART4_IRQHandler                         0x0800015f   Thumb Code     0  startup_stm32f10x_hd.o(.text)
    UART5_IRQHandler                         0x0800015f   Thumb Code     0  startup_stm32f10x_hd.o(.text)
    USART2_IRQHandler                        0x0800015f   Thumb Code     0  startup_stm32f10x_hd.o(.text)
    USART3_IRQHandler                        0x0800015f   Thumb Code     0  startup_stm32f10x_hd.o(.text)
    USBWakeUp_IRQHandler                     0x0800015f   Thumb Code     0  startup_stm32f10x_hd.o(.text)
    USB_HP_CAN1_TX_IRQHandler                0x0800015f   Thumb Code     0  startup_stm32f10x_hd.o(.text)
    USB_LP_CAN1_RX0_IRQHandler               0x0800015f   Thumb Code     0  startup_stm32f10x_hd.o(.text)
    WWDG_IRQHandler                          0x0800015f   Thumb Code     0  startup_stm32f10x_hd.o(.text)
    __aeabi_ldivmod                          0x08000169   Thumb Code    98  ldiv.o(.text)
    __aeabi_memcpy                           0x080001cb   Thumb Code    36  memcpya.o(.text)
    __aeabi_memcpy4                          0x080001cb   Thumb Code     0  memcpya.o(.text)
    __aeabi_memcpy8                          0x080001cb   Thumb Code     0  memcpya.o(.text)
    __aeabi_memset                           0x080001ef   Thumb Code    14  memseta.o(.text)
    __aeabi_memset4                          0x080001ef   Thumb Code     0  memseta.o(.text)
    __aeabi_memset8                          0x080001ef   Thumb Code     0  memseta.o(.text)
    __aeabi_memclr                           0x080001fd   Thumb Code     4  memseta.o(.text)
    __aeabi_memclr4                          0x080001fd   Thumb Code     0  memseta.o(.text)
    __aeabi_memclr8                          0x080001fd   Thumb Code     0  memseta.o(.text)
    _memset$wrapper                          0x08000201   Thumb Code    18  memseta.o(.text)
    memcmp                                   0x08000213   Thumb Code    26  memcmp.o(.text)
    strcpy                                   0x0800022d   Thumb Code    18  strcpy.o(.text)
    __aeabi_fadd                             0x0800023f   Thumb Code   164  fadd.o(.text)
    __aeabi_fsub                             0x080002e3   Thumb Code     6  fadd.o(.text)
    __aeabi_frsub                            0x080002e9   Thumb Code     6  fadd.o(.text)
    __aeabi_fmul                             0x080002ef   Thumb Code   100  fmul.o(.text)
    __aeabi_fdiv                             0x08000353   Thumb Code   124  fdiv.o(.text)
    __aeabi_dadd                             0x080003cf   Thumb Code   322  dadd.o(.text)
    __aeabi_dsub                             0x08000511   Thumb Code     6  dadd.o(.text)
    __aeabi_drsub                            0x08000517   Thumb Code     6  dadd.o(.text)
    __aeabi_dmul                             0x0800051d   Thumb Code   228  dmul.o(.text)
    __aeabi_ddiv                             0x08000601   Thumb Code   222  ddiv.o(.text)
    __aeabi_i2f                              0x080006df   Thumb Code    18  fflti.o(.text)
    __aeabi_ui2f                             0x080006f1   Thumb Code    10  ffltui.o(.text)
    __aeabi_f2iz                             0x080006fb   Thumb Code    50  ffixi.o(.text)
    __aeabi_f2uiz                            0x0800072d   Thumb Code    40  ffixui.o(.text)
    __aeabi_f2d                              0x08000755   Thumb Code    38  f2d.o(.text)
    __aeabi_d2f                              0x0800077b   Thumb Code    56  d2f.o(.text)
    __aeabi_cfcmpeq                          0x080007b5   Thumb Code     0  cfcmple.o(.text)
    __aeabi_cfcmple                          0x080007b5   Thumb Code    20  cfcmple.o(.text)
    __aeabi_cfrcmple                         0x080007c9   Thumb Code    20  cfrcmple.o(.text)
    __aeabi_uidiv                            0x080007dd   Thumb Code     0  uidiv.o(.text)
    __aeabi_uidivmod                         0x080007dd   Thumb Code    44  uidiv.o(.text)
    __aeabi_uldivmod                         0x08000809   Thumb Code    98  uldiv.o(.text)
    __aeabi_llsl                             0x0800086b   Thumb Code    30  llshl.o(.text)
    _ll_shift_l                              0x0800086b   Thumb Code     0  llshl.o(.text)
    __aeabi_llsr                             0x08000889   Thumb Code    32  llushr.o(.text)
    _ll_ushift_r                             0x08000889   Thumb Code     0  llushr.o(.text)
    __aeabi_lasr                             0x080008a9   Thumb Code    36  llsshr.o(.text)
    _ll_sshift_r                             0x080008a9   Thumb Code     0  llsshr.o(.text)
    __I$use$fp                               0x080008cd   Thumb Code     0  iusefp.o(.text)
    _float_round                             0x080008cd   Thumb Code    18  fepilogue.o(.text)
    _float_epilogue                          0x080008df   Thumb Code    92  fepilogue.o(.text)
    _double_round                            0x0800093b   Thumb Code    30  depilogue.o(.text)
    _double_epilogue                         0x08000959   Thumb Code   156  depilogue.o(.text)
    __ARM_scalbn                             0x080009f5   Thumb Code    46  dscalb.o(.text)
    scalbn                                   0x080009f5   Thumb Code     0  dscalb.o(.text)
    _dsqrt                                   0x08000a23   Thumb Code   162  dsqrt.o(.text)
    __aeabi_d2ulz                            0x08000ac5   Thumb Code    48  dfixul.o(.text)
    __aeabi_cdrcmple                         0x08000af5   Thumb Code    48  cdrcmple.o(.text)
    __scatterload                            0x08000b25   Thumb Code    28  init.o(.text)
    __scatterload_rt2                        0x08000b25   Thumb Code     0  init.o(.text)
    __decompress                             0x08000b49   Thumb Code     0  __dczerorl2.o(.text)
    __decompress1                            0x08000b49   Thumb Code    86  __dczerorl2.o(.text)
    BusFault_Handler                         0x08000b9f   Thumb Code     4  stm32f10x_it.o(i.BusFault_Handler)
    CreateStack                              0x08000ba5   Thumb Code    30  stack.o(i.CreateStack)
    DMP_Init                                 0x08000bd5   Thumb Code   198  mpu6050.o(i.DMP_Init)
    DebugMon_Handler                         0x08000de9   Thumb Code     2  stm32f10x_it.o(i.DebugMon_Handler)
    Delay_Initialize                         0x08000ded   Thumb Code    50  ec_delay.o(i.Delay_Initialize)
    Delay_ms                                 0x08000e31   Thumb Code    72  ec_delay.o(i.Delay_ms)
    Delay_us                                 0x08000e7d   Thumb Code    72  ec_delay.o(i.Delay_us)
    EXTI4_IRQHandler                         0x08000ec9   Thumb Code    22  vl53l0x_it.o(i.EXTI4_IRQHandler)
    EXTI_ClearITPendingBit                   0x08000ef1   Thumb Code     6  stm32f10x_exti.o(i.EXTI_ClearITPendingBit)
    GPIO_Init                                0x08000efd   Thumb Code   278  stm32f10x_gpio.o(i.GPIO_Init)
    GPIO_ResetBits                           0x08001013   Thumb Code     4  stm32f10x_gpio.o(i.GPIO_ResetBits)
    GPIO_SetBits                             0x08001017   Thumb Code     4  stm32f10x_gpio.o(i.GPIO_SetBits)
    HardFault_Handler                        0x0800101b   Thumb Code     4  stm32f10x_it.o(i.HardFault_Handler)
    I2C_ReadOneByte                          0x0800101f   Thumb Code    70  ioi2c_1.o(i.I2C_ReadOneByte)
    IIC_Ack                                  0x08001065   Thumb Code    64  ioi2c_1.o(i.IIC_Ack)
    IIC_Init                                 0x080010b1   Thumb Code    36  ioi2c_1.o(i.IIC_Init)
    IIC_NAck                                 0x080010dd   Thumb Code    62  ioi2c_1.o(i.IIC_NAck)
    IIC_Read_Byte                            0x08001129   Thumb Code    98  ioi2c_1.o(i.IIC_Read_Byte)
    IIC_Send_Byte                            0x08001199   Thumb Code    88  ioi2c_1.o(i.IIC_Send_Byte)
    IIC_Start                                0x080011fd   Thumb Code    92  ioi2c_1.o(i.IIC_Start)
    IIC_Stop                                 0x08001265   Thumb Code    60  ioi2c_1.o(i.IIC_Stop)
    IIC_Wait_Ack                             0x080012ad   Thumb Code    92  ioi2c_1.o(i.IIC_Wait_Ack)
    IICreadByte                              0x08001315   Thumb Code    22  ioi2c_1.o(i.IICreadByte)
    IICwriteBit                              0x0800132b   Thumb Code    64  ioi2c_1.o(i.IICwriteBit)
    IICwriteBits                             0x0800136b   Thumb Code   106  ioi2c_1.o(i.IICwriteBits)
    IICwriteByte                             0x080013d5   Thumb Code    20  ioi2c_1.o(i.IICwriteByte)
    IICwriteBytes                            0x080013e9   Thumb Code    70  ioi2c_1.o(i.IICwriteBytes)
    Led_Initialize                           0x08001431   Thumb Code    40  ec_led.o(i.Led_Initialize)
    Led_On                                   0x0800145d   Thumb Code    30  ec_led.o(i.Led_On)
    MPU6050_initialize                       0x08001481   Thumb Code    40  mpu6050.o(i.MPU6050_initialize)
    MPU6050_setClockSource                   0x080014a9   Thumb Code    20  mpu6050.o(i.MPU6050_setClockSource)
    MPU6050_setFullScaleAccelRange           0x080014bd   Thumb Code    20  mpu6050.o(i.MPU6050_setFullScaleAccelRange)
    MPU6050_setFullScaleGyroRange            0x080014d1   Thumb Code    20  mpu6050.o(i.MPU6050_setFullScaleGyroRange)
    MPU6050_setI2CBypassEnabled              0x080014e5   Thumb Code    18  mpu6050.o(i.MPU6050_setI2CBypassEnabled)
    MPU6050_setI2CMasterModeEnabled          0x080014f7   Thumb Code    18  mpu6050.o(i.MPU6050_setI2CMasterModeEnabled)
    MPU6050_setSleepEnabled                  0x08001509   Thumb Code    18  mpu6050.o(i.MPU6050_setSleepEnabled)
    MemManage_Handler                        0x0800151b   Thumb Code     4  stm32f10x_it.o(i.MemManage_Handler)
    Motor_EnableDriver                       0x08001521   Thumb Code    26  ec_motor.o(i.Motor_EnableDriver)
    Motor_Initialize                         0x08001541   Thumb Code    72  ec_motor.o(i.Motor_Initialize)
    NMI_Handler                              0x08001591   Thumb Code     2  stm32f10x_it.o(i.NMI_Handler)
    NVIC_Init                                0x08001595   Thumb Code   100  misc.o(i.NVIC_Init)
    NVIC_PriorityGroupConfig                 0x08001605   Thumb Code    10  misc.o(i.NVIC_PriorityGroupConfig)
    One_measurement                          0x08001619   Thumb Code    32  vl53l0x.o(i.One_measurement)
    One_measurement2                         0x08001651   Thumb Code    32  vl53l0x.o(i.One_measurement2)
    PendSV_Handler                           0x0800168d   Thumb Code     2  stm32f10x_it.o(i.PendSV_Handler)
    RCC_APB2PeriphClockCmd                   0x08001691   Thumb Code    26  stm32f10x_rcc.o(i.RCC_APB2PeriphClockCmd)
    RCC_GetClocksFreq                        0x080016b1   Thumb Code   192  stm32f10x_rcc.o(i.RCC_GetClocksFreq)
    Read_DMP                                 0x08001785   Thumb Code   560  mpu6050.o(i.Read_DMP)
    SVC_Handler                              0x080019e1   Thumb Code     2  stm32f10x_it.o(i.SVC_Handler)
    SysTick_CLKSourceConfig                  0x08001acd   Thumb Code    40  misc.o(i.SysTick_CLKSourceConfig)
    SysTick_Handler                          0x08001af5   Thumb Code     2  stm32f10x_it.o(i.SysTick_Handler)
    SystemInit                               0x08001af9   Thumb Code    78  system_stm32f10x.o(i.SystemInit)
    TIM2_IRQHandler                          0x08001b59   Thumb Code    32  ec_timer.o(i.TIM2_IRQHandler)
    TIM_ClearITPendingBit                    0x08001b7d   Thumb Code     6  stm32f10x_tim.o(i.TIM_ClearITPendingBit)
    USART1_IRQHandler                        0x08001b85   Thumb Code   122  ec_usart.o(i.USART1_IRQHandler)
    USART_Cmd                                0x08001c0d   Thumb Code    24  stm32f10x_usart.o(i.USART_Cmd)
    USART_GetITStatus                        0x08001c25   Thumb Code    84  stm32f10x_usart.o(i.USART_GetITStatus)
    USART_ITConfig                           0x08001c79   Thumb Code    74  stm32f10x_usart.o(i.USART_ITConfig)
    USART_Init                               0x08001cc5   Thumb Code   210  stm32f10x_usart.o(i.USART_Init)
    USART_ReceiveData                        0x08001d9d   Thumb Code    10  stm32f10x_usart.o(i.USART_ReceiveData)
    Uart1_Initialize                         0x08001da9   Thumb Code   152  ec_usart.o(i.Uart1_Initialize)
    UsageFault_Handler                       0x08001e49   Thumb Code     4  stm32f10x_it.o(i.UsageFault_Handler)
    VL53L0X_CheckAndLoadInterruptSettings    0x08001e4d   Thumb Code   126  vl53l0x_api.o(i.VL53L0X_CheckAndLoadInterruptSettings)
    VL53L0X_ClearInterruptMask               0x08001ed1   Thumb Code    82  vl53l0x_api.o(i.VL53L0X_ClearInterruptMask)
    VL53L0X_DataInit                         0x08001f25   Thumb Code   420  vl53l0x_api.o(i.VL53L0X_DataInit)
    VL53L0X_GetDeviceInfo                    0x080020d1   Thumb Code    22  vl53l0x_api.o(i.VL53L0X_GetDeviceInfo)
    VL53L0X_GetDeviceMode                    0x080020e7   Thumb Code    10  vl53l0x_api.o(i.VL53L0X_GetDeviceMode)
    VL53L0X_GetDeviceParameters              0x080020f1   Thumb Code   160  vl53l0x_api.o(i.VL53L0X_GetDeviceParameters)
    VL53L0X_GetFractionEnable                0x08002191   Thumb Code    34  vl53l0x_api.o(i.VL53L0X_GetFractionEnable)
    VL53L0X_GetInterMeasurementPeriodMilliSeconds 0x080021b3   Thumb Code    62  vl53l0x_api.o(i.VL53L0X_GetInterMeasurementPeriodMilliSeconds)
    VL53L0X_GetInterruptMaskStatus           0x080021f1   Thumb Code    48  vl53l0x_api.o(i.VL53L0X_GetInterruptMaskStatus)
    VL53L0X_GetInterruptThresholds           0x08002221   Thumb Code    66  vl53l0x_api.o(i.VL53L0X_GetInterruptThresholds)
    VL53L0X_GetLimitCheckEnable              0x08002263   Thumb Code    28  vl53l0x_api.o(i.VL53L0X_GetLimitCheckEnable)
    VL53L0X_GetLimitCheckValue               0x0800227f   Thumb Code   182  vl53l0x_api.o(i.VL53L0X_GetLimitCheckValue)
    VL53L0X_GetMeasurementDataReady          0x08002335   Thumb Code    86  vl53l0x_api.o(i.VL53L0X_GetMeasurementDataReady)
    VL53L0X_GetMeasurementTimingBudgetMicroSeconds 0x0800238b   Thumb Code    22  vl53l0x_api.o(i.VL53L0X_GetMeasurementTimingBudgetMicroSeconds)
    VL53L0X_GetOffsetCalibrationDataMicroMeter 0x080023a1   Thumb Code    22  vl53l0x_api.o(i.VL53L0X_GetOffsetCalibrationDataMicroMeter)
    VL53L0X_GetPalErrorString                0x080023b7   Thumb Code    22  vl53l0x_api.o(i.VL53L0X_GetPalErrorString)
    VL53L0X_GetRangingMeasurementData        0x080023cd   Thumb Code   366  vl53l0x_api.o(i.VL53L0X_GetRangingMeasurementData)
    VL53L0X_GetSequenceStepEnables           0x0800253b   Thumb Code   118  vl53l0x_api.o(i.VL53L0X_GetSequenceStepEnables)
    VL53L0X_GetVcselPulsePeriod              0x080025b1   Thumb Code    30  vl53l0x_api.o(i.VL53L0X_GetVcselPulsePeriod)
    VL53L0X_GetWrapAroundCheckEnable         0x080025cf   Thumb Code    62  vl53l0x_api.o(i.VL53L0X_GetWrapAroundCheckEnable)
    VL53L0X_GetXTalkCompensationEnable       0x0800260d   Thumb Code    12  vl53l0x_api.o(i.VL53L0X_GetXTalkCompensationEnable)
    VL53L0X_GetXTalkCompensationRateMegaCps  0x08002619   Thumb Code    56  vl53l0x_api.o(i.VL53L0X_GetXTalkCompensationRateMegaCps)
    VL53L0X_PerformRefCalibration            0x08002651   Thumb Code    32  vl53l0x_api.o(i.VL53L0X_PerformRefCalibration)
    VL53L0X_PerformRefSpadManagement         0x08002671   Thumb Code    30  vl53l0x_api.o(i.VL53L0X_PerformRefSpadManagement)
    VL53L0X_PerformSingleMeasurement         0x0800268f   Thumb Code    60  vl53l0x_api.o(i.VL53L0X_PerformSingleMeasurement)
    VL53L0X_PerformSingleRangingMeasurement  0x080026cb   Thumb Code    56  vl53l0x_api.o(i.VL53L0X_PerformSingleRangingMeasurement)
    VL53L0X_PollingDelay                     0x08002703   Thumb Code    26  vl53l0x_platform.o(i.VL53L0X_PollingDelay)
    VL53L0X_RdByte                           0x0800271d   Thumb Code    44  vl53l0x_platform.o(i.VL53L0X_RdByte)
    VL53L0X_RdDWord                          0x08002749   Thumb Code    44  vl53l0x_platform.o(i.VL53L0X_RdDWord)
    VL53L0X_RdWord                           0x08002775   Thumb Code    44  vl53l0x_platform.o(i.VL53L0X_RdWord)
    VL53L0X_ReadMulti                        0x080027a1   Thumb Code    54  vl53l0x_platform.o(i.VL53L0X_ReadMulti)
    VL53L0X_SetDeviceAddress                 0x080027d7   Thumb Code    36  vl53l0x_api.o(i.VL53L0X_SetDeviceAddress)
    VL53L0X_SetDeviceMode                    0x080027fb   Thumb Code    50  vl53l0x_api.o(i.VL53L0X_SetDeviceMode)
    VL53L0X_SetGpioConfig                    0x0800282d   Thumb Code   358  vl53l0x_api.o(i.VL53L0X_SetGpioConfig)
    VL53L0X_SetLimitCheckEnable              0x08002993   Thumb Code   194  vl53l0x_api.o(i.VL53L0X_SetLimitCheckEnable)
    VL53L0X_SetLimitCheckValue               0x08002a55   Thumb Code   118  vl53l0x_api.o(i.VL53L0X_SetLimitCheckValue)
    VL53L0X_SetMeasurementTimingBudgetMicroSeconds 0x08002acb   Thumb Code    22  vl53l0x_api.o(i.VL53L0X_SetMeasurementTimingBudgetMicroSeconds)
    VL53L0X_SetSequenceStepEnable            0x08002ae1   Thumb Code   196  vl53l0x_api.o(i.VL53L0X_SetSequenceStepEnable)
    VL53L0X_SetVcselPulsePeriod              0x08002ba5   Thumb Code    30  vl53l0x_api.o(i.VL53L0X_SetVcselPulsePeriod)
    VL53L0X_StartMeasurement                 0x08002bc3   Thumb Code   268  vl53l0x_api.o(i.VL53L0X_StartMeasurement)
    VL53L0X_StaticInit                       0x08002cd1   Thumb Code   410  vl53l0x_api.o(i.VL53L0X_StaticInit)
    VL53L0X_UpdateByte                       0x08002e71   Thumb Code    82  vl53l0x_platform.o(i.VL53L0X_UpdateByte)
    VL53L0X_WrByte                           0x08002ec3   Thumb Code    44  vl53l0x_platform.o(i.VL53L0X_WrByte)
    VL53L0X_WrWord                           0x08002eef   Thumb Code    44  vl53l0x_platform.o(i.VL53L0X_WrWord)
    VL53L0X_WriteMulti                       0x08002f1b   Thumb Code    60  vl53l0x_platform.o(i.VL53L0X_WriteMulti)
    VL53L0X_calc_dmax                        0x08002f59   Thumb Code   390  vl53l0x_api_core.o(i.VL53L0X_calc_dmax)
    VL53L0X_calc_macro_period_ps             0x080030e5   Thumb Code    22  vl53l0x_api_core.o(i.VL53L0X_calc_macro_period_ps)
    VL53L0X_calc_sigma_estimate              0x080030fd   Thumb Code   772  vl53l0x_api_core.o(i.VL53L0X_calc_sigma_estimate)
    VL53L0X_calc_timeout_mclks               0x0800340d   Thumb Code    52  vl53l0x_api_core.o(i.VL53L0X_calc_timeout_mclks)
    VL53L0X_calc_timeout_us                  0x08003441   Thumb Code    52  vl53l0x_api_core.o(i.VL53L0X_calc_timeout_us)
    VL53L0X_check_part_used                  0x08003475   Thumb Code    74  vl53l0x_api_strings.o(i.VL53L0X_check_part_used)
    VL53L0X_decode_timeout                   0x080034c5   Thumb Code    14  vl53l0x_api_core.o(i.VL53L0X_decode_timeout)
    VL53L0X_decode_vcsel_period              0x080034d3   Thumb Code    12  vl53l0x_api_core.o(i.VL53L0X_decode_vcsel_period)
    VL53L0X_device_read_strobe               0x080034df   Thumb Code    82  vl53l0x_api_core.o(i.VL53L0X_device_read_strobe)
    VL53L0X_encode_timeout                   0x08003531   Thumb Code    40  vl53l0x_api_core.o(i.VL53L0X_encode_timeout)
    VL53L0X_encode_vcsel_period              0x08003559   Thumb Code    14  vl53l0x_api_core.o(i.VL53L0X_encode_vcsel_period)
    VL53L0X_get_device_info                  0x08003569   Thumb Code   152  vl53l0x_api_strings.o(i.VL53L0X_get_device_info)
    VL53L0X_get_info_from_device             0x08003645   Thumb Code  1354  vl53l0x_api_core.o(i.VL53L0X_get_info_from_device)
    VL53L0X_get_measurement_timing_budget_micro_seconds 0x08003b8f   Thumb Code   238  vl53l0x_api_core.o(i.VL53L0X_get_measurement_timing_budget_micro_seconds)
    VL53L0X_get_offset_calibration_data_micro_meter 0x08003c7d   Thumb Code    86  vl53l0x_api_calibration.o(i.VL53L0X_get_offset_calibration_data_micro_meter)
    VL53L0X_get_pal_error_string             0x08003cd5   Thumb Code   298  vl53l0x_api_strings.o(i.VL53L0X_get_pal_error_string)
    VL53L0X_get_pal_range_status             0x08003fa1   Thumb Code   564  vl53l0x_api_core.o(i.VL53L0X_get_pal_range_status)
    VL53L0X_get_total_signal_rate            0x080041d5   Thumb Code    40  vl53l0x_api_core.o(i.VL53L0X_get_total_signal_rate)
    VL53L0X_get_total_xtalk_rate             0x080041fd   Thumb Code    58  vl53l0x_api_core.o(i.VL53L0X_get_total_xtalk_rate)
    VL53L0X_get_vcsel_pulse_period           0x08004237   Thumb Code    70  vl53l0x_api_core.o(i.VL53L0X_get_vcsel_pulse_period)
    VL53L0X_i2c_init                         0x0800427d   Thumb Code    46  vl53l0x_i2c.o(i.VL53L0X_i2c_init)
    VL53L0X_isqrt                            0x080042b1   Thumb Code    44  vl53l0x_api_core.o(i.VL53L0X_isqrt)
    VL53L0X_load_tuning_settings             0x080042dd   Thumb Code   234  vl53l0x_api_core.o(i.VL53L0X_load_tuning_settings)
    VL53L0X_measurement_poll_for_completion  0x080043c7   Thumb Code    66  vl53l0x_api_core.o(i.VL53L0X_measurement_poll_for_completion)
    VL53L0X_perform_phase_calibration        0x08004409   Thumb Code   124  vl53l0x_api_calibration.o(i.VL53L0X_perform_phase_calibration)
    VL53L0X_perform_ref_calibration          0x08004485   Thumb Code    76  vl53l0x_api_calibration.o(i.VL53L0X_perform_ref_calibration)
    VL53L0X_perform_ref_spad_management      0x080044d1   Thumb Code   658  vl53l0x_api_calibration.o(i.VL53L0X_perform_ref_spad_management)
    VL53L0X_perform_single_ref_calibration   0x08004763   Thumb Code    64  vl53l0x_api_calibration.o(i.VL53L0X_perform_single_ref_calibration)
    VL53L0X_perform_vhv_calibration          0x080047a3   Thumb Code   126  vl53l0x_api_calibration.o(i.VL53L0X_perform_vhv_calibration)
    VL53L0X_read_byte                        0x08004821   Thumb Code    32  vl53l0x_i2c.o(i.VL53L0X_read_byte)
    VL53L0X_read_dword                       0x08004841   Thumb Code    58  vl53l0x_i2c.o(i.VL53L0X_read_dword)
    VL53L0X_read_multi                       0x0800487b   Thumb Code    40  vl53l0x_i2c.o(i.VL53L0X_read_multi)
    VL53L0X_read_word                        0x080048a3   Thumb Code    42  vl53l0x_i2c.o(i.VL53L0X_read_word)
    VL53L0X_ref_calibration_io               0x080048cd   Thumb Code   176  vl53l0x_api_calibration.o(i.VL53L0X_ref_calibration_io)
    VL53L0X_set_measurement_timing_budget_micro_seconds 0x0800497d   Thumb Code   294  vl53l0x_api_core.o(i.VL53L0X_set_measurement_timing_budget_micro_seconds)
    VL53L0X_set_reference_spads              0x08004aa3   Thumb Code   194  vl53l0x_api_calibration.o(i.VL53L0X_set_reference_spads)
    VL53L0X_set_vcsel_pulse_period           0x08004b65   Thumb Code   766  vl53l0x_api_core.o(i.VL53L0X_set_vcsel_pulse_period)
    VL53L0X_write_byte                       0x08004e63   Thumb Code    26  vl53l0x_i2c.o(i.VL53L0X_write_byte)
    VL53L0X_write_multi                      0x08004e7d   Thumb Code    40  vl53l0x_i2c.o(i.VL53L0X_write_multi)
    VL53L0X_write_word                       0x08004ea5   Thumb Code    86  vl53l0x_i2c.o(i.VL53L0X_write_word)
    VL_IIC_Ack                               0x08004efd   Thumb Code    66  vl53l0x_i2c.o(i.VL_IIC_Ack)
    VL_IIC_NAck                              0x08004f4d   Thumb Code    66  vl53l0x_i2c.o(i.VL_IIC_NAck)
    VL_IIC_Read_Byte                         0x08004f9d   Thumb Code    98  vl53l0x_i2c.o(i.VL_IIC_Read_Byte)
    VL_IIC_Read_nByte                        0x0800500d   Thumb Code   106  vl53l0x_i2c.o(i.VL_IIC_Read_nByte)
    VL_IIC_Send_Byte                         0x08005079   Thumb Code   104  vl53l0x_i2c.o(i.VL_IIC_Send_Byte)
    VL_IIC_Start                             0x080050ed   Thumb Code    64  vl53l0x_i2c.o(i.VL_IIC_Start)
    VL_IIC_Stop                              0x08005139   Thumb Code    62  vl53l0x_i2c.o(i.VL_IIC_Stop)
    VL_IIC_Wait_Ack                          0x08005185   Thumb Code    86  vl53l0x_i2c.o(i.VL_IIC_Wait_Ack)
    VL_IIC_Write_nByte                       0x080051e9   Thumb Code    80  vl53l0x_i2c.o(i.VL_IIC_Write_nByte)
    __0printf                                0x08005239   Thumb Code    22  printfa.o(i.__0printf)
    __1printf                                0x08005239   Thumb Code     0  printfa.o(i.__0printf)
    __2printf                                0x08005239   Thumb Code     0  printfa.o(i.__0printf)
    __c89printf                              0x08005239   Thumb Code     0  printfa.o(i.__0printf)
    printf                                   0x08005239   Thumb Code     0  printfa.o(i.__0printf)
    __ARM_fpclassify                         0x08005259   Thumb Code    40  fpclassify.o(i.__ARM_fpclassify)
    __kernel_poly                            0x08005281   Thumb Code   170  poly.o(i.__kernel_poly)
    __mathlib_dbl_infnan                     0x0800532b   Thumb Code     6  dunder.o(i.__mathlib_dbl_infnan)
    __mathlib_dbl_infnan2                    0x08005331   Thumb Code     4  dunder.o(i.__mathlib_dbl_infnan2)
    __mathlib_dbl_invalid                    0x08005335   Thumb Code    12  dunder.o(i.__mathlib_dbl_invalid)
    __mathlib_dbl_underflow                  0x08005341   Thumb Code    10  dunder.o(i.__mathlib_dbl_underflow)
    __scatterload_copy                       0x08005351   Thumb Code    14  handlers.o(i.__scatterload_copy)
    __scatterload_null                       0x0800535f   Thumb Code     2  handlers.o(i.__scatterload_null)
    __scatterload_zeroinit                   0x08005361   Thumb Code    14  handlers.o(i.__scatterload_zeroinit)
    __set_errno                              0x08005371   Thumb Code     6  errno.o(i.__set_errno)
    asin                                     0x08005cb9   Thumb Code   572  asin.o(i.asin)
    atan                                     0x08005f29   Thumb Code   474  atan.o(i.atan)
    atan2                                    0x08006149   Thumb Code   346  atan2.o(i.atan2)
    dmp_enable_6x_lp_quat                    0x0800632d   Thumb Code    60  inv_mpu_dmp_motion_driver.o(i.dmp_enable_6x_lp_quat)
    dmp_enable_feature                       0x08006369   Thumb Code   530  inv_mpu_dmp_motion_driver.o(i.dmp_enable_feature)
    dmp_enable_gyro_cal                      0x08006585   Thumb Code    62  inv_mpu_dmp_motion_driver.o(i.dmp_enable_gyro_cal)
    dmp_enable_lp_quat                       0x080065dd   Thumb Code    60  inv_mpu_dmp_motion_driver.o(i.dmp_enable_lp_quat)
    dmp_load_motion_driver_firmware          0x08006619   Thumb Code    20  inv_mpu_dmp_motion_driver.o(i.dmp_load_motion_driver_firmware)
    dmp_read_fifo                            0x08006631   Thumb Code   456  inv_mpu_dmp_motion_driver.o(i.dmp_read_fifo)
    dmp_set_accel_bias                       0x080067fd   Thumb Code   300  inv_mpu_dmp_motion_driver.o(i.dmp_set_accel_bias)
    dmp_set_fifo_rate                        0x0800692d   Thumb Code    96  inv_mpu_dmp_motion_driver.o(i.dmp_set_fifo_rate)
    dmp_set_gyro_bias                        0x0800699d   Thumb Code   294  inv_mpu_dmp_motion_driver.o(i.dmp_set_gyro_bias)
    dmp_set_orientation                      0x08006acd   Thumb Code   290  inv_mpu_dmp_motion_driver.o(i.dmp_set_orientation)
    dmp_set_shake_reject_thresh              0x08006c05   Thumb Code    56  inv_mpu_dmp_motion_driver.o(i.dmp_set_shake_reject_thresh)
    dmp_set_shake_reject_time                0x08006c3d   Thumb Code    38  inv_mpu_dmp_motion_driver.o(i.dmp_set_shake_reject_time)
    dmp_set_shake_reject_timeout             0x08006c63   Thumb Code    38  inv_mpu_dmp_motion_driver.o(i.dmp_set_shake_reject_timeout)
    dmp_set_tap_axes                         0x08006c89   Thumb Code    70  inv_mpu_dmp_motion_driver.o(i.dmp_set_tap_axes)
    dmp_set_tap_count                        0x08006ccf   Thumb Code    38  inv_mpu_dmp_motion_driver.o(i.dmp_set_tap_count)
    dmp_set_tap_thresh                       0x08006cf5   Thumb Code   396  inv_mpu_dmp_motion_driver.o(i.dmp_set_tap_thresh)
    dmp_set_tap_time                         0x08006e95   Thumb Code    38  inv_mpu_dmp_motion_driver.o(i.dmp_set_tap_time)
    dmp_set_tap_time_multi                   0x08006ebb   Thumb Code    38  inv_mpu_dmp_motion_driver.o(i.dmp_set_tap_time_multi)
    enable_ref_spads                         0x08006ee1   Thumb Code   172  vl53l0x_api_calibration.o(i.enable_ref_spads)
    enable_spad_bit                          0x08006f8d   Thumb Code    50  vl53l0x_api_calibration.o(i.enable_spad_bit)
    fputc                                    0x08006fc1   Thumb Code    24  ec_usart.o(i.fputc)
    get_next_good_spad                       0x08007091   Thumb Code   104  vl53l0x_api_calibration.o(i.get_next_good_spad)
    get_ref_spad_map                         0x080070f9   Thumb Code    24  vl53l0x_api_calibration.o(i.get_ref_spad_map)
    get_sequence_step_timeout                0x08007111   Thumb Code   290  vl53l0x_api_core.o(i.get_sequence_step_timeout)
    i2cRead                                  0x080077b5   Thumb Code   118  ioi2c_1.o(i.i2cRead)
    i2cWrite                                 0x0800782b   Thumb Code    96  ioi2c_1.o(i.i2cWrite)
    is_aperture                              0x08007901   Thumb Code    18  vl53l0x_api_calibration.o(i.is_aperture)
    main                                     0x08007919   Thumb Code   366  main.o(i.main)
    malloc                                   0x08007b39   Thumb Code    92  malloc.o(i.malloc)
    mpu_configure_fifo                       0x08007ba5   Thumb Code   106  inv_mpu.o(i.mpu_configure_fifo)
    mpu_get_accel_fsr                        0x08007c15   Thumb Code    72  inv_mpu.o(i.mpu_get_accel_fsr)
    mpu_get_accel_sens                       0x08007c61   Thumb Code    78  inv_mpu.o(i.mpu_get_accel_sens)
    mpu_get_fifo_config                      0x08007cb5   Thumb Code    12  inv_mpu.o(i.mpu_get_fifo_config)
    mpu_get_gyro_fsr                         0x08007cc5   Thumb Code    64  inv_mpu.o(i.mpu_get_gyro_fsr)
    mpu_get_gyro_sens                        0x08007d09   Thumb Code    58  inv_mpu.o(i.mpu_get_gyro_sens)
    mpu_get_lpf                              0x08007d59   Thumb Code    74  inv_mpu.o(i.mpu_get_lpf)
    mpu_get_sample_rate                      0x08007da9   Thumb Code    26  inv_mpu.o(i.mpu_get_sample_rate)
    mpu_init                                 0x08007dc9   Thumb Code   416  inv_mpu.o(i.mpu_init)
    mpu_load_firmware                        0x08007fb9   Thumb Code   180  inv_mpu.o(i.mpu_load_firmware)
    mpu_lp_accel_mode                        0x08008071   Thumb Code   218  inv_mpu.o(i.mpu_lp_accel_mode)
    mpu_read_fifo_stream                     0x08008151   Thumb Code   186  inv_mpu.o(i.mpu_read_fifo_stream)
    mpu_read_mem                             0x08008211   Thumb Code   122  inv_mpu.o(i.mpu_read_mem)
    mpu_reset_fifo                           0x08008291   Thumb Code   438  inv_mpu.o(i.mpu_reset_fifo)
    mpu_run_self_test                        0x0800844d   Thumb Code   278  inv_mpu.o(i.mpu_run_self_test)
    mpu_set_accel_fsr                        0x08008569   Thumb Code   126  inv_mpu.o(i.mpu_set_accel_fsr)
    mpu_set_bypass                           0x080085ed   Thumb Code   328  inv_mpu.o(i.mpu_set_bypass)
    mpu_set_dmp_state                        0x08008739   Thumb Code   138  inv_mpu.o(i.mpu_set_dmp_state)
    mpu_set_gyro_fsr                         0x080087c9   Thumb Code   132  inv_mpu.o(i.mpu_set_gyro_fsr)
    mpu_set_int_latched                      0x08008851   Thumb Code   102  inv_mpu.o(i.mpu_set_int_latched)
    mpu_set_lpf                              0x080088bd   Thumb Code   126  inv_mpu.o(i.mpu_set_lpf)
    mpu_set_sample_rate                      0x08008941   Thumb Code   152  inv_mpu.o(i.mpu_set_sample_rate)
    mpu_set_sensors                          0x080089dd   Thumb Code   202  inv_mpu.o(i.mpu_set_sensors)
    mpu_write_mem                            0x08008aad   Thumb Code   122  inv_mpu.o(i.mpu_write_mem)
    myget_ms                                 0x08008b2d   Thumb Code     2  inv_mpu.o(i.myget_ms)
    perform_ref_signal_measurement           0x08008b2f   Thumb Code   110  vl53l0x_api_calibration.o(i.perform_ref_signal_measurement)
    print_pal_error                          0x08008b9d   Thumb Code    28  vl53l0x.o(i.print_pal_error)
    sequence_step_enabled                    0x08008c8d   Thumb Code    72  vl53l0x_api.o(i.sequence_step_enabled)
    set_ref_spad_map                         0x08008d65   Thumb Code    24  vl53l0x_api_calibration.o(i.set_ref_spad_map)
    set_sequence_step_timeout                0x08008d7d   Thumb Code   306  vl53l0x_api_core.o(i.set_sequence_step_timeout)
    sqrt                                     0x08008eaf   Thumb Code    76  sqrt.o(i.sqrt)
    vl53l0x_Addr_set                         0x08008efd   Thumb Code   150  vl53l0x.o(i.vl53l0x_Addr_set)
    vl53l0x_info                             0x08008fa1   Thumb Code    70  vl53l0x.o(i.vl53l0x_info)
    vl53l0x_info2                            0x080090a5   Thumb Code    70  vl53l0x.o(i.vl53l0x_info2)
    vl53l0x_init                             0x080091a9   Thumb Code   180  vl53l0x.o(i.vl53l0x_init)
    vl53l0x_init_2                           0x0800927d   Thumb Code   198  vl53l0x.o(i.vl53l0x_init_2)
    vl53l0x_set_mode                         0x08009369   Thumb Code   292  vl53l0x_gen.o(i.vl53l0x_set_mode)
    hw                                       0x08009490   Data          12  inv_mpu.o(.constdata)
    reg                                      0x0800949c   Data          27  inv_mpu.o(.constdata)
    test                                     0x080094b8   Data          40  inv_mpu.o(.constdata)
    __mathlib_zero                           0x0800a1c0   Data           8  qnan.o(.constdata)
    Region$$Table$$Base                      0x0800a218   Number         0  anon$$obj.o(Region$$Table)
    Region$$Table$$Limit                     0x0800a238   Number         0  anon$$obj.o(Region$$Table)
    USART_RX_STA                             0x20000004   Data           2  ec_usart.o(.data)
    __stdout                                 0x20000008   Data           4  ec_usart.o(.data)
    SystemCoreClock                          0x20000010   Data           4  system_stm32f10x.o(.data)
    AHBPrescTable                            0x20000014   Data          16  system_stm32f10x.o(.data)
    Va                                       0x20000024   Data           4  control.o(.data)
    Vb                                       0x20000028   Data           4  control.o(.data)
    Vc                                       0x2000002c   Data           4  control.o(.data)
    Pitch                                    0x20000030   Data           4  control.o(.data)
    Roll                                     0x20000034   Data           4  control.o(.data)
    Yaw                                      0x20000038   Data           4  control.o(.data)
    gyro                                     0x2000007c   Data           6  mpu6050.o(.data)
    accel                                    0x20000082   Data           6  mpu6050.o(.data)
    sensors                                  0x20000088   Data           2  mpu6050.o(.data)
    q0                                       0x2000008c   Data           4  mpu6050.o(.data)
    q1                                       0x20000090   Data           4  mpu6050.o(.data)
    q2                                       0x20000094   Data           4  mpu6050.o(.data)
    q3                                       0x20000098   Data           4  mpu6050.o(.data)
    Gx_offset                                0x200000a6   Data           2  mpu6050.o(.data)
    Gy_offset                                0x200000a8   Data           2  mpu6050.o(.data)
    Gz_offset                                0x200000aa   Data           2  mpu6050.o(.data)
    DefaultTuningSettings                    0x200000ac   Data         243  vl53l0x_api.o(.data)
    InterruptThresholdSettings               0x2000019f   Data         438  vl53l0x_api.o(.data)
    refArrayQuadrants                        0x20000358   Data          16  vl53l0x_api_calibration.o(.data)
    AjustOK                                  0x20000368   Data           1  vl53l0x.o(.data)
    Mode_data                                0x20000369   Data          56  vl53l0x.o(.data)
    AlarmModes                               0x200003a4   Data          12  vl53l0x_it.o(.data)
    alarm_flag                               0x200003b0   Data           1  vl53l0x_it.o(.data)
    __microlib_freelist                      0x200003b4   Data           4  mvars.o(.data)
    __microlib_freelist_initialised          0x200003b8   Data           4  mvars.o(.data)
    USART_RX_BUF                             0x200003c0   Data         200  ec_usart.o(.bss)
    vl53l0x_dev                              0x20000498   Data         352  vl53l0x.o(.bss)
    vl53l0x_dev2                             0x200005f8   Data         352  vl53l0x.o(.bss)
    vl53l0x_dev3                             0x20000758   Data         352  vl53l0x.o(.bss)
    vl53l0x_dev_info                         0x200008b8   Data          99  vl53l0x.o(.bss)
    vl53l0x_dev_info2                        0x2000091b   Data          99  vl53l0x.o(.bss)
    vl53l0x_dev_info3                        0x2000097e   Data          99  vl53l0x.o(.bss)
    vl53l0x_data                             0x200009e4   Data          28  vl53l0x_gen.o(.bss)
    vl53l0x_data2                            0x20000a00   Data          28  vl53l0x_gen.o(.bss)
    vl53l0x_data3                            0x20000a1c   Data          28  vl53l0x_gen.o(.bss)
    __heap_base                              0x20000a58   Data           0  startup_stm32f10x_hd.o(HEAP)
    __heap_limit                             0x20000c58   Data           0  startup_stm32f10x_hd.o(HEAP)
    __initial_sp                             0x20001058   Data           0  startup_stm32f10x_hd.o(STACK)



==============================================================================

Memory Map of the image

  Image Entry point : 0x08000131

  Load Region LR_IROM1 (Base: 0x08000000, Size: 0x0000a5f8, Max: 0x00040000, ABSOLUTE, COMPRESSED[0x0000a524])

    Execution Region ER_IROM1 (Base: 0x08000000, Size: 0x0000a238, Max: 0x00040000, ABSOLUTE)

    Base Addr    Size         Type   Attr      Idx    E Section Name        Object

    0x08000000   0x00000130   Data   RO            3    RESET               startup_stm32f10x_hd.o
    0x08000130   0x00000000   Code   RO         4996  * .ARM.Collect$$$$00000000  mc_w.l(entry.o)
    0x08000130   0x00000004   Code   RO         5375    .ARM.Collect$$$$00000001  mc_w.l(entry2.o)
    0x08000134   0x00000004   Code   RO         5378    .ARM.Collect$$$$00000004  mc_w.l(entry5.o)
    0x08000138   0x00000000   Code   RO         5380    .ARM.Collect$$$$00000008  mc_w.l(entry7b.o)
    0x08000138   0x00000000   Code   RO         5382    .ARM.Collect$$$$0000000A  mc_w.l(entry8b.o)
    0x08000138   0x00000008   Code   RO         5383    .ARM.Collect$$$$0000000B  mc_w.l(entry9a.o)
    0x08000140   0x00000000   Code   RO         5385    .ARM.Collect$$$$0000000D  mc_w.l(entry10a.o)
    0x08000140   0x00000000   Code   RO         5387    .ARM.Collect$$$$0000000F  mc_w.l(entry11a.o)
    0x08000140   0x00000004   Code   RO         5376    .ARM.Collect$$$$00002712  mc_w.l(entry2.o)
    0x08000144   0x00000024   Code   RO            4    .text               startup_stm32f10x_hd.o
    0x08000168   0x00000062   Code   RO         4999    .text               mc_w.l(ldiv.o)
    0x080001ca   0x00000024   Code   RO         5001    .text               mc_w.l(memcpya.o)
    0x080001ee   0x00000024   Code   RO         5003    .text               mc_w.l(memseta.o)
    0x08000212   0x0000001a   Code   RO         5005    .text               mc_w.l(memcmp.o)
    0x0800022c   0x00000012   Code   RO         5007    .text               mc_w.l(strcpy.o)
    0x0800023e   0x000000b0   Code   RO         5300    .text               mf_w.l(fadd.o)
    0x080002ee   0x00000064   Code   RO         5302    .text               mf_w.l(fmul.o)
    0x08000352   0x0000007c   Code   RO         5304    .text               mf_w.l(fdiv.o)
    0x080003ce   0x0000014e   Code   RO         5306    .text               mf_w.l(dadd.o)
    0x0800051c   0x000000e4   Code   RO         5308    .text               mf_w.l(dmul.o)
    0x08000600   0x000000de   Code   RO         5310    .text               mf_w.l(ddiv.o)
    0x080006de   0x00000012   Code   RO         5312    .text               mf_w.l(fflti.o)
    0x080006f0   0x0000000a   Code   RO         5314    .text               mf_w.l(ffltui.o)
    0x080006fa   0x00000032   Code   RO         5318    .text               mf_w.l(ffixi.o)
    0x0800072c   0x00000028   Code   RO         5320    .text               mf_w.l(ffixui.o)
    0x08000754   0x00000026   Code   RO         5324    .text               mf_w.l(f2d.o)
    0x0800077a   0x00000038   Code   RO         5326    .text               mf_w.l(d2f.o)
    0x080007b2   0x00000002   PAD
    0x080007b4   0x00000014   Code   RO         5328    .text               mf_w.l(cfcmple.o)
    0x080007c8   0x00000014   Code   RO         5330    .text               mf_w.l(cfrcmple.o)
    0x080007dc   0x0000002c   Code   RO         5389    .text               mc_w.l(uidiv.o)
    0x08000808   0x00000062   Code   RO         5391    .text               mc_w.l(uldiv.o)
    0x0800086a   0x0000001e   Code   RO         5393    .text               mc_w.l(llshl.o)
    0x08000888   0x00000020   Code   RO         5395    .text               mc_w.l(llushr.o)
    0x080008a8   0x00000024   Code   RO         5397    .text               mc_w.l(llsshr.o)
    0x080008cc   0x00000000   Code   RO         5408    .text               mc_w.l(iusefp.o)
    0x080008cc   0x0000006e   Code   RO         5409    .text               mf_w.l(fepilogue.o)
    0x0800093a   0x000000ba   Code   RO         5411    .text               mf_w.l(depilogue.o)
    0x080009f4   0x0000002e   Code   RO         5413    .text               mf_w.l(dscalb.o)
    0x08000a22   0x000000a2   Code   RO         5415    .text               mf_w.l(dsqrt.o)
    0x08000ac4   0x00000030   Code   RO         5417    .text               mf_w.l(dfixul.o)
    0x08000af4   0x00000030   Code   RO         5421    .text               mf_w.l(cdrcmple.o)
    0x08000b24   0x00000024   Code   RO         5423    .text               mc_w.l(init.o)
    0x08000b48   0x00000056   Code   RO         5435    .text               mc_w.l(__dczerorl2.o)
    0x08000b9e   0x00000004   Code   RO          566    i.BusFault_Handler  stm32f10x_it.o
    0x08000ba2   0x00000002   PAD
    0x08000ba4   0x00000030   Code   RO          987    i.CreateStack       stack.o
    0x08000bd4   0x00000214   Code   RO         3311    i.DMP_Init          mpu6050.o
    0x08000de8   0x00000002   Code   RO          567    i.DebugMon_Handler  stm32f10x_it.o
    0x08000dea   0x00000002   PAD
    0x08000dec   0x00000044   Code   RO          470    i.Delay_Initialize  ec_delay.o
    0x08000e30   0x0000004c   Code   RO          471    i.Delay_ms          ec_delay.o
    0x08000e7c   0x0000004c   Code   RO          472    i.Delay_us          ec_delay.o
    0x08000ec8   0x00000028   Code   RO         4916    i.EXTI4_IRQHandler  vl53l0x_it.o
    0x08000ef0   0x0000000c   Code   RO         2449    i.EXTI_ClearITPendingBit  stm32f10x_exti.o
    0x08000efc   0x00000116   Code   RO         1364    i.GPIO_Init         stm32f10x_gpio.o
    0x08001012   0x00000004   Code   RO         1371    i.GPIO_ResetBits    stm32f10x_gpio.o
    0x08001016   0x00000004   Code   RO         1372    i.GPIO_SetBits      stm32f10x_gpio.o
    0x0800101a   0x00000004   Code   RO          568    i.HardFault_Handler  stm32f10x_it.o
    0x0800101e   0x00000046   Code   RO         3191    i.I2C_ReadOneByte   ioi2c_1.o
    0x08001064   0x0000004c   Code   RO         3192    i.IIC_Ack           ioi2c_1.o
    0x080010b0   0x0000002c   Code   RO         3193    i.IIC_Init          ioi2c_1.o
    0x080010dc   0x0000004c   Code   RO         3194    i.IIC_NAck          ioi2c_1.o
    0x08001128   0x00000070   Code   RO         3195    i.IIC_Read_Byte     ioi2c_1.o
    0x08001198   0x00000064   Code   RO         3196    i.IIC_Send_Byte     ioi2c_1.o
    0x080011fc   0x00000068   Code   RO         3197    i.IIC_Start         ioi2c_1.o
    0x08001264   0x00000048   Code   RO         3198    i.IIC_Stop          ioi2c_1.o
    0x080012ac   0x00000068   Code   RO         3199    i.IIC_Wait_Ack      ioi2c_1.o
    0x08001314   0x00000016   Code   RO         3200    i.IICreadByte       ioi2c_1.o
    0x0800132a   0x00000040   Code   RO         3202    i.IICwriteBit       ioi2c_1.o
    0x0800136a   0x0000006a   Code   RO         3203    i.IICwriteBits      ioi2c_1.o
    0x080013d4   0x00000014   Code   RO         3204    i.IICwriteByte      ioi2c_1.o
    0x080013e8   0x00000046   Code   RO         3205    i.IICwriteBytes     ioi2c_1.o
    0x0800142e   0x00000002   PAD
    0x08001430   0x0000002c   Code   RO          208    i.Led_Initialize    ec_led.o
    0x0800145c   0x00000024   Code   RO          209    i.Led_On            ec_led.o
    0x08001480   0x00000028   Code   RO         3313    i.MPU6050_initialize  mpu6050.o
    0x080014a8   0x00000014   Code   RO         3315    i.MPU6050_setClockSource  mpu6050.o
    0x080014bc   0x00000014   Code   RO         3316    i.MPU6050_setFullScaleAccelRange  mpu6050.o
    0x080014d0   0x00000014   Code   RO         3317    i.MPU6050_setFullScaleGyroRange  mpu6050.o
    0x080014e4   0x00000012   Code   RO         3318    i.MPU6050_setI2CBypassEnabled  mpu6050.o
    0x080014f6   0x00000012   Code   RO         3319    i.MPU6050_setI2CMasterModeEnabled  mpu6050.o
    0x08001508   0x00000012   Code   RO         3320    i.MPU6050_setSleepEnabled  mpu6050.o
    0x0800151a   0x00000004   Code   RO          569    i.MemManage_Handler  stm32f10x_it.o
    0x0800151e   0x00000002   PAD
    0x08001520   0x00000020   Code   RO          245    i.Motor_EnableDriver  ec_motor.o
    0x08001540   0x00000050   Code   RO          246    i.Motor_Initialize  ec_motor.o
    0x08001590   0x00000002   Code   RO          570    i.NMI_Handler       stm32f10x_it.o
    0x08001592   0x00000002   PAD
    0x08001594   0x00000070   Code   RO         1175    i.NVIC_Init         misc.o
    0x08001604   0x00000014   Code   RO         1176    i.NVIC_PriorityGroupConfig  misc.o
    0x08001618   0x00000038   Code   RO         4727    i.One_measurement   vl53l0x.o
    0x08001650   0x0000003c   Code   RO         4728    i.One_measurement2  vl53l0x.o
    0x0800168c   0x00000002   Code   RO          571    i.PendSV_Handler    stm32f10x_it.o
    0x0800168e   0x00000002   PAD
    0x08001690   0x00000020   Code   RO         2048    i.RCC_APB2PeriphClockCmd  stm32f10x_rcc.o
    0x080016b0   0x000000d4   Code   RO         2056    i.RCC_GetClocksFreq  stm32f10x_rcc.o
    0x08001784   0x0000025c   Code   RO         3322    i.Read_DMP          mpu6050.o
    0x080019e0   0x00000002   Code   RO          572    i.SVC_Handler       stm32f10x_it.o
    0x080019e2   0x00000008   Code   RO          520    i.SetSysClock       system_stm32f10x.o
    0x080019ea   0x00000002   PAD
    0x080019ec   0x000000e0   Code   RO          521    i.SetSysClockTo72   system_stm32f10x.o
    0x08001acc   0x00000028   Code   RO         1179    i.SysTick_CLKSourceConfig  misc.o
    0x08001af4   0x00000002   Code   RO          573    i.SysTick_Handler   stm32f10x_it.o
    0x08001af6   0x00000002   PAD
    0x08001af8   0x00000060   Code   RO          523    i.SystemInit        system_stm32f10x.o
    0x08001b58   0x00000024   Code   RO          350    i.TIM2_IRQHandler   ec_timer.o
    0x08001b7c   0x00000006   Code   RO         1495    i.TIM_ClearITPendingBit  stm32f10x_tim.o
    0x08001b82   0x00000002   PAD
    0x08001b84   0x00000088   Code   RO          417    i.USART1_IRQHandler  ec_usart.o
    0x08001c0c   0x00000018   Code   RO         2260    i.USART_Cmd         stm32f10x_usart.o
    0x08001c24   0x00000054   Code   RO         2264    i.USART_GetITStatus  stm32f10x_usart.o
    0x08001c78   0x0000004a   Code   RO         2266    i.USART_ITConfig    stm32f10x_usart.o
    0x08001cc2   0x00000002   PAD
    0x08001cc4   0x000000d8   Code   RO         2267    i.USART_Init        stm32f10x_usart.o
    0x08001d9c   0x0000000a   Code   RO         2274    i.USART_ReceiveData  stm32f10x_usart.o
    0x08001da6   0x00000002   PAD
    0x08001da8   0x000000a0   Code   RO          418    i.Uart1_Initialize  ec_usart.o
    0x08001e48   0x00000004   Code   RO          574    i.UsageFault_Handler  stm32f10x_it.o
    0x08001e4c   0x00000084   Code   RO         3458    i.VL53L0X_CheckAndLoadInterruptSettings  vl53l0x_api.o
    0x08001ed0   0x00000052   Code   RO         3459    i.VL53L0X_ClearInterruptMask  vl53l0x_api.o
    0x08001f22   0x00000002   PAD
    0x08001f24   0x000001ac   Code   RO         3460    i.VL53L0X_DataInit  vl53l0x_api.o
    0x080020d0   0x00000016   Code   RO         3464    i.VL53L0X_GetDeviceInfo  vl53l0x_api.o
    0x080020e6   0x0000000a   Code   RO         3465    i.VL53L0X_GetDeviceMode  vl53l0x_api.o
    0x080020f0   0x000000a0   Code   RO         3466    i.VL53L0X_GetDeviceParameters  vl53l0x_api.o
    0x08002190   0x00000022   Code   RO         3468    i.VL53L0X_GetFractionEnable  vl53l0x_api.o
    0x080021b2   0x0000003e   Code   RO         3472    i.VL53L0X_GetInterMeasurementPeriodMilliSeconds  vl53l0x_api.o
    0x080021f0   0x00000030   Code   RO         3473    i.VL53L0X_GetInterruptMaskStatus  vl53l0x_api.o
    0x08002220   0x00000042   Code   RO         3474    i.VL53L0X_GetInterruptThresholds  vl53l0x_api.o
    0x08002262   0x0000001c   Code   RO         3476    i.VL53L0X_GetLimitCheckEnable  vl53l0x_api.o
    0x0800227e   0x000000b6   Code   RO         3479    i.VL53L0X_GetLimitCheckValue  vl53l0x_api.o
    0x08002334   0x00000056   Code   RO         3482    i.VL53L0X_GetMeasurementDataReady  vl53l0x_api.o
    0x0800238a   0x00000016   Code   RO         3484    i.VL53L0X_GetMeasurementTimingBudgetMicroSeconds  vl53l0x_api.o
    0x080023a0   0x00000016   Code   RO         3488    i.VL53L0X_GetOffsetCalibrationDataMicroMeter  vl53l0x_api.o
    0x080023b6   0x00000016   Code   RO         3489    i.VL53L0X_GetPalErrorString  vl53l0x_api.o
    0x080023cc   0x0000016e   Code   RO         3496    i.VL53L0X_GetRangingMeasurementData  vl53l0x_api.o
    0x0800253a   0x00000076   Code   RO         3500    i.VL53L0X_GetSequenceStepEnables  vl53l0x_api.o
    0x080025b0   0x0000001e   Code   RO         3509    i.VL53L0X_GetVcselPulsePeriod  vl53l0x_api.o
    0x080025ce   0x0000003e   Code   RO         3511    i.VL53L0X_GetWrapAroundCheckEnable  vl53l0x_api.o
    0x0800260c   0x0000000c   Code   RO         3512    i.VL53L0X_GetXTalkCompensationEnable  vl53l0x_api.o
    0x08002618   0x00000038   Code   RO         3513    i.VL53L0X_GetXTalkCompensationRateMegaCps  vl53l0x_api.o
    0x08002650   0x00000020   Code   RO         3515    i.VL53L0X_PerformRefCalibration  vl53l0x_api.o
    0x08002670   0x0000001e   Code   RO         3516    i.VL53L0X_PerformRefSpadManagement  vl53l0x_api.o
    0x0800268e   0x0000003c   Code   RO         3518    i.VL53L0X_PerformSingleMeasurement  vl53l0x_api.o
    0x080026ca   0x00000038   Code   RO         3519    i.VL53L0X_PerformSingleRangingMeasurement  vl53l0x_api.o
    0x08002702   0x0000001a   Code   RO         4649    i.VL53L0X_PollingDelay  vl53l0x_platform.o
    0x0800271c   0x0000002c   Code   RO         4650    i.VL53L0X_RdByte    vl53l0x_platform.o
    0x08002748   0x0000002c   Code   RO         4651    i.VL53L0X_RdDWord   vl53l0x_platform.o
    0x08002774   0x0000002c   Code   RO         4652    i.VL53L0X_RdWord    vl53l0x_platform.o
    0x080027a0   0x00000036   Code   RO         4653    i.VL53L0X_ReadMulti  vl53l0x_platform.o
    0x080027d6   0x00000024   Code   RO         3523    i.VL53L0X_SetDeviceAddress  vl53l0x_api.o
    0x080027fa   0x00000032   Code   RO         3524    i.VL53L0X_SetDeviceMode  vl53l0x_api.o
    0x0800282c   0x00000166   Code   RO         3527    i.VL53L0X_SetGpioConfig  vl53l0x_api.o
    0x08002992   0x000000c2   Code   RO         3532    i.VL53L0X_SetLimitCheckEnable  vl53l0x_api.o
    0x08002a54   0x00000076   Code   RO         3533    i.VL53L0X_SetLimitCheckValue  vl53l0x_api.o
    0x08002aca   0x00000016   Code   RO         3535    i.VL53L0X_SetMeasurementTimingBudgetMicroSeconds  vl53l0x_api.o
    0x08002ae0   0x000000c4   Code   RO         3542    i.VL53L0X_SetSequenceStepEnable  vl53l0x_api.o
    0x08002ba4   0x0000001e   Code   RO         3547    i.VL53L0X_SetVcselPulsePeriod  vl53l0x_api.o
    0x08002bc2   0x0000010c   Code   RO         3551    i.VL53L0X_StartMeasurement  vl53l0x_api.o
    0x08002cce   0x00000002   PAD
    0x08002cd0   0x000001a0   Code   RO         3552    i.VL53L0X_StaticInit  vl53l0x_api.o
    0x08002e70   0x00000052   Code   RO         4654    i.VL53L0X_UpdateByte  vl53l0x_platform.o
    0x08002ec2   0x0000002c   Code   RO         4655    i.VL53L0X_WrByte    vl53l0x_platform.o
    0x08002eee   0x0000002c   Code   RO         4657    i.VL53L0X_WrWord    vl53l0x_platform.o
    0x08002f1a   0x0000003c   Code   RO         4658    i.VL53L0X_WriteMulti  vl53l0x_platform.o
    0x08002f56   0x00000002   PAD
    0x08002f58   0x0000018c   Code   RO         4259    i.VL53L0X_calc_dmax  vl53l0x_api_core.o
    0x080030e4   0x00000016   Code   RO         4260    i.VL53L0X_calc_macro_period_ps  vl53l0x_api_core.o
    0x080030fa   0x00000002   PAD
    0x080030fc   0x00000310   Code   RO         4261    i.VL53L0X_calc_sigma_estimate  vl53l0x_api_core.o
    0x0800340c   0x00000034   Code   RO         4262    i.VL53L0X_calc_timeout_mclks  vl53l0x_api_core.o
    0x08003440   0x00000034   Code   RO         4263    i.VL53L0X_calc_timeout_us  vl53l0x_api_core.o
    0x08003474   0x00000050   Code   RO         4445    i.VL53L0X_check_part_used  vl53l0x_api_strings.o
    0x080034c4   0x0000000e   Code   RO         4264    i.VL53L0X_decode_timeout  vl53l0x_api_core.o
    0x080034d2   0x0000000c   Code   RO         4265    i.VL53L0X_decode_vcsel_period  vl53l0x_api_core.o
    0x080034de   0x00000052   Code   RO         4266    i.VL53L0X_device_read_strobe  vl53l0x_api_core.o
    0x08003530   0x00000028   Code   RO         4267    i.VL53L0X_encode_timeout  vl53l0x_api_core.o
    0x08003558   0x0000000e   Code   RO         4268    i.VL53L0X_encode_vcsel_period  vl53l0x_api_core.o
    0x08003566   0x00000002   PAD
    0x08003568   0x000000dc   Code   RO         4447    i.VL53L0X_get_device_info  vl53l0x_api_strings.o
    0x08003644   0x0000054a   Code   RO         4269    i.VL53L0X_get_info_from_device  vl53l0x_api_core.o
    0x08003b8e   0x000000ee   Code   RO         4270    i.VL53L0X_get_measurement_timing_budget_micro_seconds  vl53l0x_api_core.o
    0x08003c7c   0x00000056   Code   RO         4101    i.VL53L0X_get_offset_calibration_data_micro_meter  vl53l0x_api_calibration.o
    0x08003cd2   0x00000002   PAD
    0x08003cd4   0x000002cc   Code   RO         4449    i.VL53L0X_get_pal_error_string  vl53l0x_api_strings.o
    0x08003fa0   0x00000234   Code   RO         4271    i.VL53L0X_get_pal_range_status  vl53l0x_api_core.o
    0x080041d4   0x00000028   Code   RO         4272    i.VL53L0X_get_total_signal_rate  vl53l0x_api_core.o
    0x080041fc   0x0000003a   Code   RO         4273    i.VL53L0X_get_total_xtalk_rate  vl53l0x_api_core.o
    0x08004236   0x00000046   Code   RO         4274    i.VL53L0X_get_vcsel_pulse_period  vl53l0x_api_core.o
    0x0800427c   0x00000034   Code   RO         4511    i.VL53L0X_i2c_init  vl53l0x_i2c.o
    0x080042b0   0x0000002c   Code   RO         4275    i.VL53L0X_isqrt     vl53l0x_api_core.o
    0x080042dc   0x000000ea   Code   RO         4276    i.VL53L0X_load_tuning_settings  vl53l0x_api_core.o
    0x080043c6   0x00000042   Code   RO         4277    i.VL53L0X_measurement_poll_for_completion  vl53l0x_api_core.o
    0x08004408   0x0000007c   Code   RO         4105    i.VL53L0X_perform_phase_calibration  vl53l0x_api_calibration.o
    0x08004484   0x0000004c   Code   RO         4106    i.VL53L0X_perform_ref_calibration  vl53l0x_api_calibration.o
    0x080044d0   0x00000292   Code   RO         4107    i.VL53L0X_perform_ref_spad_management  vl53l0x_api_calibration.o
    0x08004762   0x00000040   Code   RO         4108    i.VL53L0X_perform_single_ref_calibration  vl53l0x_api_calibration.o
    0x080047a2   0x0000007e   Code   RO         4109    i.VL53L0X_perform_vhv_calibration  vl53l0x_api_calibration.o
    0x08004820   0x00000020   Code   RO         4512    i.VL53L0X_read_byte  vl53l0x_i2c.o
    0x08004840   0x0000003a   Code   RO         4513    i.VL53L0X_read_dword  vl53l0x_i2c.o
    0x0800487a   0x00000028   Code   RO         4514    i.VL53L0X_read_multi  vl53l0x_i2c.o
    0x080048a2   0x0000002a   Code   RO         4515    i.VL53L0X_read_word  vl53l0x_i2c.o
    0x080048cc   0x000000b0   Code   RO         4111    i.VL53L0X_ref_calibration_io  vl53l0x_api_calibration.o
    0x0800497c   0x00000126   Code   RO         4280    i.VL53L0X_set_measurement_timing_budget_micro_seconds  vl53l0x_api_core.o
    0x08004aa2   0x000000c2   Code   RO         4114    i.VL53L0X_set_reference_spads  vl53l0x_api_calibration.o
    0x08004b64   0x000002fe   Code   RO         4281    i.VL53L0X_set_vcsel_pulse_period  vl53l0x_api_core.o
    0x08004e62   0x0000001a   Code   RO         4516    i.VL53L0X_write_byte  vl53l0x_i2c.o
    0x08004e7c   0x00000028   Code   RO         4518    i.VL53L0X_write_multi  vl53l0x_i2c.o
    0x08004ea4   0x00000056   Code   RO         4519    i.VL53L0X_write_word  vl53l0x_i2c.o
    0x08004efa   0x00000002   PAD
    0x08004efc   0x00000050   Code   RO         4520    i.VL_IIC_Ack        vl53l0x_i2c.o
    0x08004f4c   0x00000050   Code   RO         4521    i.VL_IIC_NAck       vl53l0x_i2c.o
    0x08004f9c   0x00000070   Code   RO         4523    i.VL_IIC_Read_Byte  vl53l0x_i2c.o
    0x0800500c   0x0000006a   Code   RO         4524    i.VL_IIC_Read_nByte  vl53l0x_i2c.o
    0x08005076   0x00000002   PAD
    0x08005078   0x00000074   Code   RO         4525    i.VL_IIC_Send_Byte  vl53l0x_i2c.o
    0x080050ec   0x0000004c   Code   RO         4526    i.VL_IIC_Start      vl53l0x_i2c.o
    0x08005138   0x0000004c   Code   RO         4527    i.VL_IIC_Stop       vl53l0x_i2c.o
    0x08005184   0x00000064   Code   RO         4528    i.VL_IIC_Wait_Ack   vl53l0x_i2c.o
    0x080051e8   0x00000050   Code   RO         4530    i.VL_IIC_Write_nByte  vl53l0x_i2c.o
    0x08005238   0x00000020   Code   RO         5244    i.__0printf         mc_w.l(printfa.o)
    0x08005258   0x00000028   Code   RO         5359    i.__ARM_fpclassify  m_ws.l(fpclassify.o)
    0x08005280   0x000000aa   Code   RO         5361    i.__kernel_poly     m_ws.l(poly.o)
    0x0800532a   0x00000006   Code   RO         5346    i.__mathlib_dbl_infnan  m_ws.l(dunder.o)
    0x08005330   0x00000004   Code   RO         5347    i.__mathlib_dbl_infnan2  m_ws.l(dunder.o)
    0x08005334   0x0000000c   Code   RO         5348    i.__mathlib_dbl_invalid  m_ws.l(dunder.o)
    0x08005340   0x00000010   Code   RO         5351    i.__mathlib_dbl_underflow  m_ws.l(dunder.o)
    0x08005350   0x0000000e   Code   RO         5429    i.__scatterload_copy  mc_w.l(handlers.o)
    0x0800535e   0x00000002   Code   RO         5430    i.__scatterload_null  mc_w.l(handlers.o)
    0x08005360   0x0000000e   Code   RO         5431    i.__scatterload_zeroinit  mc_w.l(handlers.o)
    0x0800536e   0x00000002   PAD
    0x08005370   0x0000000c   Code   RO         5403    i.__set_errno       mc_w.l(errno.o)
    0x0800537c   0x00000164   Code   RO         5251    i._fp_digits        mc_w.l(printfa.o)
    0x080054e0   0x000006dc   Code   RO         5252    i._printf_core      mc_w.l(printfa.o)
    0x08005bbc   0x00000024   Code   RO         5253    i._printf_post_padding  mc_w.l(printfa.o)
    0x08005be0   0x0000002e   Code   RO         5254    i._printf_pre_padding  mc_w.l(printfa.o)
    0x08005c0e   0x00000002   PAD
    0x08005c10   0x000000a8   Code   RO         2702    i.accel_self_test   inv_mpu.o
    0x08005cb8   0x00000270   Code   RO         4955    i.asin              m_ws.l(asin.o)
    0x08005f28   0x00000220   Code   RO         5333    i.atan              m_ws.l(atan.o)
    0x08006148   0x00000180   Code   RO         4965    i.atan2             m_ws.l(atan2.o)
    0x080062c8   0x00000064   Code   RO         3003    i.decode_gesture    inv_mpu_dmp_motion_driver.o
    0x0800632c   0x0000003c   Code   RO         3004    i.dmp_enable_6x_lp_quat  inv_mpu_dmp_motion_driver.o
    0x08006368   0x0000021c   Code   RO         3005    i.dmp_enable_feature  inv_mpu_dmp_motion_driver.o
    0x08006584   0x00000058   Code   RO         3006    i.dmp_enable_gyro_cal  inv_mpu_dmp_motion_driver.o
    0x080065dc   0x0000003c   Code   RO         3007    i.dmp_enable_lp_quat  inv_mpu_dmp_motion_driver.o
    0x08006618   0x00000018   Code   RO         3012    i.dmp_load_motion_driver_firmware  inv_mpu_dmp_motion_driver.o
    0x08006630   0x000001cc   Code   RO         3013    i.dmp_read_fifo     inv_mpu_dmp_motion_driver.o
    0x080067fc   0x00000130   Code   RO         3016    i.dmp_set_accel_bias  inv_mpu_dmp_motion_driver.o
    0x0800692c   0x00000070   Code   RO         3017    i.dmp_set_fifo_rate  inv_mpu_dmp_motion_driver.o
    0x0800699c   0x00000130   Code   RO         3018    i.dmp_set_gyro_bias  inv_mpu_dmp_motion_driver.o
    0x08006acc   0x00000138   Code   RO         3020    i.dmp_set_orientation  inv_mpu_dmp_motion_driver.o
    0x08006c04   0x00000038   Code   RO         3023    i.dmp_set_shake_reject_thresh  inv_mpu_dmp_motion_driver.o
    0x08006c3c   0x00000026   Code   RO         3024    i.dmp_set_shake_reject_time  inv_mpu_dmp_motion_driver.o
    0x08006c62   0x00000026   Code   RO         3025    i.dmp_set_shake_reject_timeout  inv_mpu_dmp_motion_driver.o
    0x08006c88   0x00000046   Code   RO         3026    i.dmp_set_tap_axes  inv_mpu_dmp_motion_driver.o
    0x08006cce   0x00000026   Code   RO         3027    i.dmp_set_tap_count  inv_mpu_dmp_motion_driver.o
    0x08006cf4   0x000001a0   Code   RO         3028    i.dmp_set_tap_thresh  inv_mpu_dmp_motion_driver.o
    0x08006e94   0x00000026   Code   RO         3029    i.dmp_set_tap_time  inv_mpu_dmp_motion_driver.o
    0x08006eba   0x00000026   Code   RO         3030    i.dmp_set_tap_time_multi  inv_mpu_dmp_motion_driver.o
    0x08006ee0   0x000000ac   Code   RO         4116    i.enable_ref_spads  vl53l0x_api_calibration.o
    0x08006f8c   0x00000032   Code   RO         4117    i.enable_spad_bit   vl53l0x_api_calibration.o
    0x08006fbe   0x00000002   PAD
    0x08006fc0   0x0000001c   Code   RO          420    i.fputc             ec_usart.o
    0x08006fdc   0x000000b4   Code   RO         2703    i.get_accel_prod_shift  inv_mpu.o
    0x08007090   0x00000068   Code   RO         4118    i.get_next_good_spad  vl53l0x_api_calibration.o
    0x080070f8   0x00000018   Code   RO         4119    i.get_ref_spad_map  vl53l0x_api_calibration.o
    0x08007110   0x00000122   Code   RO         4282    i.get_sequence_step_timeout  vl53l0x_api_core.o
    0x08007232   0x00000002   PAD
    0x08007234   0x00000470   Code   RO         2704    i.get_st_biases     inv_mpu.o
    0x080076a4   0x00000110   Code   RO         2705    i.gyro_self_test    inv_mpu.o
    0x080077b4   0x00000076   Code   RO         3206    i.i2cRead           ioi2c_1.o
    0x0800782a   0x00000060   Code   RO         3207    i.i2cWrite          ioi2c_1.o
    0x0800788a   0x00000028   Code   RO         3324    i.inv_orientation_matrix_to_scalar  mpu6050.o
    0x080078b2   0x0000004e   Code   RO         3325    i.inv_row_2_scale   mpu6050.o
    0x08007900   0x00000018   Code   RO         4120    i.is_aperture       vl53l0x_api_calibration.o
    0x08007918   0x00000220   Code   RO           13    i.main              main.o
    0x08007b38   0x0000006c   Code   RO         5273    i.malloc            mc_w.l(malloc.o)
    0x08007ba4   0x00000070   Code   RO         2706    i.mpu_configure_fifo  inv_mpu.o
    0x08007c14   0x0000004c   Code   RO         2707    i.mpu_get_accel_fsr  inv_mpu.o
    0x08007c60   0x00000054   Code   RO         2709    i.mpu_get_accel_sens  inv_mpu.o
    0x08007cb4   0x00000010   Code   RO         2714    i.mpu_get_fifo_config  inv_mpu.o
    0x08007cc4   0x00000044   Code   RO         2715    i.mpu_get_gyro_fsr  inv_mpu.o
    0x08007d08   0x00000050   Code   RO         2717    i.mpu_get_gyro_sens  inv_mpu.o
    0x08007d58   0x00000050   Code   RO         2719    i.mpu_get_lpf       inv_mpu.o
    0x08007da8   0x00000020   Code   RO         2721    i.mpu_get_sample_rate  inv_mpu.o
    0x08007dc8   0x000001f0   Code   RO         2723    i.mpu_init          inv_mpu.o
    0x08007fb8   0x000000b8   Code   RO         2724    i.mpu_load_firmware  inv_mpu.o
    0x08008070   0x000000e0   Code   RO         2725    i.mpu_lp_accel_mode  inv_mpu.o
    0x08008150   0x000000c0   Code   RO         2728    i.mpu_read_fifo_stream  inv_mpu.o
    0x08008210   0x00000080   Code   RO         2729    i.mpu_read_mem      inv_mpu.o
    0x08008290   0x000001bc   Code   RO         2732    i.mpu_reset_fifo    inv_mpu.o
    0x0800844c   0x0000011c   Code   RO         2733    i.mpu_run_self_test  inv_mpu.o
    0x08008568   0x00000084   Code   RO         2735    i.mpu_set_accel_fsr  inv_mpu.o
    0x080085ec   0x0000014c   Code   RO         2736    i.mpu_set_bypass    inv_mpu.o
    0x08008738   0x00000090   Code   RO         2738    i.mpu_set_dmp_state  inv_mpu.o
    0x080087c8   0x00000088   Code   RO         2739    i.mpu_set_gyro_fsr  inv_mpu.o
    0x08008850   0x0000006c   Code   RO         2740    i.mpu_set_int_latched  inv_mpu.o
    0x080088bc   0x00000084   Code   RO         2742    i.mpu_set_lpf       inv_mpu.o
    0x08008940   0x0000009c   Code   RO         2743    i.mpu_set_sample_rate  inv_mpu.o
    0x080089dc   0x000000d0   Code   RO         2744    i.mpu_set_sensors   inv_mpu.o
    0x08008aac   0x00000080   Code   RO         2745    i.mpu_write_mem     inv_mpu.o
    0x08008b2c   0x00000002   Code   RO         2746    i.myget_ms          inv_mpu.o
    0x08008b2e   0x0000006e   Code   RO         4121    i.perform_ref_signal_measurement  vl53l0x_api_calibration.o
    0x08008b9c   0x00000034   Code   RO         4731    i.print_pal_error   vl53l0x.o
    0x08008bd0   0x000000bc   Code   RO         3326    i.run_self_test     mpu6050.o
    0x08008c8c   0x00000048   Code   RO         3556    i.sequence_step_enabled  vl53l0x_api.o
    0x08008cd4   0x00000090   Code   RO         2747    i.set_int_enable    inv_mpu.o
    0x08008d64   0x00000018   Code   RO         4122    i.set_ref_spad_map  vl53l0x_api_calibration.o
    0x08008d7c   0x00000132   Code   RO         4283    i.set_sequence_step_timeout  vl53l0x_api_core.o
    0x08008eae   0x0000004c   Code   RO         4989    i.sqrt              m_ws.l(sqrt.o)
    0x08008efa   0x00000002   PAD
    0x08008efc   0x000000a4   Code   RO         4732    i.vl53l0x_Addr_set  vl53l0x.o
    0x08008fa0   0x00000104   Code   RO         4733    i.vl53l0x_info      vl53l0x.o
    0x080090a4   0x00000104   Code   RO         4734    i.vl53l0x_info2     vl53l0x.o
    0x080091a8   0x000000d4   Code   RO         4736    i.vl53l0x_init      vl53l0x.o
    0x0800927c   0x000000ec   Code   RO         4737    i.vl53l0x_init_2    vl53l0x.o
    0x08009368   0x00000128   Code   RO         4869    i.vl53l0x_set_mode  vl53l0x_gen.o
    0x08009490   0x00000050   Data   RO         2748    .constdata          inv_mpu.o
    0x080094e0   0x00000bf6   Data   RO         3032    .constdata          inv_mpu_dmp_motion_driver.o
    0x0800a0d6   0x00000002   PAD
    0x0800a0d8   0x00000050   Data   RO         4956    .constdata          m_ws.l(asin.o)
    0x0800a128   0x00000098   Data   RO         5334    .constdata          m_ws.l(atan.o)
    0x0800a1c0   0x00000008   Data   RO         5363    .constdata          m_ws.l(qnan.o)
    0x0800a1c8   0x0000004e   Data   RO         2749    .conststring        inv_mpu.o
    0x0800a216   0x00000002   PAD
    0x0800a218   0x00000020   Data   RO         5427    Region$$Table       anon$$obj.o


    Execution Region RW_IRAM1 (Base: 0x20000000, Size: 0x00001058, Max: 0x0000c000, ABSOLUTE, COMPRESSED[0x000002ec])

    Base Addr    Size         Type   Attr      Idx    E Section Name        Object

    0x20000000   0x00000001   Data   RW          353    .data               ec_timer.o
    0x20000001   0x00000003   PAD
    0x20000004   0x00000008   Data   RW          422    .data               ec_usart.o
    0x2000000c   0x00000004   Data   RW          475    .data               ec_delay.o
    0x20000010   0x00000014   Data   RW          524    .data               system_stm32f10x.o
    0x20000024   0x00000018   Data   RW         1061    .data               control.o
    0x2000003c   0x00000014   Data   RW         2076    .data               stm32f10x_rcc.o
    0x20000050   0x0000002c   Data   RW         2750    .data               inv_mpu.o
    0x2000007c   0x00000030   Data   RW         3328    .data               mpu6050.o
    0x200000ac   0x000002a9   Data   RW         3557    .data               vl53l0x_api.o
    0x20000355   0x00000003   PAD
    0x20000358   0x00000010   Data   RW         4123    .data               vl53l0x_api_calibration.o
    0x20000368   0x00000039   Data   RW         4741    .data               vl53l0x.o
    0x200003a1   0x00000003   PAD
    0x200003a4   0x0000000d   Data   RW         4919    .data               vl53l0x_it.o
    0x200003b1   0x00000003   PAD
    0x200003b4   0x00000004   Data   RW         5399    .data               mc_w.l(mvars.o)
    0x200003b8   0x00000004   Data   RW         5400    .data               mc_w.l(mvars.o)
    0x200003bc   0x00000004   Data   RW         5404    .data               mc_w.l(errno.o)
    0x200003c0   0x000000c8   Zero   RW          421    .bss                ec_usart.o
    0x20000488   0x00000010   Zero   RW         3031    .bss                inv_mpu_dmp_motion_driver.o
    0x20000498   0x00000549   Zero   RW         4740    .bss                vl53l0x.o
    0x200009e1   0x00000003   PAD
    0x200009e4   0x00000074   Zero   RW         4871    .bss                vl53l0x_gen.o
    0x20000a58   0x00000200   Zero   RW            2    HEAP                startup_stm32f10x_hd.o
    0x20000c58   0x00000400   Zero   RW            1    STACK               startup_stm32f10x_hd.o


==============================================================================

Image component sizes


      Code (inc. data)   RO Data    RW Data    ZI Data      Debug   Object Name

         0          0          0         24          0        334   control.o
       220         26          0          4          0       1625   ec_delay.o
        80         10          0          0          0        942   ec_led.o
       112         14          0          0          0       1060   ec_motor.o
        36          4          0          1          0        466   ec_timer.o
       324         26          0          8        200       9807   ec_usart.o
      5878        280        158         44          0      25122   inv_mpu.o
      3096        122       3062          0         16      19306   inv_mpu_dmp_motion_driver.o
      1254         96          0          0          0       9519   ioi2c_1.o
       544        178          0          0          0     264871   main.o
       172         22          0          0          0       1981   misc.o
      1596        416          0         48          0      29773   mpu6050.o
        48         18          0          0          0        858   stack.o
        36          8        304          0       1536        820   startup_stm32f10x_hd.o
        12          6          0          0          0        481   stm32f10x_exti.o
       286          0          0          0          0       2940   stm32f10x_gpio.o
        26          0          0          0          0       3758   stm32f10x_it.o
       244         26          0         20          0       3805   stm32f10x_rcc.o
         6          0          0          0          0       1056   stm32f10x_tim.o
       408          6          0          0          0       4794   stm32f10x_usart.o
       328         28          0         20          0       2157   system_stm32f10x.o
      1300        540          0         57       1353       6596   vl53l0x.o
      3988         62          0        681          0      29472   vl53l0x_api.o
      2012          6          0         16          0      14439   vl53l0x_api_calibration.o
      5792         18          0          0          0      27083   vl53l0x_api_core.o
      1016        500          0          0          0       3115   vl53l0x_api_strings.o
       296          4          0          0        116       1864   vl53l0x_gen.o
      1202        100          0          0          0      11034   vl53l0x_i2c.o
        40         18          0         13          0       1331   vl53l0x_it.o
       442          0          0          0          0       6751   vl53l0x_platform.o

    ----------------------------------------------------------------------
     30836       2534       3560        948       3224     487160   Object Totals
         0          0         32          0          0          0   (incl. Generated)
        42          0          4         12          3          0   (incl. Padding)

    ----------------------------------------------------------------------

      Code (inc. data)   RO Data    RW Data    ZI Data      Debug   Library Member Name

       624         52         80          0          0        168   asin.o
       544         70        152          0          0        124   atan.o
       384         38          0          0          0        144   atan2.o
        38          6          0          0          0        272   dunder.o
        40          0          0          0          0         68   fpclassify.o
       170          0          0          0          0         96   poly.o
         0          0          8          0          0          0   qnan.o
        76          0          0          0          0         84   sqrt.o
        86          0          0          0          0          0   __dczerorl2.o
         0          0          0          0          0          0   entry.o
         0          0          0          0          0          0   entry10a.o
         0          0          0          0          0          0   entry11a.o
         8          4          0          0          0          0   entry2.o
         4          0          0          0          0          0   entry5.o
         0          0          0          0          0          0   entry7b.o
         0          0          0          0          0          0   entry8b.o
         8          4          0          0          0          0   entry9a.o
        12          6          0          4          0         68   errno.o
        30          0          0          0          0          0   handlers.o
        36          8          0          0          0         68   init.o
         0          0          0          0          0          0   iusefp.o
        98          0          0          0          0         84   ldiv.o
        30          0          0          0          0         68   llshl.o
        36          0          0          0          0         68   llsshr.o
        32          0          0          0          0         68   llushr.o
       108         16          0          0          0         84   malloc.o
        26          0          0          0          0         80   memcmp.o
        36          0          0          0          0         68   memcpya.o
        36          0          0          0          0        108   memseta.o
         0          0          0          8          0          0   mvars.o
      2226         90          0          0          0        444   printfa.o
        18          0          0          0          0         68   strcpy.o
        44          0          0          0          0         80   uidiv.o
        98          0          0          0          0         92   uldiv.o
        48          0          0          0          0         68   cdrcmple.o
        20          0          0          0          0         68   cfcmple.o
        20          0          0          0          0         68   cfrcmple.o
        56          0          0          0          0         88   d2f.o
       334          0          0          0          0        148   dadd.o
       222          0          0          0          0        100   ddiv.o
       186          0          0          0          0        176   depilogue.o
        48          0          0          0          0         68   dfixul.o
       228          0          0          0          0         96   dmul.o
        46          0          0          0          0         80   dscalb.o
       162          0          0          0          0        100   dsqrt.o
        38          0          0          0          0         68   f2d.o
       176          0          0          0          0        140   fadd.o
       124          0          0          0          0         88   fdiv.o
       110          0          0          0          0        168   fepilogue.o
        50          0          0          0          0         68   ffixi.o
        40          0          0          0          0         68   ffixui.o
        18          0          0          0          0         68   fflti.o
        10          0          0          0          0         68   ffltui.o
       100          0          0          0          0         76   fmul.o

    ----------------------------------------------------------------------
      6892        294        240         12          0       4276   Library Totals
         8          0          0          0          0          0   (incl. Padding)

    ----------------------------------------------------------------------

      Code (inc. data)   RO Data    RW Data    ZI Data      Debug   Library Name

      1876        166        240          0          0        956   m_ws.l
      2972        128          0         12          0       1448   mc_w.l
      2036          0          0          0          0       1872   mf_w.l

    ----------------------------------------------------------------------
      6892        294        240         12          0       4276   Library Totals

    ----------------------------------------------------------------------

==============================================================================


      Code (inc. data)   RO Data    RW Data    ZI Data      Debug   

     37728       2828       3800        960       3224     477524   Grand Totals
     37728       2828       3800        748       3224     477524   ELF Image Totals (compressed)
     37728       2828       3800        748          0          0   ROM Totals

==============================================================================

    Total RO  Size (Code + RO Data)                41528 (  40.55kB)
    Total RW  Size (RW Data + ZI Data)              4184 (   4.09kB)
    Total ROM Size (Code + RO Data + RW Data)      42276 (  41.29kB)

==============================================================================

