<html>
<body>
<pre>
<h1>µVision Build Log</h1>
<h2>Tool Versions:</h2>
IDE-Version: ¦ÌVision V5.14.0.0
Copyright (C) 2015 ARM Ltd and ARM Germany GmbH. All rights reserved.
License Information: 11 1 111, 222222, LIC=IC9TG-VQ51W-GNJA5-GFKSY-98MHL-H5FCX
 
Tool Versions:
Toolchain:       MDK-ARM Professional  Version: 5.14.0.0
Toolchain Path:  C:\Keil_v5\ARM\ARMCC\Bin
C Compiler:      Armcc.exe V5.05 update 1 (build 106)
Assembler:       Armasm.exe V5.05 update 1 (build 106)
Linker/Locator:  ArmLink.exe V5.05 update 1 (build 106)
Library Manager: ArmAr.exe V5.05 update 1 (build 106)
Hex Converter:   FromElf.exe V5.05 update 1 (build 106)
CPU DLL:         SARMCM3.DLL V5.14.0.0
Dialog DLL:      DCM.DLL V1.13.1.0
Target DLL:      UL2CM3.DLL V1.155.0.0
Dialog DLL:      TCM.DLL V1.14.4.0
 
<h2>Project:</h2>
C:\Users\wujinfa\Desktop\car\carV5\car-master\Project\Car.uvprojx
Project File Date:  04/18/2019

<h2>Output:</h2>
Build target 'Target 1'
compiling main.c...
..\User\main.c(41): warning:  #177-D: variable "d1" was declared but never referenced
        int d1,d2,d3;
..\User\main.c(41): warning:  #177-D: variable "d2" was declared but never referenced
        int d1,d2,d3;
..\User\main.c(41): warning:  #177-D: variable "d3" was declared but never referenced
        int d1,d2,d3;
..\User\main.c(42): warning:  #177-D: variable "t" was declared but never referenced
    int t=0;
..\User\main.c(43): warning:  #177-D: variable "datatemp" was declared but never referenced
        u8 datatemp[SIZE];
..\User\main.c: 5 warnings, 0 errors
linking...
Program Size: Code=37728 RO-data=3800 RW-data=960 ZI-data=3224  
FromELF: creating hex file...
".\Objects\Car.axf" - 0 Error(s), 5 Warning(s).

<h2>Collection of Component include folders:</h2>
  C:\Users\wujinfa\Desktop\car\carV5\car-master\Project\RTE
  C:\Keil_v5\ARM\PACK\Keil\STM32F1xx_DFP\2.3.0

<h2>Collection of Component Files used:</h2>
</pre>
</body>
</html>
